OpenJDK 64-Bit Server VM (25.272-b10) for linux-amd64 JRE (1.8.0_272-8u272-b10-0ubuntu1~18.04-b10), built on Oct 26 2020 02:23:20 by "buildd" with gcc 7.5.0
Memory: 4k page, physical 8162560k(3160676k free), swap 2097148k(2097148k free)
CommandLine flags: -XX:InitialHeapSize=536870912 -XX:MaxHeapSize=536870912 -XX:MaxNewSize=178958336 -XX:MaxTenuringThreshold=6 -XX:NewSize=178958336 -XX:OldPLABSize=16 -XX:OldSize=357912576 -XX:+PrintGC -XX:+PrintGCDetails -XX:+PrintGCTimeStamps -XX:+UseCompressedClassPointers -XX:+UseCompressedOops -XX:+UseConcMarkSweepGC -XX:+UseParNewGC 
0.127: [GC (Allocation Failure) 0.127: [ParNew: 139746K->17472K(157248K), 0.0084782 secs] 139746K->40403K(506816K), 0.0085665 secs] [Times: user=0.02 sys=0.02, real=0.01 secs] 
0.155: [GC (Allocation Failure) 0.155: [ParNew: 157248K->17471K(157248K), 0.0133072 secs] 180179K->86719K(506816K), 0.0134032 secs] [Times: user=0.02 sys=0.02, real=0.01 secs] 
0.189: [GC (Allocation Failure) 0.189: [ParNew: 157247K->17472K(157248K), 0.0222874 secs] 226495K->126466K(506816K), 0.0223810 secs] [Times: user=0.07 sys=0.01, real=0.03 secs] 
0.232: [GC (Allocation Failure) 0.232: [ParNew: 157246K->17468K(157248K), 0.0227499 secs] 266241K->171392K(506816K), 0.0228421 secs] [Times: user=0.08 sys=0.01, real=0.02 secs] 
0.273: [GC (Allocation Failure) 0.273: [ParNew: 157244K->17472K(157248K), 0.0228620 secs] 311168K->216147K(506816K), 0.0229568 secs] [Times: user=0.07 sys=0.02, real=0.02 secs] 
0.297: [GC (CMS Initial Mark) [1 CMS-initial-mark: 198675K(349568K)] 219290K(506816K), 0.0008553 secs] [Times: user=0.00 sys=0.00, real=0.00 secs] 
0.298: [CMS-concurrent-mark-start]
0.304: [CMS-concurrent-mark: 0.006/0.006 secs] [Times: user=0.01 sys=0.01, real=0.01 secs] 
0.304: [CMS-concurrent-preclean-start]
0.304: [CMS-concurrent-preclean: 0.000/0.000 secs] [Times: user=0.00 sys=0.00, real=0.00 secs] 
0.304: [CMS-concurrent-abortable-preclean-start]
0.317: [GC (Allocation Failure) 0.318: [ParNew0.405: [CMS-concurrent-abortable-preclean: 0.000/0.100 secs] [Times: user=0.23 sys=0.12, real=0.10 secs] 
: 157248K->17471K(157248K), 0.1066188 secs] 355923K->261231K(506816K), 0.1067548 secs] [Times: user=0.27 sys=0.14, real=0.11 secs] 
0.425: [GC (CMS Final Remark) [YG occupancy: 20404 K (157248 K)]0.425: [Rescan (parallel) , 0.0010221 secs]0.426: [weak refs processing, 0.0000063 secs]0.426: [class unloading, 0.0002089 secs]0.426: [scrub symbol table, 0.0003133 secs]0.426: [scrub string table, 0.0001545 secs][1 CMS-remark: 243759K(349568K)] 264163K(506816K), 0.0017880 secs] [Times: user=0.01 sys=0.00, real=0.00 secs] 
0.427: [CMS-concurrent-sweep-start]
0.427: [CMS-concurrent-sweep: 0.001/0.001 secs] [Times: user=0.00 sys=0.00, real=0.00 secs] 
0.427: [CMS-concurrent-reset-start]
0.432: [CMS-concurrent-reset: 0.005/0.005 secs] [Times: user=0.00 sys=0.01, real=0.01 secs] 
0.448: [GC (Allocation Failure) 0.448: [ParNew: 157247K->17472K(157248K), 0.0110518 secs] 356783K->260981K(506816K), 0.0111405 secs] [Times: user=0.03 sys=0.00, real=0.01 secs] 
0.460: [GC (CMS Initial Mark) [1 CMS-initial-mark: 243509K(349568K)] 264530K(506816K), 0.0003285 secs] [Times: user=0.00 sys=0.00, real=0.00 secs] 
0.460: [CMS-concurrent-mark-start]
0.463: [CMS-concurrent-mark: 0.002/0.002 secs] [Times: user=0.01 sys=0.00, real=0.00 secs] 
0.463: [CMS-concurrent-preclean-start]
0.463: [CMS-concurrent-preclean: 0.000/0.000 secs] [Times: user=0.00 sys=0.00, real=0.00 secs] 
0.463: [CMS-concurrent-abortable-preclean-start]
0.477: [GC (Allocation Failure) 0.477: [ParNew: 157248K->17472K(157248K), 0.0239527 secs] 400757K->307477K(506816K), 0.0240382 secs] [Times: user=0.07 sys=0.02, real=0.02 secs] 
0.518: [GC (Allocation Failure) 0.518: [ParNew: 157248K->17469K(157248K), 0.0263714 secs] 447253K->357632K(506816K), 0.0264685 secs] [Times: user=0.09 sys=0.01, real=0.03 secs] 
0.544: [CMS-concurrent-abortable-preclean: 0.002/0.081 secs] [Times: user=0.19 sys=0.03, real=0.09 secs] 
0.545: [GC (CMS Final Remark) [YG occupancy: 20667 K (157248 K)]0.545: [Rescan (parallel) , 0.0007842 secs]0.546: [weak refs processing, 0.0000065 secs]0.546: [class unloading, 0.0001976 secs]0.546: [scrub symbol table, 0.0002278 secs]0.546: [scrub string table, 0.0000776 secs][1 CMS-remark: 340162K(349568K)] 360829K(506816K), 0.0013502 secs] [Times: user=0.00 sys=0.00, real=0.00 secs] 
0.546: [CMS-concurrent-sweep-start]
0.547: [CMS-concurrent-sweep: 0.001/0.001 secs] [Times: user=0.01 sys=0.00, real=0.00 secs] 
0.547: [CMS-concurrent-reset-start]
0.548: [CMS-concurrent-reset: 0.001/0.001 secs] [Times: user=0.00 sys=0.00, real=0.00 secs] 
0.565: [GC (Allocation Failure) 0.565: [ParNew: 157245K->17467K(157248K), 0.0097239 secs] 453548K->356104K(506816K), 0.0098245 secs] [Times: user=0.03 sys=0.01, real=0.01 secs] 
0.576: [GC (CMS Initial Mark) [1 CMS-initial-mark: 338636K(349568K)] 359579K(506816K), 0.0004484 secs] [Times: user=0.00 sys=0.00, real=0.00 secs] 
0.576: [CMS-concurrent-mark-start]
0.579: [CMS-concurrent-mark: 0.003/0.003 secs] [Times: user=0.00 sys=0.00, real=0.00 secs] 
0.579: [CMS-concurrent-preclean-start]
0.579: [CMS-concurrent-preclean: 0.000/0.000 secs] [Times: user=0.01 sys=0.00, real=0.00 secs] 
0.579: [CMS-concurrent-abortable-preclean-start]
0.579: [CMS-concurrent-abortable-preclean: 0.000/0.000 secs] [Times: user=0.00 sys=0.00, real=0.00 secs] 
0.580: [GC (CMS Final Remark) [YG occupancy: 39422 K (157248 K)]0.580: [Rescan (parallel) , 0.0012120 secs]0.581: [weak refs processing, 0.0000136 secs]0.581: [class unloading, 0.0002060 secs]0.581: [scrub symbol table, 0.0002718 secs]0.581: [scrub string table, 0.0000817 secs][1 CMS-remark: 338636K(349568K)] 378058K(506816K), 0.0018698 secs] [Times: user=0.00 sys=0.00, real=0.00 secs] 
0.582: [CMS-concurrent-sweep-start]
0.582: [CMS-concurrent-sweep: 0.001/0.001 secs] [Times: user=0.00 sys=0.00, real=0.00 secs] 
0.583: [CMS-concurrent-reset-start]
0.583: [CMS-concurrent-reset: 0.000/0.000 secs] [Times: user=0.00 sys=0.00, real=0.00 secs] 
0.598: [GC (Allocation Failure) 0.598: [ParNew: 157243K->17469K(157248K), 0.0098795 secs] 419207K->323734K(506816K), 0.0099763 secs] [Times: user=0.03 sys=0.00, real=0.01 secs] 
0.609: [GC (CMS Initial Mark) [1 CMS-initial-mark: 306265K(349568K)] 326618K(506816K), 0.0003428 secs] [Times: user=0.00 sys=0.00, real=0.00 secs] 
0.609: [CMS-concurrent-mark-start]
0.612: [CMS-concurrent-mark: 0.002/0.002 secs] [Times: user=0.00 sys=0.00, real=0.01 secs] 
0.612: [CMS-concurrent-preclean-start]
0.612: [CMS-concurrent-preclean: 0.000/0.000 secs] [Times: user=0.01 sys=0.00, real=0.00 secs] 
0.612: [CMS-concurrent-abortable-preclean-start]
0.631: [GC (Allocation Failure) 0.631: [ParNew: 156857K->156857K(157248K), 0.0000185 secs]0.631: [CMS0.631: [CMS-concurrent-abortable-preclean: 0.000/0.019 secs] [Times: user=0.01 sys=0.00, real=0.01 secs] 
 (concurrent mode failure): 306265K->296614K(349568K), 0.0481885 secs] 463122K->296614K(506816K), [Metaspace: 2827K->2827K(1056768K)], 0.0483666 secs] [Times: user=0.05 sys=0.00, real=0.05 secs] 
0.701: [GC (Allocation Failure) 0.702: [ParNew: 139776K->17471K(157248K), 0.0089584 secs] 436390K->345167K(506816K), 0.0090474 secs] [Times: user=0.03 sys=0.00, real=0.01 secs] 
0.711: [GC (CMS Initial Mark) [1 CMS-initial-mark: 327696K(349568K)] 345511K(506816K), 0.0004904 secs] [Times: user=0.00 sys=0.00, real=0.00 secs] 
0.711: [CMS-concurrent-mark-start]
0.714: [CMS-concurrent-mark: 0.003/0.003 secs] [Times: user=0.01 sys=0.00, real=0.01 secs] 
0.714: [CMS-concurrent-preclean-start]
0.715: [CMS-concurrent-preclean: 0.000/0.000 secs] [Times: user=0.00 sys=0.00, real=0.00 secs] 
0.715: [CMS-concurrent-abortable-preclean-start]
0.715: [CMS-concurrent-abortable-preclean: 0.000/0.000 secs] [Times: user=0.00 sys=0.00, real=0.00 secs] 
0.715: [GC (CMS Final Remark) [YG occupancy: 40716 K (157248 K)]0.715: [Rescan (parallel) , 0.0046659 secs]0.720: [weak refs processing, 0.0000116 secs]0.720: [class unloading, 0.0002462 secs]0.720: [scrub symbol table, 0.0002511 secs]0.721: [scrub string table, 0.0000858 secs][1 CMS-remark: 327696K(349568K)] 368413K(506816K), 0.0053945 secs] [Times: user=0.00 sys=0.00, real=0.00 secs] 
0.721: [CMS-concurrent-sweep-start]
0.721: [CMS-concurrent-sweep: 0.001/0.001 secs] [Times: user=0.00 sys=0.00, real=0.00 secs] 
0.721: [CMS-concurrent-reset-start]
0.722: [CMS-concurrent-reset: 0.000/0.000 secs] [Times: user=0.00 sys=0.00, real=0.00 secs] 
0.737: [GC (Allocation Failure) 0.737: [ParNew: 156789K->17468K(157248K), 0.0090691 secs] 444485K->345140K(506816K), 0.0091720 secs] [Times: user=0.03 sys=0.00, real=0.01 secs] 
0.746: [GC (CMS Initial Mark) [1 CMS-initial-mark: 327672K(349568K)] 348655K(506816K), 0.0003739 secs] [Times: user=0.00 sys=0.00, real=0.00 secs] 
0.746: [CMS-concurrent-mark-start]
0.750: [CMS-concurrent-mark: 0.003/0.003 secs] [Times: user=0.00 sys=0.00, real=0.00 secs] 
0.750: [CMS-concurrent-preclean-start]
0.750: [CMS-concurrent-preclean: 0.000/0.000 secs] [Times: user=0.00 sys=0.00, real=0.00 secs] 
0.750: [CMS-concurrent-abortable-preclean-start]
0.750: [CMS-concurrent-abortable-preclean: 0.000/0.000 secs] [Times: user=0.00 sys=0.00, real=0.00 secs] 
0.751: [GC (CMS Final Remark) [YG occupancy: 49373 K (157248 K)]0.751: [Rescan (parallel) , 0.0017662 secs]0.752: [weak refs processing, 0.0000079 secs]0.752: [class unloading, 0.0004206 secs]0.753: [scrub symbol table, 0.0002379 secs]0.753: [scrub string table, 0.0000826 secs][1 CMS-remark: 327672K(349568K)] 377046K(506816K), 0.0025980 secs] [Times: user=0.00 sys=0.00, real=0.01 secs] 
0.753: [CMS-concurrent-sweep-start]
0.754: [CMS-concurrent-sweep: 0.001/0.001 secs] [Times: user=0.00 sys=0.00, real=0.00 secs] 
0.754: [CMS-concurrent-reset-start]
0.754: [CMS-concurrent-reset: 0.000/0.000 secs] [Times: user=0.00 sys=0.00, real=0.00 secs] 
0.767: [GC (Allocation Failure) 0.767: [ParNew: 157244K->17470K(157248K), 0.0137697 secs] 445480K->357810K(506816K), 0.0138885 secs] [Times: user=0.05 sys=0.00, real=0.01 secs] 
0.781: [GC (CMS Initial Mark) [1 CMS-initial-mark: 340339K(349568K)] 361057K(506816K), 0.0002473 secs] [Times: user=0.00 sys=0.00, real=0.00 secs] 
0.781: [CMS-concurrent-mark-start]
0.786: [CMS-concurrent-mark: 0.004/0.004 secs] [Times: user=0.00 sys=0.00, real=0.01 secs] 
0.786: [CMS-concurrent-preclean-start]
0.786: [CMS-concurrent-preclean: 0.001/0.001 secs] [Times: user=0.00 sys=0.00, real=0.00 secs] 
0.786: [CMS-concurrent-abortable-preclean-start]
0.786: [CMS-concurrent-abortable-preclean: 0.000/0.000 secs] [Times: user=0.00 sys=0.00, real=0.00 secs] 
0.787: [GC (CMS Final Remark) [YG occupancy: 44501 K (157248 K)]0.787: [Rescan (parallel) , 0.0013028 secs]0.788: [weak refs processing, 0.0000143 secs]0.788: [class unloading, 0.0002597 secs]0.788: [scrub symbol table, 0.0002448 secs]0.788: [scrub string table, 0.0000832 secs][1 CMS-remark: 340339K(349568K)] 384841K(506816K), 0.0019895 secs] [Times: user=0.00 sys=0.00, real=0.00 secs] 
0.789: [CMS-concurrent-sweep-start]
0.790: [CMS-concurrent-sweep: 0.001/0.001 secs] [Times: user=0.00 sys=0.00, real=0.00 secs] 
0.790: [CMS-concurrent-reset-start]
0.790: [CMS-concurrent-reset: 0.000/0.000 secs] [Times: user=0.00 sys=0.00, real=0.00 secs] 
0.804: [GC (Allocation Failure) 0.804: [ParNew: 157214K->157214K(157248K), 0.0000178 secs]0.804: [CMS: 304749K->329857K(349568K), 0.0546304 secs] 461964K->329857K(506816K), [Metaspace: 2827K->2827K(1056768K)], 0.0548146 secs] [Times: user=0.05 sys=0.00, real=0.05 secs] 
0.859: [GC (CMS Initial Mark) [1 CMS-initial-mark: 329857K(349568K)] 333032K(506816K), 0.0003027 secs] [Times: user=0.00 sys=0.00, real=0.00 secs] 
0.860: [CMS-concurrent-mark-start]
0.864: [CMS-concurrent-mark: 0.004/0.004 secs] [Times: user=0.01 sys=0.00, real=0.01 secs] 
0.864: [CMS-concurrent-preclean-start]
0.865: [CMS-concurrent-preclean: 0.001/0.001 secs] [Times: user=0.00 sys=0.00, real=0.00 secs] 
0.865: [CMS-concurrent-abortable-preclean-start]
0.865: [CMS-concurrent-abortable-preclean: 0.000/0.000 secs] [Times: user=0.00 sys=0.00, real=0.00 secs] 
0.867: [GC (CMS Final Remark) [YG occupancy: 30388 K (157248 K)]0.867: [Rescan (parallel) , 0.0088890 secs]0.876: [weak refs processing, 0.0000125 secs]0.876: [class unloading, 0.0002486 secs]0.877: [scrub symbol table, 0.0002845 secs]0.877: [scrub string table, 0.0001046 secs][1 CMS-remark: 329857K(349568K)] 360246K(506816K), 0.0096529 secs] [Times: user=0.01 sys=0.01, real=0.01 secs] 
0.877: [CMS-concurrent-sweep-start]
0.878: [CMS-concurrent-sweep: 0.001/0.001 secs] [Times: user=0.00 sys=0.00, real=0.00 secs] 
0.878: [CMS-concurrent-reset-start]
0.878: [CMS-concurrent-reset: 0.000/0.000 secs] [Times: user=0.00 sys=0.00, real=0.00 secs] 
0.893: [GC (Allocation Failure) 0.893: [ParNew: 139776K->139776K(157248K), 0.0000173 secs]0.893: [CMS: 329545K->336579K(349568K), 0.0525779 secs] 469321K->336579K(506816K), [Metaspace: 2827K->2827K(1056768K)], 0.0527453 secs] [Times: user=0.05 sys=0.00, real=0.05 secs] 
0.947: [GC (CMS Initial Mark) [1 CMS-initial-mark: 336579K(349568K)] 339907K(506816K), 0.0004283 secs] [Times: user=0.00 sys=0.00, real=0.00 secs] 
0.947: [CMS-concurrent-mark-start]
0.951: [CMS-concurrent-mark: 0.004/0.004 secs] [Times: user=0.01 sys=0.00, real=0.00 secs] 
0.951: [CMS-concurrent-preclean-start]
0.952: [CMS-concurrent-preclean: 0.001/0.001 secs] [Times: user=0.00 sys=0.00, real=0.01 secs] 
0.952: [CMS-concurrent-abortable-preclean-start]
0.952: [CMS-concurrent-abortable-preclean: 0.000/0.000 secs] [Times: user=0.00 sys=0.00, real=0.00 secs] 
0.952: [GC (CMS Final Remark) [YG occupancy: 28646 K (157248 K)]0.952: [Rescan (parallel) , 0.0030718 secs]0.955: [weak refs processing, 0.0000227 secs]0.955: [class unloading, 0.0002979 secs]0.956: [scrub symbol table, 0.0002890 secs]0.956: [scrub string table, 0.0001013 secs][1 CMS-remark: 336579K(349568K)] 365225K(506816K), 0.0038668 secs] [Times: user=0.01 sys=0.00, real=0.00 secs] 
0.957: [CMS-concurrent-sweep-start]
0.957: [CMS-concurrent-sweep: 0.001/0.001 secs] [Times: user=0.00 sys=0.00, real=0.00 secs] 
0.957: [CMS-concurrent-reset-start]
0.958: [CMS-concurrent-reset: 0.000/0.000 secs] [Times: user=0.00 sys=0.00, real=0.00 secs] 
0.976: [GC (Allocation Failure) 0.976: [ParNew: 139487K->139487K(157248K), 0.0000201 secs]0.976: [CMS: 335861K->336834K(349568K), 0.0542337 secs] 475349K->336834K(506816K), [Metaspace: 2827K->2827K(1056768K)], 0.0544180 secs] [Times: user=0.05 sys=0.00, real=0.05 secs] 
1.031: [GC (CMS Initial Mark) [1 CMS-initial-mark: 336834K(349568K)] 340203K(506816K), 0.0002845 secs] [Times: user=0.00 sys=0.00, real=0.00 secs] 
1.031: [CMS-concurrent-mark-start]
1.035: [CMS-concurrent-mark: 0.004/0.004 secs] [Times: user=0.01 sys=0.00, real=0.01 secs] 
1.035: [CMS-concurrent-preclean-start]
1.036: [CMS-concurrent-preclean: 0.001/0.001 secs] [Times: user=0.00 sys=0.00, real=0.00 secs] 
1.036: [CMS-concurrent-abortable-preclean-start]
1.036: [CMS-concurrent-abortable-preclean: 0.000/0.000 secs] [Times: user=0.00 sys=0.00, real=0.00 secs] 
1.036: [GC (CMS Final Remark) [YG occupancy: 28897 K (157248 K)]1.036: [Rescan (parallel) , 0.0015389 secs]1.038: [weak refs processing, 0.0000155 secs]1.038: [class unloading, 0.0003057 secs]1.038: [scrub symbol table, 0.0002929 secs]1.038: [scrub string table, 0.0001029 secs][1 CMS-remark: 336834K(349568K)] 365731K(506816K), 0.0023478 secs] [Times: user=0.01 sys=0.00, real=0.00 secs] 
1.039: [CMS-concurrent-sweep-start]
1.039: [CMS-concurrent-sweep: 0.001/0.001 secs] [Times: user=0.00 sys=0.00, real=0.00 secs] 
1.039: [CMS-concurrent-reset-start]
1.040: [CMS-concurrent-reset: 0.000/0.000 secs] [Times: user=0.00 sys=0.00, real=0.00 secs] 
Heap
 par new generation   total 157248K, used 95242K [0x00000000e0000000, 0x00000000eaaa0000, 0x00000000eaaa0000)
  eden space 139776K,  68% used [0x00000000e0000000, 0x00000000e5d02b38, 0x00000000e8880000)
  from space 17472K,   0% used [0x00000000e8880000, 0x00000000e8880000, 0x00000000e9990000)
  to   space 17472K,   0% used [0x00000000e9990000, 0x00000000e9990000, 0x00000000eaaa0000)
 concurrent mark-sweep generation total 349568K, used 336802K [0x00000000eaaa0000, 0x0000000100000000, 0x0000000100000000)
 Metaspace       used 2833K, capacity 4486K, committed 4864K, reserved 1056768K
  class space    used 300K, capacity 386K, committed 512K, reserved 1048576K
