OpenJDK 64-Bit Server VM (25.272-b10) for linux-amd64 JRE (1.8.0_272-8u272-b10-0ubuntu1~18.04-b10), built on Oct 26 2020 02:23:20 by "buildd" with gcc 7.5.0
Memory: 4k page, physical 8162560k(3134944k free), swap 2097148k(2097148k free)
CommandLine flags: -XX:InitialHeapSize=536870912 -XX:MaxHeapSize=536870912 -XX:+PrintGC -XX:+PrintGCDetails -XX:+PrintGCTimeStamps -XX:+UseCompressedClassPointers -XX:+UseCompressedOops -XX:+UseG1GC 
0.071: [GC pause (G1 Evacuation Pause) (young), 0.0031157 secs]
   [Parallel Time: 1.6 ms, GC Workers: 4]
      [GC Worker Start (ms): Min: 71.5, Avg: 71.6, Max: 71.7, Diff: 0.2]
      [Ext Root Scanning (ms): Min: 0.1, Avg: 0.2, Max: 0.3, Diff: 0.2, Sum: 0.8]
      [Update RS (ms): Min: 0.0, Avg: 0.0, Max: 0.0, Diff: 0.0, Sum: 0.0]
         [Processed Buffers: Min: 0, Avg: 0.0, Max: 0, Diff: 0, Sum: 0]
      [Scan RS (ms): Min: 0.0, Avg: 0.0, Max: 0.0, Diff: 0.0, Sum: 0.0]
      [Code Root Scanning (ms): Min: 0.0, Avg: 0.0, Max: 0.0, Diff: 0.0, Sum: 0.0]
      [Object Copy (ms): Min: 1.0, Avg: 1.1, Max: 1.2, Diff: 0.1, Sum: 4.4]
      [Termination (ms): Min: 0.0, Avg: 0.1, Max: 0.2, Diff: 0.2, Sum: 0.4]
         [Termination Attempts: Min: 1, Avg: 1.0, Max: 1, Diff: 0, Sum: 4]
      [GC Worker Other (ms): Min: 0.0, Avg: 0.0, Max: 0.0, Diff: 0.0, Sum: 0.0]
      [GC Worker Total (ms): Min: 1.3, Avg: 1.4, Max: 1.6, Diff: 0.2, Sum: 5.7]
      [GC Worker End (ms): Min: 73.0, Avg: 73.1, Max: 73.1, Diff: 0.1]
   [Code Root Fixup: 0.0 ms]
   [Code Root Purge: 0.0 ms]
   [Clear CT: 0.2 ms]
   [Other: 1.2 ms]
      [Choose CSet: 0.0 ms]
      [Ref Proc: 0.9 ms]
      [Ref Enq: 0.0 ms]
      [Redirty Cards: 0.2 ms]
      [Humongous Register: 0.0 ms]
      [Humongous Reclaim: 0.0 ms]
      [Free CSet: 0.0 ms]
   [Eden: 25600.0K(25600.0K)->0.0B(21504.0K) Survivors: 0.0B->4096.0K Heap: 31587.1K(512.0M)->12394.8K(512.0M)]
 [Times: user=0.01 sys=0.00, real=0.00 secs] 
0.081: [GC pause (G1 Evacuation Pause) (young), 0.0027704 secs]
   [Parallel Time: 1.9 ms, GC Workers: 4]
      [GC Worker Start (ms): Min: 81.3, Avg: 81.3, Max: 81.4, Diff: 0.1]
      [Ext Root Scanning (ms): Min: 0.1, Avg: 0.1, Max: 0.2, Diff: 0.1, Sum: 0.5]
      [Update RS (ms): Min: 0.0, Avg: 0.0, Max: 0.0, Diff: 0.0, Sum: 0.0]
         [Processed Buffers: Min: 0, Avg: 0.5, Max: 2, Diff: 2, Sum: 2]
      [Scan RS (ms): Min: 0.0, Avg: 0.0, Max: 0.0, Diff: 0.0, Sum: 0.0]
      [Code Root Scanning (ms): Min: 0.0, Avg: 0.0, Max: 0.0, Diff: 0.0, Sum: 0.0]
      [Object Copy (ms): Min: 1.4, Avg: 1.5, Max: 1.5, Diff: 0.1, Sum: 5.8]
      [Termination (ms): Min: 0.0, Avg: 0.1, Max: 0.2, Diff: 0.2, Sum: 0.5]
         [Termination Attempts: Min: 1, Avg: 1.0, Max: 1, Diff: 0, Sum: 4]
      [GC Worker Other (ms): Min: 0.0, Avg: 0.0, Max: 0.0, Diff: 0.0, Sum: 0.0]
      [GC Worker Total (ms): Min: 1.6, Avg: 1.7, Max: 1.8, Diff: 0.2, Sum: 6.9]
      [GC Worker End (ms): Min: 83.0, Avg: 83.1, Max: 83.1, Diff: 0.1]
   [Code Root Fixup: 0.0 ms]
   [Code Root Purge: 0.0 ms]
   [Clear CT: 0.2 ms]
   [Other: 0.7 ms]
      [Choose CSet: 0.0 ms]
      [Ref Proc: 0.3 ms]
      [Ref Enq: 0.0 ms]
      [Redirty Cards: 0.2 ms]
      [Humongous Register: 0.0 ms]
      [Humongous Reclaim: 0.0 ms]
      [Free CSet: 0.0 ms]
   [Eden: 21504.0K(21504.0K)->0.0B(24576.0K) Survivors: 4096.0K->4096.0K Heap: 39386.1K(512.0M)->23341.4K(512.0M)]
 [Times: user=0.01 sys=0.00, real=0.00 secs] 
0.091: [GC pause (G1 Evacuation Pause) (young), 0.0037162 secs]
   [Parallel Time: 2.1 ms, GC Workers: 4]
      [GC Worker Start (ms): Min: 91.5, Avg: 91.5, Max: 91.6, Diff: 0.1]
      [Ext Root Scanning (ms): Min: 0.1, Avg: 0.2, Max: 0.2, Diff: 0.1, Sum: 0.7]
      [Update RS (ms): Min: 0.1, Avg: 0.1, Max: 0.3, Diff: 0.2, Sum: 0.5]
         [Processed Buffers: Min: 1, Avg: 1.8, Max: 4, Diff: 3, Sum: 7]
      [Scan RS (ms): Min: 0.0, Avg: 0.0, Max: 0.1, Diff: 0.1, Sum: 0.1]
      [Code Root Scanning (ms): Min: 0.0, Avg: 0.0, Max: 0.0, Diff: 0.0, Sum: 0.0]
      [Object Copy (ms): Min: 1.4, Avg: 1.5, Max: 1.6, Diff: 0.2, Sum: 5.9]
      [Termination (ms): Min: 0.0, Avg: 0.1, Max: 0.2, Diff: 0.2, Sum: 0.3]
         [Termination Attempts: Min: 1, Avg: 1.0, Max: 1, Diff: 0, Sum: 4]
      [GC Worker Other (ms): Min: 0.0, Avg: 0.0, Max: 0.0, Diff: 0.0, Sum: 0.0]
      [GC Worker Total (ms): Min: 1.8, Avg: 1.9, Max: 2.0, Diff: 0.1, Sum: 7.5]
      [GC Worker End (ms): Min: 93.4, Avg: 93.4, Max: 93.4, Diff: 0.0]
   [Code Root Fixup: 0.0 ms]
   [Code Root Purge: 0.0 ms]
   [Clear CT: 0.2 ms]
   [Other: 1.4 ms]
      [Choose CSet: 0.0 ms]
      [Ref Proc: 0.9 ms]
      [Ref Enq: 0.0 ms]
      [Redirty Cards: 0.3 ms]
      [Humongous Register: 0.0 ms]
      [Humongous Reclaim: 0.0 ms]
      [Free CSet: 0.0 ms]
   [Eden: 24576.0K(24576.0K)->0.0B(37888.0K) Survivors: 4096.0K->4096.0K Heap: 54624.5K(512.0M)->34184.1K(512.0M)]
 [Times: user=0.01 sys=0.00, real=0.00 secs] 
0.111: [GC pause (G1 Evacuation Pause) (young), 0.0045552 secs]
   [Parallel Time: 3.5 ms, GC Workers: 4]
      [GC Worker Start (ms): Min: 110.8, Avg: 110.8, Max: 110.9, Diff: 0.2]
      [Ext Root Scanning (ms): Min: 0.0, Avg: 0.1, Max: 0.2, Diff: 0.2, Sum: 0.4]
      [Update RS (ms): Min: 0.3, Avg: 0.3, Max: 0.3, Diff: 0.0, Sum: 1.3]
         [Processed Buffers: Min: 4, Avg: 6.0, Max: 8, Diff: 4, Sum: 24]
      [Scan RS (ms): Min: 0.0, Avg: 0.0, Max: 0.0, Diff: 0.0, Sum: 0.0]
      [Code Root Scanning (ms): Min: 0.0, Avg: 0.0, Max: 0.0, Diff: 0.0, Sum: 0.0]
      [Object Copy (ms): Min: 2.8, Avg: 2.8, Max: 2.8, Diff: 0.1, Sum: 11.2]
      [Termination (ms): Min: 0.0, Avg: 0.0, Max: 0.1, Diff: 0.1, Sum: 0.2]
         [Termination Attempts: Min: 1, Avg: 1.0, Max: 1, Diff: 0, Sum: 4]
      [GC Worker Other (ms): Min: 0.0, Avg: 0.0, Max: 0.0, Diff: 0.0, Sum: 0.0]
      [GC Worker Total (ms): Min: 3.2, Avg: 3.3, Max: 3.4, Diff: 0.2, Sum: 13.2]
      [GC Worker End (ms): Min: 114.1, Avg: 114.1, Max: 114.2, Diff: 0.0]
   [Code Root Fixup: 0.0 ms]
   [Code Root Purge: 0.0 ms]
   [Clear CT: 0.2 ms]
   [Other: 0.8 ms]
      [Choose CSet: 0.0 ms]
      [Ref Proc: 0.4 ms]
      [Ref Enq: 0.0 ms]
      [Redirty Cards: 0.2 ms]
      [Humongous Register: 0.0 ms]
      [Humongous Reclaim: 0.0 ms]
      [Free CSet: 0.0 ms]
   [Eden: 37888.0K(37888.0K)->0.0B(40960.0K) Survivors: 4096.0K->6144.0K Heap: 86534.6K(512.0M)->56533.2K(512.0M)]
 [Times: user=0.01 sys=0.00, real=0.01 secs] 
0.124: [GC pause (G1 Evacuation Pause) (young), 0.0057430 secs]
   [Parallel Time: 4.4 ms, GC Workers: 4]
      [GC Worker Start (ms): Min: 124.4, Avg: 124.5, Max: 124.7, Diff: 0.2]
      [Ext Root Scanning (ms): Min: 0.0, Avg: 0.3, Max: 1.0, Diff: 1.0, Sum: 1.3]
      [Update RS (ms): Min: 0.0, Avg: 0.6, Max: 1.2, Diff: 1.2, Sum: 2.3]
         [Processed Buffers: Min: 0, Avg: 9.8, Max: 15, Diff: 15, Sum: 39]
      [Scan RS (ms): Min: 0.0, Avg: 0.0, Max: 0.0, Diff: 0.0, Sum: 0.0]
      [Code Root Scanning (ms): Min: 0.0, Avg: 0.0, Max: 0.0, Diff: 0.0, Sum: 0.0]
      [Object Copy (ms): Min: 2.3, Avg: 2.8, Max: 3.3, Diff: 1.0, Sum: 11.4]
      [Termination (ms): Min: 0.0, Avg: 0.5, Max: 0.7, Diff: 0.7, Sum: 2.0]
         [Termination Attempts: Min: 1, Avg: 1.0, Max: 1, Diff: 0, Sum: 4]
      [GC Worker Other (ms): Min: 0.0, Avg: 0.0, Max: 0.0, Diff: 0.0, Sum: 0.0]
      [GC Worker Total (ms): Min: 4.1, Avg: 4.3, Max: 4.3, Diff: 0.2, Sum: 17.0]
      [GC Worker End (ms): Min: 128.8, Avg: 128.8, Max: 128.8, Diff: 0.0]
   [Code Root Fixup: 0.0 ms]
   [Code Root Purge: 0.0 ms]
   [Clear CT: 0.3 ms]
   [Other: 1.0 ms]
      [Choose CSet: 0.0 ms]
      [Ref Proc: 0.6 ms]
      [Ref Enq: 0.0 ms]
      [Redirty Cards: 0.2 ms]
      [Humongous Register: 0.0 ms]
      [Humongous Reclaim: 0.0 ms]
      [Free CSet: 0.0 ms]
   [Eden: 40960.0K(40960.0K)->0.0B(62464.0K) Survivors: 6144.0K->6144.0K Heap: 102.2M(512.0M)->69782.9K(512.0M)]
 [Times: user=0.01 sys=0.00, real=0.00 secs] 
0.159: [GC pause (G1 Evacuation Pause) (young), 0.0047512 secs]
   [Parallel Time: 3.6 ms, GC Workers: 4]
      [GC Worker Start (ms): Min: 159.2, Avg: 159.2, Max: 159.3, Diff: 0.2]
      [Ext Root Scanning (ms): Min: 0.0, Avg: 0.1, Max: 0.2, Diff: 0.2, Sum: 0.5]
      [Update RS (ms): Min: 0.6, Avg: 0.6, Max: 0.6, Diff: 0.0, Sum: 2.5]
         [Processed Buffers: Min: 12, Avg: 12.2, Max: 13, Diff: 1, Sum: 49]
      [Scan RS (ms): Min: 0.0, Avg: 0.0, Max: 0.0, Diff: 0.0, Sum: 0.0]
      [Code Root Scanning (ms): Min: 0.0, Avg: 0.0, Max: 0.0, Diff: 0.0, Sum: 0.0]
      [Object Copy (ms): Min: 2.7, Avg: 2.7, Max: 2.7, Diff: 0.0, Sum: 10.9]
      [Termination (ms): Min: 0.0, Avg: 0.0, Max: 0.0, Diff: 0.0, Sum: 0.0]
         [Termination Attempts: Min: 1, Avg: 1.0, Max: 1, Diff: 0, Sum: 4]
      [GC Worker Other (ms): Min: 0.0, Avg: 0.0, Max: 0.0, Diff: 0.0, Sum: 0.0]
      [GC Worker Total (ms): Min: 3.4, Avg: 3.5, Max: 3.6, Diff: 0.1, Sum: 14.0]
      [GC Worker End (ms): Min: 162.7, Avg: 162.7, Max: 162.7, Diff: 0.0]
   [Code Root Fixup: 0.0 ms]
   [Code Root Purge: 0.0 ms]
   [Clear CT: 0.2 ms]
   [Other: 0.9 ms]
      [Choose CSet: 0.0 ms]
      [Ref Proc: 0.4 ms]
      [Ref Enq: 0.0 ms]
      [Redirty Cards: 0.3 ms]
      [Humongous Register: 0.1 ms]
      [Humongous Reclaim: 0.0 ms]
      [Free CSet: 0.0 ms]
   [Eden: 62464.0K(62464.0K)->0.0B(83968.0K) Survivors: 6144.0K->9216.0K Heap: 152.4M(512.0M)->95112.5K(512.0M)]
 [Times: user=0.01 sys=0.00, real=0.01 secs] 
0.194: [GC pause (G1 Evacuation Pause) (young), 0.0065296 secs]
   [Parallel Time: 5.5 ms, GC Workers: 4]
      [GC Worker Start (ms): Min: 194.4, Avg: 194.5, Max: 194.5, Diff: 0.2]
      [Ext Root Scanning (ms): Min: 0.0, Avg: 0.1, Max: 0.2, Diff: 0.2, Sum: 0.4]
      [Update RS (ms): Min: 0.5, Avg: 0.6, Max: 0.6, Diff: 0.1, Sum: 2.3]
         [Processed Buffers: Min: 12, Avg: 12.5, Max: 13, Diff: 1, Sum: 50]
      [Scan RS (ms): Min: 0.0, Avg: 0.0, Max: 0.0, Diff: 0.0, Sum: 0.0]
      [Code Root Scanning (ms): Min: 0.0, Avg: 0.0, Max: 0.0, Diff: 0.0, Sum: 0.0]
      [Object Copy (ms): Min: 4.5, Avg: 4.5, Max: 4.6, Diff: 0.1, Sum: 18.1]
      [Termination (ms): Min: 0.0, Avg: 0.1, Max: 0.2, Diff: 0.2, Sum: 0.4]
         [Termination Attempts: Min: 1, Avg: 1.0, Max: 1, Diff: 0, Sum: 4]
      [GC Worker Other (ms): Min: 0.0, Avg: 0.0, Max: 0.0, Diff: 0.0, Sum: 0.0]
      [GC Worker Total (ms): Min: 5.2, Avg: 5.3, Max: 5.5, Diff: 0.2, Sum: 21.4]
      [GC Worker End (ms): Min: 199.8, Avg: 199.8, Max: 199.8, Diff: 0.0]
   [Code Root Fixup: 0.0 ms]
   [Code Root Purge: 0.0 ms]
   [Clear CT: 0.2 ms]
   [Other: 0.8 ms]
      [Choose CSet: 0.0 ms]
      [Ref Proc: 0.3 ms]
      [Ref Enq: 0.0 ms]
      [Redirty Cards: 0.2 ms]
      [Humongous Register: 0.1 ms]
      [Humongous Reclaim: 0.0 ms]
      [Free CSet: 0.0 ms]
   [Eden: 83968.0K(83968.0K)->0.0B(95232.0K) Survivors: 9216.0K->12288.0K Heap: 200.9M(512.0M)->131.0M(512.0M)]
 [Times: user=0.00 sys=0.02, real=0.01 secs] 
0.223: [GC pause (G1 Evacuation Pause) (young), 0.0071201 secs]
   [Parallel Time: 6.1 ms, GC Workers: 4]
      [GC Worker Start (ms): Min: 223.1, Avg: 223.2, Max: 223.3, Diff: 0.2]
      [Ext Root Scanning (ms): Min: 0.0, Avg: 0.1, Max: 0.2, Diff: 0.2, Sum: 0.5]
      [Update RS (ms): Min: 0.2, Avg: 0.2, Max: 0.2, Diff: 0.0, Sum: 0.8]
         [Processed Buffers: Min: 4, Avg: 4.2, Max: 5, Diff: 1, Sum: 17]
      [Scan RS (ms): Min: 0.0, Avg: 0.0, Max: 0.0, Diff: 0.0, Sum: 0.1]
      [Code Root Scanning (ms): Min: 0.0, Avg: 0.0, Max: 0.0, Diff: 0.0, Sum: 0.0]
      [Object Copy (ms): Min: 5.5, Avg: 5.5, Max: 5.6, Diff: 0.1, Sum: 22.2]
      [Termination (ms): Min: 0.0, Avg: 0.0, Max: 0.0, Diff: 0.0, Sum: 0.1]
         [Termination Attempts: Min: 1, Avg: 1.0, Max: 1, Diff: 0, Sum: 4]
      [GC Worker Other (ms): Min: 0.0, Avg: 0.0, Max: 0.0, Diff: 0.0, Sum: 0.0]
      [GC Worker Total (ms): Min: 5.8, Avg: 5.9, Max: 6.0, Diff: 0.2, Sum: 23.7]
      [GC Worker End (ms): Min: 229.1, Avg: 229.1, Max: 229.1, Diff: 0.0]
   [Code Root Fixup: 0.0 ms]
   [Code Root Purge: 0.0 ms]
   [Clear CT: 0.2 ms]
   [Other: 0.8 ms]
      [Choose CSet: 0.0 ms]
      [Ref Proc: 0.3 ms]
      [Ref Enq: 0.0 ms]
      [Redirty Cards: 0.2 ms]
      [Humongous Register: 0.1 ms]
      [Humongous Reclaim: 0.1 ms]
      [Free CSet: 0.0 ms]
   [Eden: 95232.0K(95232.0K)->0.0B(134.0M) Survivors: 12288.0K->14336.0K Heap: 250.3M(512.0M)->167.2M(512.0M)]
 [Times: user=0.01 sys=0.01, real=0.00 secs] 
0.257: [GC pause (G1 Humongous Allocation) (young) (initial-mark), 0.0094674 secs]
   [Parallel Time: 8.5 ms, GC Workers: 4]
      [GC Worker Start (ms): Min: 257.5, Avg: 257.6, Max: 257.7, Diff: 0.2]
      [Ext Root Scanning (ms): Min: 0.0, Avg: 0.5, Max: 1.0, Diff: 1.0, Sum: 1.8]
      [Update RS (ms): Min: 0.0, Avg: 0.2, Max: 0.4, Diff: 0.4, Sum: 0.7]
         [Processed Buffers: Min: 0, Avg: 3.0, Max: 9, Diff: 9, Sum: 12]
      [Scan RS (ms): Min: 0.0, Avg: 0.0, Max: 0.0, Diff: 0.0, Sum: 0.1]
      [Code Root Scanning (ms): Min: 0.0, Avg: 0.0, Max: 0.0, Diff: 0.0, Sum: 0.0]
      [Object Copy (ms): Min: 7.1, Avg: 7.3, Max: 7.4, Diff: 0.3, Sum: 29.1]
      [Termination (ms): Min: 0.0, Avg: 0.2, Max: 0.4, Diff: 0.4, Sum: 0.7]
         [Termination Attempts: Min: 1, Avg: 1.0, Max: 1, Diff: 0, Sum: 4]
      [GC Worker Other (ms): Min: 0.0, Avg: 0.0, Max: 0.0, Diff: 0.0, Sum: 0.0]
      [GC Worker Total (ms): Min: 8.0, Avg: 8.1, Max: 8.1, Diff: 0.1, Sum: 32.3]
      [GC Worker End (ms): Min: 265.6, Avg: 265.7, Max: 265.8, Diff: 0.2]
   [Code Root Fixup: 0.0 ms]
   [Code Root Purge: 0.0 ms]
   [Clear CT: 0.2 ms]
   [Other: 0.7 ms]
      [Choose CSet: 0.0 ms]
      [Ref Proc: 0.2 ms]
      [Ref Enq: 0.0 ms]
      [Redirty Cards: 0.2 ms]
      [Humongous Register: 0.1 ms]
      [Humongous Reclaim: 0.1 ms]
      [Free CSet: 0.0 ms]
   [Eden: 114.0M(134.0M)->0.0B(173.0M) Survivors: 14336.0K->19456.0K Heap: 312.3M(512.0M)->209.5M(512.0M)]
 [Times: user=0.01 sys=0.02, real=0.01 secs] 
0.267: [GC concurrent-root-region-scan-start]
0.267: [GC concurrent-root-region-scan-end, 0.0001376 secs]
0.267: [GC concurrent-mark-start]
0.274: [GC concurrent-mark-end, 0.0067231 secs]
0.274: [GC remark 0.274: [Finalize Marking, 0.0032664 secs] 0.277: [GC ref-proc, 0.0001103 secs] 0.277: [Unloading, 0.0006415 secs], 0.0047341 secs]
 [Times: user=0.01 sys=0.00, real=0.00 secs] 
0.279: [GC cleanup 265M->265M(512M), 0.0010043 secs]
 [Times: user=0.00 sys=0.00, real=0.01 secs] 
0.335: [GC pause (G1 Evacuation Pause) (young) (to-space exhausted), 0.0174282 secs]
   [Parallel Time: 4.5 ms, GC Workers: 4]
      [GC Worker Start (ms): Min: 335.6, Avg: 335.6, Max: 335.7, Diff: 0.1]
      [Ext Root Scanning (ms): Min: 0.0, Avg: 0.1, Max: 0.2, Diff: 0.1, Sum: 0.5]
      [Update RS (ms): Min: 0.3, Avg: 0.3, Max: 0.3, Diff: 0.0, Sum: 1.1]
         [Processed Buffers: Min: 2, Avg: 5.0, Max: 7, Diff: 5, Sum: 20]
      [Scan RS (ms): Min: 0.0, Avg: 0.0, Max: 0.0, Diff: 0.0, Sum: 0.1]
      [Code Root Scanning (ms): Min: 0.0, Avg: 0.0, Max: 0.0, Diff: 0.0, Sum: 0.0]
      [Object Copy (ms): Min: 3.8, Avg: 3.8, Max: 3.8, Diff: 0.0, Sum: 15.1]
      [Termination (ms): Min: 0.0, Avg: 0.0, Max: 0.0, Diff: 0.0, Sum: 0.1]
         [Termination Attempts: Min: 1, Avg: 1.2, Max: 2, Diff: 1, Sum: 5]
      [GC Worker Other (ms): Min: 0.0, Avg: 0.0, Max: 0.0, Diff: 0.0, Sum: 0.0]
      [GC Worker Total (ms): Min: 4.1, Avg: 4.2, Max: 4.3, Diff: 0.1, Sum: 16.9]
      [GC Worker End (ms): Min: 339.9, Avg: 339.9, Max: 339.9, Diff: 0.0]
   [Code Root Fixup: 0.0 ms]
   [Code Root Purge: 0.0 ms]
   [Clear CT: 0.2 ms]
   [Other: 12.7 ms]
      [Evacuation Failure: 11.6 ms]
      [Choose CSet: 0.0 ms]
      [Ref Proc: 0.5 ms]
      [Ref Enq: 0.0 ms]
      [Redirty Cards: 0.4 ms]
      [Humongous Register: 0.1 ms]
      [Humongous Reclaim: 0.1 ms]
      [Free CSet: 0.0 ms]
   [Eden: 173.0M(173.0M)->0.0B(7168.0K) Survivors: 19456.0K->18432.0K Heap: 428.2M(512.0M)->363.6M(512.0M)]
 [Times: user=0.00 sys=0.06, real=0.02 secs] 
0.354: [GC pause (G1 Evacuation Pause) (mixed), 0.0047031 secs]
   [Parallel Time: 3.8 ms, GC Workers: 4]
      [GC Worker Start (ms): Min: 354.5, Avg: 354.6, Max: 354.9, Diff: 0.5]
      [Ext Root Scanning (ms): Min: 0.0, Avg: 0.1, Max: 0.2, Diff: 0.2, Sum: 0.5]
      [Update RS (ms): Min: 0.0, Avg: 1.0, Max: 3.5, Diff: 3.4, Sum: 4.1]
         [Processed Buffers: Min: 1, Avg: 5.2, Max: 9, Diff: 8, Sum: 21]
      [Scan RS (ms): Min: 0.0, Avg: 0.1, Max: 0.2, Diff: 0.2, Sum: 0.3]
      [Code Root Scanning (ms): Min: 0.0, Avg: 0.0, Max: 0.0, Diff: 0.0, Sum: 0.0]
      [Object Copy (ms): Min: 0.0, Avg: 1.9, Max: 2.6, Diff: 2.6, Sum: 7.6]
      [Termination (ms): Min: 0.0, Avg: 0.4, Max: 0.6, Diff: 0.6, Sum: 1.7]
         [Termination Attempts: Min: 1, Avg: 1.5, Max: 2, Diff: 1, Sum: 6]
      [GC Worker Other (ms): Min: 0.0, Avg: 0.0, Max: 0.0, Diff: 0.0, Sum: 0.0]
      [GC Worker Total (ms): Min: 3.3, Avg: 3.6, Max: 3.7, Diff: 0.4, Sum: 14.2]
      [GC Worker End (ms): Min: 358.2, Avg: 358.2, Max: 358.2, Diff: 0.0]
   [Code Root Fixup: 0.0 ms]
   [Code Root Purge: 0.0 ms]
   [Clear CT: 0.2 ms]
   [Other: 0.7 ms]
      [Choose CSet: 0.0 ms]
      [Ref Proc: 0.3 ms]
      [Ref Enq: 0.0 ms]
      [Redirty Cards: 0.2 ms]
      [Humongous Register: 0.1 ms]
      [Humongous Reclaim: 0.0 ms]
      [Free CSet: 0.0 ms]
   [Eden: 7168.0K(7168.0K)->0.0B(50176.0K) Survivors: 18432.0K->3072.0K Heap: 372.5M(512.0M)->355.4M(512.0M)]
 [Times: user=0.01 sys=0.00, real=0.00 secs] 
0.360: [GC pause (G1 Humongous Allocation) (young) (initial-mark), 0.0023946 secs]
   [Parallel Time: 1.5 ms, GC Workers: 4]
      [GC Worker Start (ms): Min: 359.7, Avg: 359.8, Max: 360.2, Diff: 0.5]
      [Ext Root Scanning (ms): Min: 0.0, Avg: 0.4, Max: 0.6, Diff: 0.6, Sum: 1.7]
      [Update RS (ms): Min: 0.0, Avg: 0.1, Max: 0.3, Diff: 0.2, Sum: 0.6]
         [Processed Buffers: Min: 1, Avg: 1.5, Max: 2, Diff: 1, Sum: 6]
      [Scan RS (ms): Min: 0.0, Avg: 0.0, Max: 0.0, Diff: 0.0, Sum: 0.0]
      [Code Root Scanning (ms): Min: 0.0, Avg: 0.0, Max: 0.0, Diff: 0.0, Sum: 0.0]
      [Object Copy (ms): Min: 0.3, Avg: 0.3, Max: 0.4, Diff: 0.1, Sum: 1.3]
      [Termination (ms): Min: 0.0, Avg: 0.1, Max: 0.3, Diff: 0.3, Sum: 0.5]
         [Termination Attempts: Min: 1, Avg: 1.0, Max: 1, Diff: 0, Sum: 4]
      [GC Worker Other (ms): Min: 0.0, Avg: 0.0, Max: 0.0, Diff: 0.0, Sum: 0.0]
      [GC Worker Total (ms): Min: 0.9, Avg: 1.0, Max: 1.1, Diff: 0.3, Sum: 4.1]
      [GC Worker End (ms): Min: 360.8, Avg: 360.8, Max: 361.0, Diff: 0.3]
   [Code Root Fixup: 0.0 ms]
   [Code Root Purge: 0.0 ms]
   [Clear CT: 0.3 ms]
   [Other: 0.7 ms]
      [Choose CSet: 0.0 ms]
      [Ref Proc: 0.3 ms]
      [Ref Enq: 0.0 ms]
      [Redirty Cards: 0.2 ms]
      [Humongous Register: 0.0 ms]
      [Humongous Reclaim: 0.0 ms]
      [Free CSet: 0.0 ms]
   [Eden: 2048.0K(50176.0K)->0.0B(50176.0K) Survivors: 3072.0K->3072.0K Heap: 357.4M(512.0M)->354.9M(512.0M)]
 [Times: user=0.00 sys=0.00, real=0.00 secs] 
0.362: [GC concurrent-root-region-scan-start]
0.362: [GC concurrent-root-region-scan-end, 0.0001763 secs]
0.362: [GC concurrent-mark-start]
0.365: [GC concurrent-mark-end, 0.0026895 secs]
0.365: [GC remark 0.365: [Finalize Marking, 0.0008806 secs] 0.366: [GC ref-proc, 0.0001416 secs] 0.366: [Unloading, 0.0008598 secs], 0.0038343 secs]
 [Times: user=0.00 sys=0.00, real=0.00 secs] 
0.369: [GC cleanup 378M->378M(512M), 0.0010405 secs]
 [Times: user=0.01 sys=0.00, real=0.00 secs] 
0.376: [GC pause (G1 Evacuation Pause) (young), 0.0044557 secs]
   [Parallel Time: 2.6 ms, GC Workers: 4]
      [GC Worker Start (ms): Min: 376.5, Avg: 376.6, Max: 376.7, Diff: 0.2]
      [Ext Root Scanning (ms): Min: 0.0, Avg: 0.1, Max: 0.2, Diff: 0.2, Sum: 0.5]
      [Update RS (ms): Min: 0.2, Avg: 0.3, Max: 0.3, Diff: 0.0, Sum: 1.0]
         [Processed Buffers: Min: 3, Avg: 5.0, Max: 6, Diff: 3, Sum: 20]
      [Scan RS (ms): Min: 0.0, Avg: 0.0, Max: 0.0, Diff: 0.0, Sum: 0.1]
      [Code Root Scanning (ms): Min: 0.0, Avg: 0.0, Max: 0.0, Diff: 0.0, Sum: 0.0]
      [Object Copy (ms): Min: 1.8, Avg: 1.8, Max: 1.9, Diff: 0.1, Sum: 7.3]
      [Termination (ms): Min: 0.0, Avg: 0.1, Max: 0.2, Diff: 0.2, Sum: 0.5]
         [Termination Attempts: Min: 1, Avg: 1.0, Max: 1, Diff: 0, Sum: 4]
      [GC Worker Other (ms): Min: 0.0, Avg: 0.0, Max: 0.0, Diff: 0.0, Sum: 0.0]
      [GC Worker Total (ms): Min: 2.2, Avg: 2.4, Max: 2.5, Diff: 0.2, Sum: 9.4]
      [GC Worker End (ms): Min: 378.9, Avg: 378.9, Max: 379.0, Diff: 0.1]
   [Code Root Fixup: 0.0 ms]
   [Code Root Purge: 0.0 ms]
   [Clear CT: 0.6 ms]
   [Other: 1.3 ms]
      [Choose CSet: 0.0 ms]
      [Ref Proc: 0.8 ms]
      [Ref Enq: 0.0 ms]
      [Redirty Cards: 0.2 ms]
      [Humongous Register: 0.1 ms]
      [Humongous Reclaim: 0.0 ms]
      [Free CSet: 0.0 ms]
   [Eden: 50176.0K(50176.0K)->0.0B(18432.0K) Survivors: 3072.0K->7168.0K Heap: 419.1M(512.0M)->373.1M(512.0M)]
 [Times: user=0.01 sys=0.00, real=0.01 secs] 
0.384: [GC pause (G1 Evacuation Pause) (mixed), 0.0029938 secs]
   [Parallel Time: 2.0 ms, GC Workers: 4]
      [GC Worker Start (ms): Min: 384.5, Avg: 384.6, Max: 384.7, Diff: 0.2]
      [Ext Root Scanning (ms): Min: 0.0, Avg: 0.1, Max: 0.2, Diff: 0.2, Sum: 0.4]
      [Update RS (ms): Min: 0.2, Avg: 0.2, Max: 0.3, Diff: 0.1, Sum: 0.9]
         [Processed Buffers: Min: 3, Avg: 4.2, Max: 5, Diff: 2, Sum: 17]
      [Scan RS (ms): Min: 0.0, Avg: 0.0, Max: 0.0, Diff: 0.0, Sum: 0.1]
      [Code Root Scanning (ms): Min: 0.0, Avg: 0.0, Max: 0.0, Diff: 0.0, Sum: 0.0]
      [Object Copy (ms): Min: 1.4, Avg: 1.5, Max: 1.5, Diff: 0.0, Sum: 5.8]
      [Termination (ms): Min: 0.0, Avg: 0.0, Max: 0.0, Diff: 0.0, Sum: 0.1]
         [Termination Attempts: Min: 1, Avg: 1.0, Max: 1, Diff: 0, Sum: 4]
      [GC Worker Other (ms): Min: 0.0, Avg: 0.0, Max: 0.0, Diff: 0.0, Sum: 0.0]
      [GC Worker Total (ms): Min: 1.8, Avg: 1.8, Max: 1.9, Diff: 0.2, Sum: 7.3]
      [GC Worker End (ms): Min: 386.4, Avg: 386.4, Max: 386.4, Diff: 0.0]
   [Code Root Fixup: 0.0 ms]
   [Code Root Purge: 0.0 ms]
   [Clear CT: 0.2 ms]
   [Other: 0.8 ms]
      [Choose CSet: 0.0 ms]
      [Ref Proc: 0.4 ms]
      [Ref Enq: 0.0 ms]
      [Redirty Cards: 0.2 ms]
      [Humongous Register: 0.1 ms]
      [Humongous Reclaim: 0.0 ms]
      [Free CSet: 0.1 ms]
   [Eden: 18432.0K(18432.0K)->0.0B(21504.0K) Survivors: 7168.0K->4096.0K Heap: 395.9M(512.0M)->331.0M(512.0M)]
 [Times: user=0.01 sys=0.00, real=0.00 secs] 
0.391: [GC pause (G1 Evacuation Pause) (mixed), 0.0045887 secs]
   [Parallel Time: 3.5 ms, GC Workers: 4]
      [GC Worker Start (ms): Min: 391.6, Avg: 391.7, Max: 391.7, Diff: 0.1]
      [Ext Root Scanning (ms): Min: 0.1, Avg: 0.1, Max: 0.2, Diff: 0.1, Sum: 0.6]
      [Update RS (ms): Min: 0.4, Avg: 0.4, Max: 0.4, Diff: 0.0, Sum: 1.5]
         [Processed Buffers: Min: 3, Avg: 5.8, Max: 8, Diff: 5, Sum: 23]
      [Scan RS (ms): Min: 0.0, Avg: 0.0, Max: 0.1, Diff: 0.0, Sum: 0.1]
      [Code Root Scanning (ms): Min: 0.0, Avg: 0.0, Max: 0.0, Diff: 0.0, Sum: 0.0]
      [Object Copy (ms): Min: 2.6, Avg: 2.7, Max: 2.7, Diff: 0.1, Sum: 10.6]
      [Termination (ms): Min: 0.0, Avg: 0.1, Max: 0.1, Diff: 0.1, Sum: 0.3]
         [Termination Attempts: Min: 1, Avg: 1.0, Max: 1, Diff: 0, Sum: 4]
      [GC Worker Other (ms): Min: 0.0, Avg: 0.0, Max: 0.0, Diff: 0.0, Sum: 0.0]
      [GC Worker Total (ms): Min: 3.2, Avg: 3.3, Max: 3.4, Diff: 0.2, Sum: 13.2]
      [GC Worker End (ms): Min: 394.9, Avg: 395.0, Max: 395.0, Diff: 0.1]
   [Code Root Fixup: 0.0 ms]
   [Code Root Purge: 0.0 ms]
   [Clear CT: 0.2 ms]
   [Other: 0.9 ms]
      [Choose CSet: 0.0 ms]
      [Ref Proc: 0.4 ms]
      [Ref Enq: 0.0 ms]
      [Redirty Cards: 0.2 ms]
      [Humongous Register: 0.1 ms]
      [Humongous Reclaim: 0.0 ms]
      [Free CSet: 0.0 ms]
   [Eden: 21504.0K(21504.0K)->0.0B(21504.0K) Survivors: 4096.0K->4096.0K Heap: 357.8M(512.0M)->303.6M(512.0M)]
 [Times: user=0.01 sys=0.00, real=0.00 secs] 
0.400: [GC pause (G1 Evacuation Pause) (mixed), 0.0056101 secs]
   [Parallel Time: 4.0 ms, GC Workers: 4]
      [GC Worker Start (ms): Min: 400.4, Avg: 400.4, Max: 400.5, Diff: 0.1]
      [Ext Root Scanning (ms): Min: 0.1, Avg: 0.1, Max: 0.2, Diff: 0.1, Sum: 0.5]
      [Update RS (ms): Min: 0.3, Avg: 0.3, Max: 0.3, Diff: 0.0, Sum: 1.1]
         [Processed Buffers: Min: 2, Avg: 4.5, Max: 6, Diff: 4, Sum: 18]
      [Scan RS (ms): Min: 0.0, Avg: 0.0, Max: 0.0, Diff: 0.0, Sum: 0.1]
      [Code Root Scanning (ms): Min: 0.0, Avg: 0.0, Max: 0.0, Diff: 0.0, Sum: 0.0]
      [Object Copy (ms): Min: 3.3, Avg: 3.3, Max: 3.3, Diff: 0.0, Sum: 13.3]
      [Termination (ms): Min: 0.0, Avg: 0.0, Max: 0.0, Diff: 0.0, Sum: 0.1]
         [Termination Attempts: Min: 1, Avg: 1.0, Max: 1, Diff: 0, Sum: 4]
      [GC Worker Other (ms): Min: 0.0, Avg: 0.0, Max: 0.0, Diff: 0.0, Sum: 0.0]
      [GC Worker Total (ms): Min: 3.7, Avg: 3.8, Max: 3.9, Diff: 0.1, Sum: 15.2]
      [GC Worker End (ms): Min: 404.2, Avg: 404.2, Max: 404.2, Diff: 0.0]
   [Code Root Fixup: 0.0 ms]
   [Code Root Purge: 0.0 ms]
   [Clear CT: 0.3 ms]
   [Other: 1.3 ms]
      [Choose CSet: 0.0 ms]
      [Ref Proc: 0.4 ms]
      [Ref Enq: 0.0 ms]
      [Redirty Cards: 0.6 ms]
      [Humongous Register: 0.1 ms]
      [Humongous Reclaim: 0.0 ms]
      [Free CSet: 0.1 ms]
   [Eden: 21504.0K(21504.0K)->0.0B(21504.0K) Survivors: 4096.0K->4096.0K Heap: 329.1M(512.0M)->282.7M(512.0M)]
 [Times: user=0.01 sys=0.00, real=0.00 secs] 
0.409: [GC pause (G1 Evacuation Pause) (mixed), 0.0046862 secs]
   [Parallel Time: 2.6 ms, GC Workers: 4]
      [GC Worker Start (ms): Min: 409.5, Avg: 410.1, Max: 411.5, Diff: 2.0]
      [Ext Root Scanning (ms): Min: 0.0, Avg: 0.1, Max: 0.2, Diff: 0.2, Sum: 0.5]
      [Update RS (ms): Min: 0.0, Avg: 0.3, Max: 0.4, Diff: 0.4, Sum: 1.1]
         [Processed Buffers: Min: 0, Avg: 4.8, Max: 7, Diff: 7, Sum: 19]
      [Scan RS (ms): Min: 0.0, Avg: 0.0, Max: 0.0, Diff: 0.0, Sum: 0.1]
      [Code Root Scanning (ms): Min: 0.0, Avg: 0.0, Max: 0.0, Diff: 0.0, Sum: 0.0]
      [Object Copy (ms): Min: 0.2, Avg: 1.3, Max: 1.8, Diff: 1.6, Sum: 5.1]
      [Termination (ms): Min: 0.0, Avg: 0.2, Max: 0.2, Diff: 0.2, Sum: 0.7]
         [Termination Attempts: Min: 1, Avg: 1.0, Max: 1, Diff: 0, Sum: 4]
      [GC Worker Other (ms): Min: 0.0, Avg: 0.0, Max: 0.0, Diff: 0.0, Sum: 0.0]
      [GC Worker Total (ms): Min: 0.4, Avg: 1.9, Max: 2.4, Diff: 2.0, Sum: 7.5]
      [GC Worker End (ms): Min: 411.9, Avg: 412.0, Max: 412.0, Diff: 0.1]
   [Code Root Fixup: 0.0 ms]
   [Code Root Purge: 0.0 ms]
   [Clear CT: 0.3 ms]
   [Other: 1.7 ms]
      [Choose CSet: 0.0 ms]
      [Ref Proc: 1.2 ms]
      [Ref Enq: 0.0 ms]
      [Redirty Cards: 0.3 ms]
      [Humongous Register: 0.1 ms]
      [Humongous Reclaim: 0.0 ms]
      [Free CSet: 0.0 ms]
   [Eden: 21504.0K(21504.0K)->0.0B(96256.0K) Survivors: 4096.0K->4096.0K Heap: 306.6M(512.0M)->287.2M(512.0M)]
 [Times: user=0.01 sys=0.00, real=0.01 secs] 
0.415: [GC pause (G1 Humongous Allocation) (young) (initial-mark), 0.0034866 secs]
   [Parallel Time: 1.8 ms, GC Workers: 4]
      [GC Worker Start (ms): Min: 415.4, Avg: 415.5, Max: 415.7, Diff: 0.3]
      [Ext Root Scanning (ms): Min: 0.0, Avg: 0.8, Max: 1.6, Diff: 1.6, Sum: 3.4]
      [Update RS (ms): Min: 0.0, Avg: 0.1, Max: 0.2, Diff: 0.2, Sum: 0.3]
         [Processed Buffers: Min: 0, Avg: 1.0, Max: 2, Diff: 2, Sum: 4]
      [Scan RS (ms): Min: 0.0, Avg: 0.0, Max: 0.0, Diff: 0.0, Sum: 0.0]
      [Code Root Scanning (ms): Min: 0.0, Avg: 0.0, Max: 0.0, Diff: 0.0, Sum: 0.0]
      [Object Copy (ms): Min: 0.0, Avg: 0.2, Max: 0.4, Diff: 0.4, Sum: 0.8]
      [Termination (ms): Min: 0.0, Avg: 0.4, Max: 0.8, Diff: 0.8, Sum: 1.6]
         [Termination Attempts: Min: 1, Avg: 1.0, Max: 1, Diff: 0, Sum: 4]
      [GC Worker Other (ms): Min: 0.0, Avg: 0.0, Max: 0.0, Diff: 0.0, Sum: 0.0]
      [GC Worker Total (ms): Min: 1.3, Avg: 1.5, Max: 1.6, Diff: 0.3, Sum: 6.0]
      [GC Worker End (ms): Min: 417.0, Avg: 417.1, Max: 417.1, Diff: 0.0]
   [Code Root Fixup: 0.0 ms]
   [Code Root Purge: 0.0 ms]
   [Clear CT: 0.3 ms]
   [Other: 1.4 ms]
      [Choose CSet: 0.0 ms]
      [Ref Proc: 0.9 ms]
      [Ref Enq: 0.0 ms]
      [Redirty Cards: 0.3 ms]
      [Humongous Register: 0.1 ms]
      [Humongous Reclaim: 0.0 ms]
      [Free CSet: 0.0 ms]
   [Eden: 3072.0K(96256.0K)->0.0B(100352.0K) Survivors: 4096.0K->5120.0K Heap: 290.2M(512.0M)->287.5M(512.0M)]
 [Times: user=0.00 sys=0.00, real=0.00 secs] 
0.419: [GC concurrent-root-region-scan-start]
0.419: [GC concurrent-root-region-scan-end, 0.0001520 secs]
0.419: [GC concurrent-mark-start]
0.422: [GC concurrent-mark-end, 0.0032262 secs]
0.422: [GC remark 0.422: [Finalize Marking, 0.0009558 secs] 0.423: [GC ref-proc, 0.0001233 secs] 0.424: [Unloading, 0.0007892 secs], 0.0032550 secs]
 [Times: user=0.01 sys=0.00, real=0.00 secs] 
0.426: [GC cleanup 315M->315M(512M), 0.0011383 secs]
 [Times: user=0.00 sys=0.00, real=0.00 secs] 
0.440: [GC pause (G1 Evacuation Pause) (young), 0.0044051 secs]
   [Parallel Time: 3.2 ms, GC Workers: 4]
      [GC Worker Start (ms): Min: 440.5, Avg: 440.5, Max: 440.6, Diff: 0.1]
      [Ext Root Scanning (ms): Min: 0.1, Avg: 0.1, Max: 0.2, Diff: 0.1, Sum: 0.5]
      [Update RS (ms): Min: 0.3, Avg: 0.3, Max: 0.3, Diff: 0.0, Sum: 1.1]
         [Processed Buffers: Min: 2, Avg: 5.0, Max: 6, Diff: 4, Sum: 20]
      [Scan RS (ms): Min: 0.0, Avg: 0.0, Max: 0.0, Diff: 0.0, Sum: 0.1]
      [Code Root Scanning (ms): Min: 0.0, Avg: 0.0, Max: 0.0, Diff: 0.0, Sum: 0.0]
      [Object Copy (ms): Min: 2.6, Avg: 2.7, Max: 2.7, Diff: 0.0, Sum: 10.6]
      [Termination (ms): Min: 0.0, Avg: 0.0, Max: 0.0, Diff: 0.0, Sum: 0.0]
         [Termination Attempts: Min: 1, Avg: 1.0, Max: 1, Diff: 0, Sum: 4]
      [GC Worker Other (ms): Min: 0.0, Avg: 0.0, Max: 0.0, Diff: 0.0, Sum: 0.0]
      [GC Worker Total (ms): Min: 3.0, Avg: 3.1, Max: 3.2, Diff: 0.1, Sum: 12.4]
      [GC Worker End (ms): Min: 443.6, Avg: 443.6, Max: 443.6, Diff: 0.0]
   [Code Root Fixup: 0.0 ms]
   [Code Root Purge: 0.0 ms]
   [Clear CT: 0.3 ms]
   [Other: 0.9 ms]
      [Choose CSet: 0.0 ms]
      [Ref Proc: 0.4 ms]
      [Ref Enq: 0.0 ms]
      [Redirty Cards: 0.3 ms]
      [Humongous Register: 0.1 ms]
      [Humongous Reclaim: 0.1 ms]
      [Free CSet: 0.0 ms]
   [Eden: 100352.0K(100352.0K)->0.0B(12288.0K) Survivors: 5120.0K->13312.0K Heap: 413.5M(512.0M)->322.2M(512.0M)]
 [Times: user=0.02 sys=0.00, real=0.00 secs] 
0.447: [GC pause (G1 Evacuation Pause) (mixed), 0.0051650 secs]
   [Parallel Time: 3.8 ms, GC Workers: 4]
      [GC Worker Start (ms): Min: 447.4, Avg: 447.4, Max: 447.5, Diff: 0.2]
      [Ext Root Scanning (ms): Min: 0.1, Avg: 0.1, Max: 0.2, Diff: 0.2, Sum: 0.6]
      [Update RS (ms): Min: 0.4, Avg: 0.4, Max: 0.4, Diff: 0.0, Sum: 1.6]
         [Processed Buffers: Min: 4, Avg: 6.8, Max: 8, Diff: 4, Sum: 27]
      [Scan RS (ms): Min: 0.0, Avg: 0.0, Max: 0.1, Diff: 0.0, Sum: 0.2]
      [Code Root Scanning (ms): Min: 0.0, Avg: 0.0, Max: 0.0, Diff: 0.0, Sum: 0.0]
      [Object Copy (ms): Min: 3.0, Avg: 3.0, Max: 3.0, Diff: 0.0, Sum: 12.0]
      [Termination (ms): Min: 0.0, Avg: 0.0, Max: 0.0, Diff: 0.0, Sum: 0.1]
         [Termination Attempts: Min: 1, Avg: 1.0, Max: 1, Diff: 0, Sum: 4]
      [GC Worker Other (ms): Min: 0.0, Avg: 0.0, Max: 0.0, Diff: 0.0, Sum: 0.0]
      [GC Worker Total (ms): Min: 3.5, Avg: 3.6, Max: 3.7, Diff: 0.2, Sum: 14.5]
      [GC Worker End (ms): Min: 451.1, Avg: 451.1, Max: 451.1, Diff: 0.0]
   [Code Root Fixup: 0.0 ms]
   [Code Root Purge: 0.0 ms]
   [Clear CT: 0.3 ms]
   [Other: 1.1 ms]
      [Choose CSet: 0.0 ms]
      [Ref Proc: 0.5 ms]
      [Ref Enq: 0.0 ms]
      [Redirty Cards: 0.3 ms]
      [Humongous Register: 0.1 ms]
      [Humongous Reclaim: 0.0 ms]
      [Free CSet: 0.0 ms]
   [Eden: 12288.0K(12288.0K)->0.0B(87040.0K) Survivors: 13312.0K->4096.0K Heap: 337.5M(512.0M)->301.2M(512.0M)]
 [Times: user=0.01 sys=0.01, real=0.01 secs] 
0.453: [GC pause (G1 Humongous Allocation) (young) (initial-mark), 0.0031410 secs]
   [Parallel Time: 1.9 ms, GC Workers: 4]
      [GC Worker Start (ms): Min: 452.9, Avg: 453.0, Max: 453.2, Diff: 0.3]
      [Ext Root Scanning (ms): Min: 0.0, Avg: 0.5, Max: 1.3, Diff: 1.3, Sum: 1.9]
      [Update RS (ms): Min: 0.0, Avg: 0.2, Max: 0.3, Diff: 0.3, Sum: 0.6]
         [Processed Buffers: Min: 0, Avg: 1.2, Max: 2, Diff: 2, Sum: 5]
      [Scan RS (ms): Min: 0.0, Avg: 0.0, Max: 0.0, Diff: 0.0, Sum: 0.0]
      [Code Root Scanning (ms): Min: 0.0, Avg: 0.0, Max: 0.0, Diff: 0.0, Sum: 0.0]
      [Object Copy (ms): Min: 0.0, Avg: 0.2, Max: 0.3, Diff: 0.3, Sum: 1.0]
      [Termination (ms): Min: 0.0, Avg: 0.6, Max: 0.9, Diff: 0.9, Sum: 2.3]
         [Termination Attempts: Min: 1, Avg: 1.0, Max: 1, Diff: 0, Sum: 4]
      [GC Worker Other (ms): Min: 0.0, Avg: 0.0, Max: 0.1, Diff: 0.0, Sum: 0.1]
      [GC Worker Total (ms): Min: 1.3, Avg: 1.5, Max: 1.7, Diff: 0.4, Sum: 5.9]
      [GC Worker End (ms): Min: 454.4, Avg: 454.5, Max: 454.6, Diff: 0.2]
   [Code Root Fixup: 0.0 ms]
   [Code Root Purge: 0.0 ms]
   [Clear CT: 0.3 ms]
   [Other: 1.0 ms]
      [Choose CSet: 0.0 ms]
      [Ref Proc: 0.6 ms]
      [Ref Enq: 0.0 ms]
      [Redirty Cards: 0.2 ms]
      [Humongous Register: 0.1 ms]
      [Humongous Reclaim: 0.0 ms]
      [Free CSet: 0.0 ms]
   [Eden: 1024.0K(87040.0K)->0.0B(90112.0K) Survivors: 4096.0K->4096.0K Heap: 301.7M(512.0M)->300.3M(512.0M)]
 [Times: user=0.01 sys=0.00, real=0.00 secs] 
0.456: [GC concurrent-root-region-scan-start]
0.456: [GC concurrent-root-region-scan-end, 0.0001636 secs]
0.456: [GC concurrent-mark-start]
0.459: [GC concurrent-mark-end, 0.0031494 secs]
0.460: [GC remark 0.460: [Finalize Marking, 0.0017720 secs] 0.461: [GC ref-proc, 0.0001293 secs] 0.462: [Unloading, 0.0007737 secs], 0.0036954 secs]
 [Times: user=0.00 sys=0.00, real=0.00 secs] 
0.464: [GC cleanup 322M->322M(512M), 0.0012013 secs]
 [Times: user=0.00 sys=0.00, real=0.00 secs] 
0.478: [GC pause (G1 Evacuation Pause) (young), 0.0041886 secs]
   [Parallel Time: 3.1 ms, GC Workers: 4]
      [GC Worker Start (ms): Min: 478.7, Avg: 478.7, Max: 478.8, Diff: 0.1]
      [Ext Root Scanning (ms): Min: 0.1, Avg: 0.1, Max: 0.2, Diff: 0.1, Sum: 0.6]
      [Update RS (ms): Min: 0.4, Avg: 0.4, Max: 0.4, Diff: 0.1, Sum: 1.6]
         [Processed Buffers: Min: 1, Avg: 5.5, Max: 7, Diff: 6, Sum: 22]
      [Scan RS (ms): Min: 0.0, Avg: 0.0, Max: 0.0, Diff: 0.0, Sum: 0.1]
      [Code Root Scanning (ms): Min: 0.0, Avg: 0.0, Max: 0.0, Diff: 0.0, Sum: 0.0]
      [Object Copy (ms): Min: 2.3, Avg: 2.4, Max: 2.4, Diff: 0.0, Sum: 9.5]
      [Termination (ms): Min: 0.0, Avg: 0.0, Max: 0.0, Diff: 0.0, Sum: 0.0]
         [Termination Attempts: Min: 1, Avg: 1.0, Max: 1, Diff: 0, Sum: 4]
      [GC Worker Other (ms): Min: 0.0, Avg: 0.0, Max: 0.0, Diff: 0.0, Sum: 0.0]
      [GC Worker Total (ms): Min: 2.9, Avg: 3.0, Max: 3.0, Diff: 0.1, Sum: 11.8]
      [GC Worker End (ms): Min: 481.7, Avg: 481.7, Max: 481.7, Diff: 0.0]
   [Code Root Fixup: 0.0 ms]
   [Code Root Purge: 0.0 ms]
   [Clear CT: 0.3 ms]
   [Other: 0.8 ms]
      [Choose CSet: 0.0 ms]
      [Ref Proc: 0.3 ms]
      [Ref Enq: 0.0 ms]
      [Redirty Cards: 0.2 ms]
      [Humongous Register: 0.1 ms]
      [Humongous Reclaim: 0.1 ms]
      [Free CSet: 0.0 ms]
   [Eden: 90112.0K(90112.0K)->0.0B(13312.0K) Survivors: 4096.0K->12288.0K Heap: 413.5M(512.0M)->332.0M(512.0M)]
 [Times: user=0.01 sys=0.00, real=0.01 secs] 
0.485: [GC pause (G1 Evacuation Pause) (mixed), 0.0050720 secs]
   [Parallel Time: 3.9 ms, GC Workers: 4]
      [GC Worker Start (ms): Min: 485.2, Avg: 485.3, Max: 485.4, Diff: 0.1]
      [Ext Root Scanning (ms): Min: 0.1, Avg: 0.1, Max: 0.2, Diff: 0.1, Sum: 0.6]
      [Update RS (ms): Min: 0.3, Avg: 0.3, Max: 0.3, Diff: 0.0, Sum: 1.2]
         [Processed Buffers: Min: 5, Avg: 5.2, Max: 6, Diff: 1, Sum: 21]
      [Scan RS (ms): Min: 0.0, Avg: 0.0, Max: 0.1, Diff: 0.0, Sum: 0.2]
      [Code Root Scanning (ms): Min: 0.0, Avg: 0.0, Max: 0.0, Diff: 0.0, Sum: 0.0]
      [Object Copy (ms): Min: 3.2, Avg: 3.2, Max: 3.2, Diff: 0.0, Sum: 12.7]
      [Termination (ms): Min: 0.0, Avg: 0.0, Max: 0.1, Diff: 0.1, Sum: 0.2]
         [Termination Attempts: Min: 1, Avg: 1.0, Max: 1, Diff: 0, Sum: 4]
      [GC Worker Other (ms): Min: 0.0, Avg: 0.0, Max: 0.0, Diff: 0.0, Sum: 0.0]
      [GC Worker Total (ms): Min: 3.6, Avg: 3.7, Max: 3.8, Diff: 0.1, Sum: 14.8]
      [GC Worker End (ms): Min: 489.0, Avg: 489.0, Max: 489.0, Diff: 0.0]
   [Code Root Fixup: 0.0 ms]
   [Code Root Purge: 0.0 ms]
   [Clear CT: 0.3 ms]
   [Other: 0.9 ms]
      [Choose CSet: 0.0 ms]
      [Ref Proc: 0.4 ms]
      [Ref Enq: 0.0 ms]
      [Redirty Cards: 0.2 ms]
      [Humongous Register: 0.1 ms]
      [Humongous Reclaim: 0.0 ms]
      [Free CSet: 0.0 ms]
   [Eden: 13312.0K(13312.0K)->0.0B(71680.0K) Survivors: 12288.0K->4096.0K Heap: 346.9M(512.0M)->319.1M(512.0M)]
 [Times: user=0.01 sys=0.00, real=0.00 secs] 
0.490: [GC pause (G1 Humongous Allocation) (young) (initial-mark), 0.0034868 secs]
   [Parallel Time: 1.7 ms, GC Workers: 4]
      [GC Worker Start (ms): Min: 490.6, Avg: 490.7, Max: 490.9, Diff: 0.3]
      [Ext Root Scanning (ms): Min: 0.0, Avg: 0.5, Max: 1.2, Diff: 1.1, Sum: 2.0]
      [Update RS (ms): Min: 0.0, Avg: 0.1, Max: 0.1, Diff: 0.1, Sum: 0.3]
         [Processed Buffers: Min: 0, Avg: 1.2, Max: 2, Diff: 2, Sum: 5]
      [Scan RS (ms): Min: 0.0, Avg: 0.0, Max: 0.0, Diff: 0.0, Sum: 0.0]
      [Code Root Scanning (ms): Min: 0.0, Avg: 0.0, Max: 0.0, Diff: 0.0, Sum: 0.0]
      [Object Copy (ms): Min: 0.0, Avg: 0.2, Max: 0.3, Diff: 0.3, Sum: 0.9]
      [Termination (ms): Min: 0.0, Avg: 0.5, Max: 0.7, Diff: 0.7, Sum: 2.1]
         [Termination Attempts: Min: 1, Avg: 1.0, Max: 1, Diff: 0, Sum: 4]
      [GC Worker Other (ms): Min: 0.0, Avg: 0.0, Max: 0.0, Diff: 0.0, Sum: 0.0]
      [GC Worker Total (ms): Min: 1.2, Avg: 1.3, Max: 1.5, Diff: 0.3, Sum: 5.3]
      [GC Worker End (ms): Min: 492.0, Avg: 492.1, Max: 492.1, Diff: 0.0]
   [Code Root Fixup: 0.0 ms]
   [Code Root Purge: 0.0 ms]
   [Clear CT: 0.3 ms]
   [Other: 1.5 ms]
      [Choose CSet: 0.0 ms]
      [Ref Proc: 1.0 ms]
      [Ref Enq: 0.0 ms]
      [Redirty Cards: 0.2 ms]
      [Humongous Register: 0.1 ms]
      [Humongous Reclaim: 0.0 ms]
      [Free CSet: 0.0 ms]
   [Eden: 1024.0K(71680.0K)->0.0B(74752.0K) Survivors: 4096.0K->4096.0K Heap: 319.9M(512.0M)->318.5M(512.0M)]
 [Times: user=0.01 sys=0.00, real=0.01 secs] 
0.494: [GC concurrent-root-region-scan-start]
0.494: [GC concurrent-root-region-scan-end, 0.0001222 secs]
0.494: [GC concurrent-mark-start]
0.497: [GC concurrent-mark-end, 0.0030992 secs]
0.498: [GC remark 0.498: [Finalize Marking, 0.0005984 secs] 0.498: [GC ref-proc, 0.0001364 secs] 0.498: [Unloading, 0.0004928 secs], 0.0024514 secs]
 [Times: user=0.00 sys=0.00, real=0.01 secs] 
0.500: [GC cleanup 339M->339M(512M), 0.0016646 secs]
 [Times: user=0.00 sys=0.00, real=0.00 secs] 
0.514: [GC pause (G1 Evacuation Pause) (young), 0.0066017 secs]
   [Parallel Time: 4.3 ms, GC Workers: 4]
      [GC Worker Start (ms): Min: 513.8, Avg: 514.9, Max: 517.8, Diff: 4.0]
      [Ext Root Scanning (ms): Min: 0.0, Avg: 0.1, Max: 0.2, Diff: 0.2, Sum: 0.4]
      [Update RS (ms): Min: 0.0, Avg: 0.3, Max: 0.5, Diff: 0.5, Sum: 1.4]
         [Processed Buffers: Min: 0, Avg: 6.0, Max: 12, Diff: 12, Sum: 24]
      [Scan RS (ms): Min: 0.0, Avg: 0.0, Max: 0.0, Diff: 0.0, Sum: 0.0]
      [Code Root Scanning (ms): Min: 0.0, Avg: 0.0, Max: 0.0, Diff: 0.0, Sum: 0.0]
      [Object Copy (ms): Min: 0.0, Avg: 1.9, Max: 2.6, Diff: 2.6, Sum: 7.5]
      [Termination (ms): Min: 0.0, Avg: 0.6, Max: 0.9, Diff: 0.9, Sum: 2.5]
         [Termination Attempts: Min: 1, Avg: 1.0, Max: 1, Diff: 0, Sum: 4]
      [GC Worker Other (ms): Min: 0.0, Avg: 0.0, Max: 0.0, Diff: 0.0, Sum: 0.0]
      [GC Worker Total (ms): Min: 0.0, Avg: 3.0, Max: 4.1, Diff: 4.1, Sum: 11.8]
      [GC Worker End (ms): Min: 517.9, Avg: 517.9, Max: 517.9, Diff: 0.1]
   [Code Root Fixup: 0.0 ms]
   [Code Root Purge: 0.0 ms]
   [Clear CT: 0.3 ms]
   [Other: 2.0 ms]
      [Choose CSet: 0.0 ms]
      [Ref Proc: 1.4 ms]
      [Ref Enq: 0.0 ms]
      [Redirty Cards: 0.3 ms]
      [Humongous Register: 0.1 ms]
      [Humongous Reclaim: 0.1 ms]
      [Free CSet: 0.0 ms]
   [Eden: 74752.0K(74752.0K)->0.0B(15360.0K) Survivors: 4096.0K->10240.0K Heap: 409.4M(512.0M)->340.7M(512.0M)]
 [Times: user=0.01 sys=0.00, real=0.01 secs] 
0.524: [GC pause (G1 Evacuation Pause) (mixed), 0.0056075 secs]
   [Parallel Time: 4.3 ms, GC Workers: 4]
      [GC Worker Start (ms): Min: 523.9, Avg: 523.9, Max: 524.0, Diff: 0.1]
      [Ext Root Scanning (ms): Min: 0.1, Avg: 0.1, Max: 0.2, Diff: 0.1, Sum: 0.5]
      [Update RS (ms): Min: 0.6, Avg: 0.6, Max: 0.6, Diff: 0.0, Sum: 2.4]
         [Processed Buffers: Min: 7, Avg: 9.5, Max: 11, Diff: 4, Sum: 38]
      [Scan RS (ms): Min: 0.0, Avg: 0.0, Max: 0.1, Diff: 0.0, Sum: 0.2]
      [Code Root Scanning (ms): Min: 0.0, Avg: 0.0, Max: 0.0, Diff: 0.0, Sum: 0.0]
      [Object Copy (ms): Min: 3.4, Avg: 3.4, Max: 3.4, Diff: 0.0, Sum: 13.5]
      [Termination (ms): Min: 0.0, Avg: 0.0, Max: 0.0, Diff: 0.0, Sum: 0.1]
         [Termination Attempts: Min: 1, Avg: 1.0, Max: 1, Diff: 0, Sum: 4]
      [GC Worker Other (ms): Min: 0.0, Avg: 0.0, Max: 0.0, Diff: 0.0, Sum: 0.0]
      [GC Worker Total (ms): Min: 4.1, Avg: 4.2, Max: 4.2, Diff: 0.2, Sum: 16.7]
      [GC Worker End (ms): Min: 528.1, Avg: 528.1, Max: 528.1, Diff: 0.0]
   [Code Root Fixup: 0.0 ms]
   [Code Root Purge: 0.0 ms]
   [Clear CT: 0.3 ms]
   [Other: 1.0 ms]
      [Choose CSet: 0.0 ms]
      [Ref Proc: 0.4 ms]
      [Ref Enq: 0.0 ms]
      [Redirty Cards: 0.3 ms]
      [Humongous Register: 0.1 ms]
      [Humongous Reclaim: 0.0 ms]
      [Free CSet: 0.1 ms]
   [Eden: 15360.0K(15360.0K)->0.0B(68608.0K) Survivors: 10240.0K->4096.0K Heap: 361.5M(512.0M)->323.1M(512.0M)]
 [Times: user=0.02 sys=0.00, real=0.00 secs] 
0.530: [GC pause (G1 Humongous Allocation) (young) (initial-mark), 0.0028495 secs]
   [Parallel Time: 1.7 ms, GC Workers: 4]
      [GC Worker Start (ms): Min: 530.0, Avg: 530.2, Max: 530.3, Diff: 0.3]
      [Ext Root Scanning (ms): Min: 0.0, Avg: 0.8, Max: 1.5, Diff: 1.5, Sum: 3.0]
      [Update RS (ms): Min: 0.0, Avg: 0.1, Max: 0.1, Diff: 0.1, Sum: 0.3]
         [Processed Buffers: Min: 0, Avg: 1.2, Max: 3, Diff: 3, Sum: 5]
      [Scan RS (ms): Min: 0.0, Avg: 0.0, Max: 0.0, Diff: 0.0, Sum: 0.0]
      [Code Root Scanning (ms): Min: 0.0, Avg: 0.0, Max: 0.0, Diff: 0.0, Sum: 0.0]
      [Object Copy (ms): Min: 0.0, Avg: 0.2, Max: 0.4, Diff: 0.4, Sum: 0.7]
      [Termination (ms): Min: 0.0, Avg: 0.4, Max: 0.8, Diff: 0.8, Sum: 1.6]
         [Termination Attempts: Min: 1, Avg: 1.0, Max: 1, Diff: 0, Sum: 4]
      [GC Worker Other (ms): Min: 0.0, Avg: 0.0, Max: 0.0, Diff: 0.0, Sum: 0.0]
      [GC Worker Total (ms): Min: 1.3, Avg: 1.4, Max: 1.5, Diff: 0.3, Sum: 5.7]
      [GC Worker End (ms): Min: 531.6, Avg: 531.6, Max: 531.6, Diff: 0.1]
   [Code Root Fixup: 0.0 ms]
   [Code Root Purge: 0.0 ms]
   [Clear CT: 0.3 ms]
   [Other: 0.8 ms]
      [Choose CSet: 0.0 ms]
      [Ref Proc: 0.4 ms]
      [Ref Enq: 0.0 ms]
      [Redirty Cards: 0.3 ms]
      [Humongous Register: 0.1 ms]
      [Humongous Reclaim: 0.0 ms]
      [Free CSet: 0.0 ms]
   [Eden: 2048.0K(68608.0K)->0.0B(71680.0K) Survivors: 4096.0K->4096.0K Heap: 324.6M(512.0M)->323.0M(512.0M)]
 [Times: user=0.00 sys=0.00, real=0.01 secs] 
0.533: [GC concurrent-root-region-scan-start]
0.533: [GC concurrent-root-region-scan-end, 0.0000910 secs]
0.533: [GC concurrent-mark-start]
0.536: [GC concurrent-mark-end, 0.0031472 secs]
0.536: [GC remark 0.536: [Finalize Marking, 0.0008470 secs] 0.537: [GC ref-proc, 0.0001348 secs] 0.537: [Unloading, 0.0009710 secs], 0.0033805 secs]
 [Times: user=0.01 sys=0.00, real=0.01 secs] 
0.540: [GC cleanup 346M->346M(512M), 0.0011789 secs]
 [Times: user=0.00 sys=0.00, real=0.00 secs] 
0.550: [GC pause (G1 Evacuation Pause) (young), 0.0047479 secs]
   [Parallel Time: 3.6 ms, GC Workers: 4]
      [GC Worker Start (ms): Min: 550.2, Avg: 550.3, Max: 550.4, Diff: 0.2]
      [Ext Root Scanning (ms): Min: 0.0, Avg: 0.1, Max: 0.2, Diff: 0.2, Sum: 0.5]
      [Update RS (ms): Min: 0.4, Avg: 0.4, Max: 0.4, Diff: 0.1, Sum: 1.6]
         [Processed Buffers: Min: 5, Avg: 7.2, Max: 8, Diff: 3, Sum: 29]
      [Scan RS (ms): Min: 0.0, Avg: 0.0, Max: 0.0, Diff: 0.0, Sum: 0.0]
      [Code Root Scanning (ms): Min: 0.0, Avg: 0.0, Max: 0.0, Diff: 0.0, Sum: 0.0]
      [Object Copy (ms): Min: 2.7, Avg: 2.8, Max: 2.8, Diff: 0.1, Sum: 11.0]
      [Termination (ms): Min: 0.0, Avg: 0.0, Max: 0.1, Diff: 0.1, Sum: 0.2]
         [Termination Attempts: Min: 1, Avg: 1.0, Max: 1, Diff: 0, Sum: 4]
      [GC Worker Other (ms): Min: 0.0, Avg: 0.0, Max: 0.0, Diff: 0.0, Sum: 0.0]
      [GC Worker Total (ms): Min: 3.3, Avg: 3.3, Max: 3.4, Diff: 0.1, Sum: 13.4]
      [GC Worker End (ms): Min: 553.6, Avg: 553.7, Max: 553.7, Diff: 0.1]
   [Code Root Fixup: 0.0 ms]
   [Code Root Purge: 0.0 ms]
   [Clear CT: 0.3 ms]
   [Other: 0.8 ms]
      [Choose CSet: 0.0 ms]
      [Ref Proc: 0.3 ms]
      [Ref Enq: 0.0 ms]
      [Redirty Cards: 0.3 ms]
      [Humongous Register: 0.1 ms]
      [Humongous Reclaim: 0.1 ms]
      [Free CSet: 0.0 ms]
   [Eden: 71680.0K(71680.0K)->0.0B(15360.0K) Survivors: 4096.0K->10240.0K Heap: 403.6M(512.0M)->342.9M(512.0M)]
 [Times: user=0.01 sys=0.00, real=0.01 secs] 
0.559: [GC pause (G1 Evacuation Pause) (mixed), 0.0101552 secs]
   [Parallel Time: 6.2 ms, GC Workers: 4]
      [GC Worker Start (ms): Min: 559.7, Avg: 559.7, Max: 559.8, Diff: 0.1]
      [Ext Root Scanning (ms): Min: 0.1, Avg: 0.1, Max: 0.2, Diff: 0.1, Sum: 0.5]
      [Update RS (ms): Min: 0.8, Avg: 0.8, Max: 0.8, Diff: 0.0, Sum: 3.2]
         [Processed Buffers: Min: 10, Avg: 12.8, Max: 14, Diff: 4, Sum: 51]
      [Scan RS (ms): Min: 0.0, Avg: 0.0, Max: 0.1, Diff: 0.0, Sum: 0.2]
      [Code Root Scanning (ms): Min: 0.0, Avg: 0.0, Max: 0.0, Diff: 0.0, Sum: 0.0]
      [Object Copy (ms): Min: 3.2, Avg: 3.3, Max: 3.4, Diff: 0.2, Sum: 13.2]
      [Termination (ms): Min: 0.0, Avg: 0.2, Max: 0.4, Diff: 0.4, Sum: 0.7]
         [Termination Attempts: Min: 1, Avg: 1.0, Max: 1, Diff: 0, Sum: 4]
      [GC Worker Other (ms): Min: 0.0, Avg: 0.0, Max: 0.0, Diff: 0.0, Sum: 0.0]
      [GC Worker Total (ms): Min: 4.4, Avg: 4.5, Max: 4.5, Diff: 0.1, Sum: 17.9]
      [GC Worker End (ms): Min: 564.2, Avg: 564.2, Max: 564.3, Diff: 0.2]
   [Code Root Fixup: 0.0 ms]
   [Code Root Purge: 0.0 ms]
   [Clear CT: 0.3 ms]
   [Other: 3.6 ms]
      [Choose CSet: 0.0 ms]
      [Ref Proc: 0.7 ms]
      [Ref Enq: 0.0 ms]
      [Redirty Cards: 2.6 ms]
      [Humongous Register: 0.1 ms]
      [Humongous Reclaim: 0.0 ms]
      [Free CSet: 0.1 ms]
   [Eden: 15360.0K(15360.0K)->0.0B(65536.0K) Survivors: 10240.0K->3072.0K Heap: 364.3M(512.0M)->330.0M(512.0M)]
 [Times: user=0.02 sys=0.00, real=0.00 secs] 
0.570: [GC pause (G1 Humongous Allocation) (young) (initial-mark), 0.0046068 secs]
   [Parallel Time: 2.7 ms, GC Workers: 4]
      [GC Worker Start (ms): Min: 570.2, Avg: 570.3, Max: 570.4, Diff: 0.2]
      [Ext Root Scanning (ms): Min: 0.1, Avg: 0.2, Max: 0.3, Diff: 0.2, Sum: 0.7]
      [Update RS (ms): Min: 0.1, Avg: 0.2, Max: 0.5, Diff: 0.4, Sum: 0.9]
         [Processed Buffers: Min: 1, Avg: 1.2, Max: 2, Diff: 1, Sum: 5]
      [Scan RS (ms): Min: 0.0, Avg: 0.0, Max: 0.0, Diff: 0.0, Sum: 0.0]
      [Code Root Scanning (ms): Min: 0.0, Avg: 0.0, Max: 0.0, Diff: 0.0, Sum: 0.0]
      [Object Copy (ms): Min: 0.0, Avg: 0.4, Max: 0.9, Diff: 0.9, Sum: 1.8]
      [Termination (ms): Min: 0.0, Avg: 0.8, Max: 1.6, Diff: 1.6, Sum: 3.2]
         [Termination Attempts: Min: 1, Avg: 1.0, Max: 1, Diff: 0, Sum: 4]
      [GC Worker Other (ms): Min: 0.0, Avg: 0.0, Max: 0.0, Diff: 0.0, Sum: 0.0]
      [GC Worker Total (ms): Min: 1.3, Avg: 1.7, Max: 2.5, Diff: 1.1, Sum: 6.6]
      [GC Worker End (ms): Min: 571.7, Avg: 571.9, Max: 572.6, Diff: 1.0]
   [Code Root Fixup: 0.0 ms]
   [Code Root Purge: 0.0 ms]
   [Clear CT: 0.3 ms]
   [Other: 1.6 ms]
      [Choose CSet: 0.0 ms]
      [Ref Proc: 1.1 ms]
      [Ref Enq: 0.0 ms]
      [Redirty Cards: 0.3 ms]
      [Humongous Register: 0.1 ms]
      [Humongous Reclaim: 0.0 ms]
      [Free CSet: 0.0 ms]
   [Eden: 1024.0K(65536.0K)->0.0B(68608.0K) Survivors: 3072.0K->3072.0K Heap: 330.2M(512.0M)->329.9M(512.0M)]
 [Times: user=0.01 sys=0.00, real=0.01 secs] 
0.575: [GC concurrent-root-region-scan-start]
0.575: [GC concurrent-root-region-scan-end, 0.0002589 secs]
0.575: [GC concurrent-mark-start]
0.579: [GC concurrent-mark-end, 0.0043146 secs]
0.580: [GC remark 0.580: [Finalize Marking, 0.0012735 secs] 0.581: [GC ref-proc, 0.0001538 secs] 0.581: [Unloading, 0.0008283 secs], 0.0038881 secs]
 [Times: user=0.00 sys=0.00, real=0.00 secs] 
0.584: [GC cleanup 355M->355M(512M), 0.0017180 secs]
 [Times: user=0.01 sys=0.00, real=0.00 secs] 
0.596: [GC pause (G1 Evacuation Pause) (young), 0.0072677 secs]
   [Parallel Time: 4.6 ms, GC Workers: 4]
      [GC Worker Start (ms): Min: 595.9, Avg: 597.4, Max: 599.4, Diff: 3.5]
      [Ext Root Scanning (ms): Min: 0.0, Avg: 0.1, Max: 0.2, Diff: 0.2, Sum: 0.4]
      [Update RS (ms): Min: 0.0, Avg: 0.7, Max: 1.4, Diff: 1.4, Sum: 2.7]
         [Processed Buffers: Min: 0, Avg: 11.2, Max: 25, Diff: 25, Sum: 45]
      [Scan RS (ms): Min: 0.0, Avg: 0.0, Max: 0.0, Diff: 0.0, Sum: 0.1]
      [Code Root Scanning (ms): Min: 0.0, Avg: 0.0, Max: 0.0, Diff: 0.0, Sum: 0.0]
      [Object Copy (ms): Min: 0.9, Avg: 2.1, Max: 2.9, Diff: 2.0, Sum: 8.5]
      [Termination (ms): Min: 0.0, Avg: 0.0, Max: 0.1, Diff: 0.1, Sum: 0.1]
         [Termination Attempts: Min: 1, Avg: 1.0, Max: 1, Diff: 0, Sum: 4]
      [GC Worker Other (ms): Min: 0.0, Avg: 0.0, Max: 0.0, Diff: 0.0, Sum: 0.1]
      [GC Worker Total (ms): Min: 1.0, Avg: 3.0, Max: 4.5, Diff: 3.5, Sum: 11.9]
      [GC Worker End (ms): Min: 600.4, Avg: 600.4, Max: 600.4, Diff: 0.0]
   [Code Root Fixup: 0.0 ms]
   [Code Root Purge: 0.0 ms]
   [Clear CT: 0.3 ms]
   [Other: 2.3 ms]
      [Choose CSet: 0.0 ms]
      [Ref Proc: 1.7 ms]
      [Ref Enq: 0.0 ms]
      [Redirty Cards: 0.2 ms]
      [Humongous Register: 0.1 ms]
      [Humongous Reclaim: 0.1 ms]
      [Free CSet: 0.0 ms]
   [Eden: 68608.0K(68608.0K)->0.0B(16384.0K) Survivors: 3072.0K->9216.0K Heap: 416.0M(512.0M)->357.1M(512.0M)]
 [Times: user=0.02 sys=0.00, real=0.01 secs] 
0.607: [GC pause (G1 Evacuation Pause) (mixed), 0.0058950 secs]
   [Parallel Time: 4.4 ms, GC Workers: 4]
      [GC Worker Start (ms): Min: 607.6, Avg: 607.7, Max: 607.7, Diff: 0.1]
      [Ext Root Scanning (ms): Min: 0.1, Avg: 0.1, Max: 0.2, Diff: 0.1, Sum: 0.5]
      [Update RS (ms): Min: 0.2, Avg: 0.3, Max: 0.3, Diff: 0.0, Sum: 1.0]
         [Processed Buffers: Min: 3, Avg: 3.8, Max: 6, Diff: 3, Sum: 15]
      [Scan RS (ms): Min: 0.0, Avg: 0.1, Max: 0.1, Diff: 0.0, Sum: 0.2]
      [Code Root Scanning (ms): Min: 0.0, Avg: 0.0, Max: 0.0, Diff: 0.0, Sum: 0.0]
      [Object Copy (ms): Min: 3.6, Avg: 3.7, Max: 3.7, Diff: 0.0, Sum: 14.6]
      [Termination (ms): Min: 0.0, Avg: 0.0, Max: 0.0, Diff: 0.0, Sum: 0.1]
         [Termination Attempts: Min: 1, Avg: 1.0, Max: 1, Diff: 0, Sum: 4]
      [GC Worker Other (ms): Min: 0.0, Avg: 0.0, Max: 0.0, Diff: 0.0, Sum: 0.0]
      [GC Worker Total (ms): Min: 4.1, Avg: 4.1, Max: 4.2, Diff: 0.1, Sum: 16.5]
      [GC Worker End (ms): Min: 611.8, Avg: 611.8, Max: 611.8, Diff: 0.0]
   [Code Root Fixup: 0.0 ms]
   [Code Root Purge: 0.0 ms]
   [Clear CT: 0.3 ms]
   [Other: 1.2 ms]
      [Choose CSet: 0.0 ms]
      [Ref Proc: 0.6 ms]
      [Ref Enq: 0.0 ms]
      [Redirty Cards: 0.3 ms]
      [Humongous Register: 0.1 ms]
      [Humongous Reclaim: 0.0 ms]
      [Free CSet: 0.0 ms]
   [Eden: 16384.0K(16384.0K)->0.0B(53248.0K) Survivors: 9216.0K->4096.0K Heap: 374.2M(512.0M)->342.8M(512.0M)]
 [Times: user=0.01 sys=0.00, real=0.01 secs] 
0.614: [GC pause (G1 Humongous Allocation) (young) (initial-mark), 0.0057808 secs]
   [Parallel Time: 2.6 ms, GC Workers: 4]
      [GC Worker Start (ms): Min: 613.8, Avg: 613.9, Max: 614.0, Diff: 0.2]
      [Ext Root Scanning (ms): Min: 0.2, Avg: 0.2, Max: 0.3, Diff: 0.1, Sum: 0.8]
      [Update RS (ms): Min: 0.0, Avg: 1.2, Max: 1.9, Diff: 1.9, Sum: 4.9]
         [Processed Buffers: Min: 1, Avg: 1.2, Max: 2, Diff: 1, Sum: 5]
      [Scan RS (ms): Min: 0.0, Avg: 0.0, Max: 0.0, Diff: 0.0, Sum: 0.0]
      [Code Root Scanning (ms): Min: 0.0, Avg: 0.0, Max: 0.0, Diff: 0.0, Sum: 0.0]
      [Object Copy (ms): Min: 0.2, Avg: 0.2, Max: 0.2, Diff: 0.1, Sum: 0.8]
      [Termination (ms): Min: 0.0, Avg: 0.7, Max: 1.8, Diff: 1.8, Sum: 2.7]
         [Termination Attempts: Min: 1, Avg: 1.5, Max: 2, Diff: 1, Sum: 6]
      [GC Worker Other (ms): Min: 0.0, Avg: 0.0, Max: 0.0, Diff: 0.0, Sum: 0.0]
      [GC Worker Total (ms): Min: 2.2, Avg: 2.3, Max: 2.4, Diff: 0.2, Sum: 9.3]
      [GC Worker End (ms): Min: 616.2, Avg: 616.3, Max: 616.3, Diff: 0.1]
   [Code Root Fixup: 0.0 ms]
   [Code Root Purge: 0.0 ms]
   [Clear CT: 0.9 ms]
   [Other: 2.2 ms]
      [Choose CSet: 0.0 ms]
      [Ref Proc: 1.6 ms]
      [Ref Enq: 0.0 ms]
      [Redirty Cards: 0.2 ms]
      [Humongous Register: 0.1 ms]
      [Humongous Reclaim: 0.1 ms]
      [Free CSet: 0.1 ms]
   [Eden: 1024.0K(53248.0K)->0.0B(56320.0K) Survivors: 4096.0K->4096.0K Heap: 343.8M(512.0M)->342.3M(512.0M)]
 [Times: user=0.01 sys=0.00, real=0.01 secs] 
0.620: [GC concurrent-root-region-scan-start]
0.620: [GC concurrent-root-region-scan-end, 0.0007354 secs]
0.620: [GC concurrent-mark-start]
0.626: [GC concurrent-mark-end, 0.0055242 secs]
0.626: [GC remark 0.626: [Finalize Marking, 0.0028874 secs] 0.629: [GC ref-proc, 0.0001716 secs] 0.630: [Unloading, 0.0018996 secs], 0.0088812 secs]
 [Times: user=0.01 sys=0.00, real=0.01 secs] 
0.637: [GC cleanup 377M->377M(512M), 0.0038985 secs]
 [Times: user=0.01 sys=0.00, real=0.01 secs] 
0.651: [GC pause (G1 Evacuation Pause) (young) (to-space exhausted), 0.0070811 secs]
   [Parallel Time: 4.0 ms, GC Workers: 4]
      [GC Worker Start (ms): Min: 652.1, Avg: 652.8, Max: 654.5, Diff: 2.4]
      [Ext Root Scanning (ms): Min: 0.0, Avg: 0.1, Max: 0.3, Diff: 0.3, Sum: 0.3]
      [Update RS (ms): Min: 0.0, Avg: 0.7, Max: 1.0, Diff: 1.0, Sum: 2.8]
         [Processed Buffers: Min: 0, Avg: 8.8, Max: 13, Diff: 13, Sum: 35]
      [Scan RS (ms): Min: 0.0, Avg: 0.0, Max: 0.0, Diff: 0.0, Sum: 0.1]
      [Code Root Scanning (ms): Min: 0.0, Avg: 0.0, Max: 0.0, Diff: 0.0, Sum: 0.0]
      [Object Copy (ms): Min: 1.1, Avg: 2.0, Max: 2.3, Diff: 1.3, Sum: 8.0]
      [Termination (ms): Min: 0.0, Avg: 0.0, Max: 0.0, Diff: 0.0, Sum: 0.1]
         [Termination Attempts: Min: 1, Avg: 1.0, Max: 1, Diff: 0, Sum: 4]
      [GC Worker Other (ms): Min: 0.0, Avg: 0.0, Max: 0.0, Diff: 0.0, Sum: 0.1]
      [GC Worker Total (ms): Min: 1.1, Avg: 2.8, Max: 3.6, Diff: 2.4, Sum: 11.3]
      [GC Worker End (ms): Min: 655.6, Avg: 655.6, Max: 655.6, Diff: 0.0]
   [Code Root Fixup: 0.0 ms]
   [Code Root Purge: 0.0 ms]
   [Clear CT: 0.3 ms]
   [Other: 2.7 ms]
      [Evacuation Failure: 0.4 ms]
      [Choose CSet: 0.0 ms]
      [Ref Proc: 1.6 ms]
      [Ref Enq: 0.0 ms]
      [Redirty Cards: 0.3 ms]
      [Humongous Register: 0.2 ms]
      [Humongous Reclaim: 0.1 ms]
      [Free CSet: 0.0 ms]
   [Eden: 56320.0K(56320.0K)->0.0B(17408.0K) Survivors: 4096.0K->8192.0K Heap: 424.6M(512.0M)->377.4M(512.0M)]
 [Times: user=0.01 sys=0.00, real=0.01 secs] 
0.662: [GC pause (G1 Evacuation Pause) (mixed), 0.0075842 secs]
   [Parallel Time: 6.1 ms, GC Workers: 4]
      [GC Worker Start (ms): Min: 662.4, Avg: 662.5, Max: 662.5, Diff: 0.1]
      [Ext Root Scanning (ms): Min: 0.1, Avg: 0.2, Max: 0.2, Diff: 0.1, Sum: 0.6]
      [Update RS (ms): Min: 1.0, Avg: 1.0, Max: 1.0, Diff: 0.1, Sum: 3.9]
         [Processed Buffers: Min: 9, Avg: 13.8, Max: 16, Diff: 7, Sum: 55]
      [Scan RS (ms): Min: 0.1, Avg: 0.1, Max: 0.1, Diff: 0.0, Sum: 0.4]
      [Code Root Scanning (ms): Min: 0.0, Avg: 0.0, Max: 0.0, Diff: 0.0, Sum: 0.0]
      [Object Copy (ms): Min: 4.2, Avg: 4.3, Max: 4.4, Diff: 0.3, Sum: 17.1]
      [Termination (ms): Min: 0.0, Avg: 0.2, Max: 0.3, Diff: 0.3, Sum: 0.7]
         [Termination Attempts: Min: 1, Avg: 1.0, Max: 1, Diff: 0, Sum: 4]
      [GC Worker Other (ms): Min: 0.0, Avg: 0.0, Max: 0.0, Diff: 0.0, Sum: 0.0]
      [GC Worker Total (ms): Min: 5.7, Avg: 5.7, Max: 5.7, Diff: 0.1, Sum: 22.8]
      [GC Worker End (ms): Min: 668.1, Avg: 668.2, Max: 668.2, Diff: 0.1]
   [Code Root Fixup: 0.0 ms]
   [Code Root Purge: 0.0 ms]
   [Clear CT: 0.4 ms]
   [Other: 1.1 ms]
      [Choose CSet: 0.0 ms]
      [Ref Proc: 0.5 ms]
      [Ref Enq: 0.0 ms]
      [Redirty Cards: 0.3 ms]
      [Humongous Register: 0.1 ms]
      [Humongous Reclaim: 0.0 ms]
      [Free CSet: 0.1 ms]
   [Eden: 17408.0K(17408.0K)->0.0B(21504.0K) Survivors: 8192.0K->4096.0K Heap: 401.4M(512.0M)->359.2M(512.0M)]
 [Times: user=0.02 sys=0.00, real=0.00 secs] 
0.676: [GC pause (G1 Evacuation Pause) (mixed), 0.0036331 secs]
   [Parallel Time: 2.4 ms, GC Workers: 4]
      [GC Worker Start (ms): Min: 676.4, Avg: 676.5, Max: 676.5, Diff: 0.1]
      [Ext Root Scanning (ms): Min: 0.1, Avg: 0.2, Max: 0.2, Diff: 0.1, Sum: 0.7]
      [Update RS (ms): Min: 1.0, Avg: 1.0, Max: 1.0, Diff: 0.0, Sum: 3.9]
         [Processed Buffers: Min: 10, Avg: 12.5, Max: 14, Diff: 4, Sum: 50]
      [Scan RS (ms): Min: 0.0, Avg: 0.0, Max: 0.0, Diff: 0.0, Sum: 0.0]
      [Code Root Scanning (ms): Min: 0.0, Avg: 0.0, Max: 0.0, Diff: 0.0, Sum: 0.0]
      [Object Copy (ms): Min: 0.9, Avg: 1.0, Max: 1.0, Diff: 0.0, Sum: 3.9]
      [Termination (ms): Min: 0.0, Avg: 0.0, Max: 0.1, Diff: 0.1, Sum: 0.1]
         [Termination Attempts: Min: 1, Avg: 1.0, Max: 1, Diff: 0, Sum: 4]
      [GC Worker Other (ms): Min: 0.0, Avg: 0.0, Max: 0.0, Diff: 0.0, Sum: 0.0]
      [GC Worker Total (ms): Min: 2.1, Avg: 2.2, Max: 2.3, Diff: 0.1, Sum: 8.7]
      [GC Worker End (ms): Min: 678.6, Avg: 678.7, Max: 678.7, Diff: 0.0]
   [Code Root Fixup: 0.0 ms]
   [Code Root Purge: 0.0 ms]
   [Clear CT: 0.3 ms]
   [Other: 0.9 ms]
      [Choose CSet: 0.0 ms]
      [Ref Proc: 0.3 ms]
      [Ref Enq: 0.0 ms]
      [Redirty Cards: 0.3 ms]
      [Humongous Register: 0.1 ms]
      [Humongous Reclaim: 0.1 ms]
      [Free CSet: 0.0 ms]
   [Eden: 21504.0K(21504.0K)->0.0B(26624.0K) Survivors: 4096.0K->4096.0K Heap: 388.2M(512.0M)->369.5M(512.0M)]
 [Times: user=0.01 sys=0.00, real=0.01 secs] 
0.681: [GC pause (G1 Humongous Allocation) (young) (initial-mark), 0.0039331 secs]
   [Parallel Time: 2.0 ms, GC Workers: 4]
      [GC Worker Start (ms): Min: 680.8, Avg: 680.9, Max: 681.1, Diff: 0.3]
      [Ext Root Scanning (ms): Min: 0.0, Avg: 0.4, Max: 0.9, Diff: 0.9, Sum: 1.6]
      [Update RS (ms): Min: 0.0, Avg: 0.1, Max: 0.2, Diff: 0.2, Sum: 0.3]
         [Processed Buffers: Min: 0, Avg: 1.2, Max: 2, Diff: 2, Sum: 5]
      [Scan RS (ms): Min: 0.0, Avg: 0.0, Max: 0.0, Diff: 0.0, Sum: 0.0]
      [Code Root Scanning (ms): Min: 0.0, Avg: 0.0, Max: 0.0, Diff: 0.0, Sum: 0.0]
      [Object Copy (ms): Min: 0.1, Avg: 0.6, Max: 1.4, Diff: 1.4, Sum: 2.6]
      [Termination (ms): Min: 0.0, Avg: 0.6, Max: 0.9, Diff: 0.9, Sum: 2.5]
         [Termination Attempts: Min: 1, Avg: 1.0, Max: 1, Diff: 0, Sum: 4]
      [GC Worker Other (ms): Min: 0.0, Avg: 0.0, Max: 0.0, Diff: 0.0, Sum: 0.0]
      [GC Worker Total (ms): Min: 1.6, Avg: 1.8, Max: 1.9, Diff: 0.2, Sum: 7.1]
      [GC Worker End (ms): Min: 682.6, Avg: 682.7, Max: 682.7, Diff: 0.1]
   [Code Root Fixup: 0.0 ms]
   [Code Root Purge: 0.0 ms]
   [Clear CT: 0.4 ms]
   [Other: 1.5 ms]
      [Choose CSet: 0.0 ms]
      [Ref Proc: 1.0 ms]
      [Ref Enq: 0.0 ms]
      [Redirty Cards: 0.3 ms]
      [Humongous Register: 0.1 ms]
      [Humongous Reclaim: 0.0 ms]
      [Free CSet: 0.0 ms]
   [Eden: 3072.0K(26624.0K)->0.0B(26624.0K) Survivors: 4096.0K->1024.0K Heap: 372.3M(512.0M)->370.6M(512.0M)]
 [Times: user=0.01 sys=0.00, real=0.00 secs] 
0.685: [GC concurrent-root-region-scan-start]
0.685: [GC concurrent-root-region-scan-end, 0.0001509 secs]
0.685: [GC concurrent-mark-start]
0.689: [GC concurrent-mark-end, 0.0038054 secs]
0.689: [GC remark 0.689: [Finalize Marking, 0.0017856 secs] 0.691: [GC ref-proc, 0.0001885 secs] 0.691: [Unloading, 0.0008110 secs], 0.0047971 secs]
 [Times: user=0.00 sys=0.01, real=0.01 secs] 
0.694: [GC cleanup 384M->383M(512M), 0.0014594 secs]
 [Times: user=0.00 sys=0.00, real=0.00 secs] 
0.696: [GC concurrent-cleanup-start]
0.696: [GC concurrent-cleanup-end, 0.0000098 secs]
0.700: [GC pause (G1 Evacuation Pause) (young), 0.0039694 secs]
   [Parallel Time: 2.9 ms, GC Workers: 4]
      [GC Worker Start (ms): Min: 700.0, Avg: 700.7, Max: 702.7, Diff: 2.7]
      [Ext Root Scanning (ms): Min: 0.0, Avg: 0.1, Max: 0.2, Diff: 0.2, Sum: 0.5]
      [Update RS (ms): Min: 0.0, Avg: 0.9, Max: 1.2, Diff: 1.2, Sum: 3.5]
         [Processed Buffers: Min: 0, Avg: 15.8, Max: 22, Diff: 22, Sum: 63]
      [Scan RS (ms): Min: 0.0, Avg: 0.0, Max: 0.0, Diff: 0.0, Sum: 0.0]
      [Code Root Scanning (ms): Min: 0.0, Avg: 0.0, Max: 0.0, Diff: 0.0, Sum: 0.0]
      [Object Copy (ms): Min: 0.0, Avg: 0.5, Max: 0.7, Diff: 0.7, Sum: 2.0]
      [Termination (ms): Min: 0.0, Avg: 0.5, Max: 0.7, Diff: 0.7, Sum: 2.1]
         [Termination Attempts: Min: 1, Avg: 1.0, Max: 1, Diff: 0, Sum: 4]
      [GC Worker Other (ms): Min: 0.0, Avg: 0.0, Max: 0.0, Diff: 0.0, Sum: 0.0]
      [GC Worker Total (ms): Min: 0.0, Avg: 2.0, Max: 2.7, Diff: 2.7, Sum: 8.1]
      [GC Worker End (ms): Min: 702.7, Avg: 702.7, Max: 702.7, Diff: 0.0]
   [Code Root Fixup: 0.0 ms]
   [Code Root Purge: 0.0 ms]
   [Clear CT: 0.2 ms]
   [Other: 0.9 ms]
      [Choose CSet: 0.0 ms]
      [Ref Proc: 0.3 ms]
      [Ref Enq: 0.0 ms]
      [Redirty Cards: 0.2 ms]
      [Humongous Register: 0.1 ms]
      [Humongous Reclaim: 0.1 ms]
      [Free CSet: 0.0 ms]
   [Eden: 26624.0K(26624.0K)->0.0B(21504.0K) Survivors: 1024.0K->4096.0K Heap: 402.7M(512.0M)->380.8M(512.0M)]
 [Times: user=0.01 sys=0.01, real=0.00 secs] 
0.709: [GC pause (G1 Evacuation Pause) (mixed), 0.0063234 secs]
   [Parallel Time: 5.0 ms, GC Workers: 4]
      [GC Worker Start (ms): Min: 709.4, Avg: 709.5, Max: 709.6, Diff: 0.1]
      [Ext Root Scanning (ms): Min: 0.1, Avg: 0.1, Max: 0.2, Diff: 0.1, Sum: 0.6]
      [Update RS (ms): Min: 0.9, Avg: 1.0, Max: 1.0, Diff: 0.0, Sum: 3.8]
         [Processed Buffers: Min: 12, Avg: 13.2, Max: 15, Diff: 3, Sum: 53]
      [Scan RS (ms): Min: 0.0, Avg: 0.0, Max: 0.1, Diff: 0.0, Sum: 0.2]
      [Code Root Scanning (ms): Min: 0.0, Avg: 0.0, Max: 0.0, Diff: 0.0, Sum: 0.0]
      [Object Copy (ms): Min: 3.3, Avg: 3.4, Max: 3.4, Diff: 0.1, Sum: 13.5]
      [Termination (ms): Min: 0.0, Avg: 0.0, Max: 0.2, Diff: 0.2, Sum: 0.2]
         [Termination Attempts: Min: 1, Avg: 1.0, Max: 1, Diff: 0, Sum: 4]
      [GC Worker Other (ms): Min: 0.0, Avg: 0.0, Max: 0.0, Diff: 0.0, Sum: 0.0]
      [GC Worker Total (ms): Min: 4.5, Avg: 4.6, Max: 4.7, Diff: 0.2, Sum: 18.3]
      [GC Worker End (ms): Min: 714.1, Avg: 714.1, Max: 714.1, Diff: 0.1]
   [Code Root Fixup: 0.0 ms]
   [Code Root Purge: 0.0 ms]
   [Clear CT: 0.3 ms]
   [Other: 1.1 ms]
      [Choose CSet: 0.0 ms]
      [Ref Proc: 0.4 ms]
      [Ref Enq: 0.0 ms]
      [Redirty Cards: 0.3 ms]
      [Humongous Register: 0.1 ms]
      [Humongous Reclaim: 0.1 ms]
      [Free CSet: 0.1 ms]
   [Eden: 21504.0K(21504.0K)->0.0B(21504.0K) Survivors: 4096.0K->4096.0K Heap: 407.8M(512.0M)->357.7M(512.0M)]
 [Times: user=0.02 sys=0.00, real=0.01 secs] 
0.719: [GC pause (G1 Evacuation Pause) (mixed), 0.0065243 secs]
   [Parallel Time: 4.5 ms, GC Workers: 4]
      [GC Worker Start (ms): Min: 719.8, Avg: 719.9, Max: 719.9, Diff: 0.1]
      [Ext Root Scanning (ms): Min: 0.1, Avg: 0.2, Max: 0.2, Diff: 0.1, Sum: 0.7]
      [Update RS (ms): Min: 0.9, Avg: 0.9, Max: 0.9, Diff: 0.0, Sum: 3.7]
         [Processed Buffers: Min: 12, Avg: 13.5, Max: 15, Diff: 3, Sum: 54]
      [Scan RS (ms): Min: 0.0, Avg: 0.0, Max: 0.1, Diff: 0.0, Sum: 0.2]
      [Code Root Scanning (ms): Min: 0.0, Avg: 0.0, Max: 0.0, Diff: 0.0, Sum: 0.0]
      [Object Copy (ms): Min: 2.3, Avg: 2.5, Max: 2.9, Diff: 0.5, Sum: 9.8]
      [Termination (ms): Min: 0.0, Avg: 0.5, Max: 0.7, Diff: 0.7, Sum: 2.0]
         [Termination Attempts: Min: 1, Avg: 1.0, Max: 1, Diff: 0, Sum: 4]
      [GC Worker Other (ms): Min: 0.0, Avg: 0.0, Max: 0.0, Diff: 0.0, Sum: 0.0]
      [GC Worker Total (ms): Min: 4.1, Avg: 4.1, Max: 4.2, Diff: 0.1, Sum: 16.5]
      [GC Worker End (ms): Min: 723.9, Avg: 724.0, Max: 724.0, Diff: 0.2]
   [Code Root Fixup: 0.0 ms]
   [Code Root Purge: 0.0 ms]
   [Clear CT: 0.4 ms]
   [Other: 1.6 ms]
      [Choose CSet: 0.0 ms]
      [Ref Proc: 0.9 ms]
      [Ref Enq: 0.0 ms]
      [Redirty Cards: 0.3 ms]
      [Humongous Register: 0.2 ms]
      [Humongous Reclaim: 0.0 ms]
      [Free CSet: 0.0 ms]
   [Eden: 21504.0K(21504.0K)->0.0B(33792.0K) Survivors: 4096.0K->4096.0K Heap: 384.7M(512.0M)->358.3M(512.0M)]
 [Times: user=0.03 sys=0.00, real=0.01 secs] 
0.727: [GC pause (G1 Humongous Allocation) (young) (initial-mark), 0.0033202 secs]
   [Parallel Time: 2.0 ms, GC Workers: 4]
      [GC Worker Start (ms): Min: 726.9, Avg: 727.1, Max: 727.3, Diff: 0.4]
      [Ext Root Scanning (ms): Min: 0.0, Avg: 0.4, Max: 0.8, Diff: 0.8, Sum: 1.5]
      [Update RS (ms): Min: 0.0, Avg: 0.1, Max: 0.1, Diff: 0.1, Sum: 0.3]
         [Processed Buffers: Min: 0, Avg: 1.2, Max: 2, Diff: 2, Sum: 5]
      [Scan RS (ms): Min: 0.0, Avg: 0.0, Max: 0.0, Diff: 0.0, Sum: 0.0]
      [Code Root Scanning (ms): Min: 0.0, Avg: 0.0, Max: 0.0, Diff: 0.0, Sum: 0.0]
      [Object Copy (ms): Min: 0.0, Avg: 0.5, Max: 1.2, Diff: 1.2, Sum: 1.8]
      [Termination (ms): Min: 0.0, Avg: 0.8, Max: 1.1, Diff: 1.1, Sum: 3.1]
         [Termination Attempts: Min: 1, Avg: 1.0, Max: 1, Diff: 0, Sum: 4]
      [GC Worker Other (ms): Min: 0.0, Avg: 0.0, Max: 0.0, Diff: 0.0, Sum: 0.0]
      [GC Worker Total (ms): Min: 1.6, Avg: 1.7, Max: 1.8, Diff: 0.2, Sum: 6.8]
      [GC Worker End (ms): Min: 728.7, Avg: 728.8, Max: 728.9, Diff: 0.1]
   [Code Root Fixup: 0.0 ms]
   [Code Root Purge: 0.0 ms]
   [Clear CT: 0.3 ms]
   [Other: 1.0 ms]
      [Choose CSet: 0.0 ms]
      [Ref Proc: 0.3 ms]
      [Ref Enq: 0.0 ms]
      [Redirty Cards: 0.2 ms]
      [Humongous Register: 0.3 ms]
      [Humongous Reclaim: 0.0 ms]
      [Free CSet: 0.0 ms]
   [Eden: 1024.0K(33792.0K)->0.0B(33792.0K) Survivors: 4096.0K->1024.0K Heap: 358.9M(512.0M)->358.8M(512.0M)]
 [Times: user=0.00 sys=0.00, real=0.00 secs] 
0.730: [GC concurrent-root-region-scan-start]
0.730: [GC concurrent-root-region-scan-end, 0.0001382 secs]
0.730: [GC concurrent-mark-start]
0.734: [GC concurrent-mark-end, 0.0036026 secs]
0.734: [GC remark 0.734: [Finalize Marking, 0.0010381 secs] 0.735: [GC ref-proc, 0.0001539 secs] 0.735: [Unloading, 0.0007375 secs], 0.0034633 secs]
 [Times: user=0.01 sys=0.00, real=0.00 secs] 
0.738: [GC cleanup 385M->385M(512M), 0.0017971 secs]
 [Times: user=0.00 sys=0.00, real=0.01 secs] 
0.744: [GC pause (G1 Evacuation Pause) (young), 0.0048996 secs]
   [Parallel Time: 3.7 ms, GC Workers: 4]
      [GC Worker Start (ms): Min: 743.8, Avg: 744.7, Max: 747.3, Diff: 3.5]
      [Ext Root Scanning (ms): Min: 0.0, Avg: 0.1, Max: 0.2, Diff: 0.2, Sum: 0.5]
      [Update RS (ms): Min: 0.0, Avg: 1.4, Max: 1.8, Diff: 1.8, Sum: 5.4]
         [Processed Buffers: Min: 0, Avg: 19.5, Max: 35, Diff: 35, Sum: 78]
      [Scan RS (ms): Min: 0.0, Avg: 0.0, Max: 0.0, Diff: 0.0, Sum: 0.0]
      [Code Root Scanning (ms): Min: 0.0, Avg: 0.0, Max: 0.0, Diff: 0.0, Sum: 0.0]
      [Object Copy (ms): Min: 0.0, Avg: 0.6, Max: 0.8, Diff: 0.8, Sum: 2.4]
      [Termination (ms): Min: 0.0, Avg: 0.5, Max: 0.7, Diff: 0.7, Sum: 2.1]
         [Termination Attempts: Min: 1, Avg: 1.0, Max: 1, Diff: 0, Sum: 4]
      [GC Worker Other (ms): Min: 0.0, Avg: 0.0, Max: 0.0, Diff: 0.0, Sum: 0.0]
      [GC Worker Total (ms): Min: 0.0, Avg: 2.6, Max: 3.5, Diff: 3.5, Sum: 10.4]
      [GC Worker End (ms): Min: 747.3, Avg: 747.3, Max: 747.4, Diff: 0.0]
   [Code Root Fixup: 0.0 ms]
   [Code Root Purge: 0.0 ms]
   [Clear CT: 0.2 ms]
   [Other: 1.0 ms]
      [Choose CSet: 0.0 ms]
      [Ref Proc: 0.4 ms]
      [Ref Enq: 0.0 ms]
      [Redirty Cards: 0.2 ms]
      [Humongous Register: 0.1 ms]
      [Humongous Reclaim: 0.1 ms]
      [Free CSet: 0.0 ms]
   [Eden: 33792.0K(33792.0K)->0.0B(20480.0K) Survivors: 1024.0K->5120.0K Heap: 404.3M(512.0M)->371.8M(512.0M)]
 [Times: user=0.01 sys=0.00, real=0.00 secs] 
0.752: [GC pause (G1 Evacuation Pause) (mixed), 0.0062376 secs]
   [Parallel Time: 5.0 ms, GC Workers: 4]
      [GC Worker Start (ms): Min: 752.7, Avg: 752.8, Max: 752.9, Diff: 0.2]
      [Ext Root Scanning (ms): Min: 0.0, Avg: 0.2, Max: 0.3, Diff: 0.2, Sum: 0.6]
      [Update RS (ms): Min: 0.9, Avg: 1.0, Max: 1.0, Diff: 0.1, Sum: 4.0]
         [Processed Buffers: Min: 16, Avg: 17.2, Max: 19, Diff: 3, Sum: 69]
      [Scan RS (ms): Min: 0.0, Avg: 0.1, Max: 0.1, Diff: 0.0, Sum: 0.2]
      [Code Root Scanning (ms): Min: 0.0, Avg: 0.0, Max: 0.0, Diff: 0.0, Sum: 0.0]
      [Object Copy (ms): Min: 3.5, Avg: 3.5, Max: 3.6, Diff: 0.0, Sum: 14.2]
      [Termination (ms): Min: 0.0, Avg: 0.0, Max: 0.0, Diff: 0.0, Sum: 0.1]
         [Termination Attempts: Min: 1, Avg: 1.0, Max: 1, Diff: 0, Sum: 4]
      [GC Worker Other (ms): Min: 0.0, Avg: 0.0, Max: 0.0, Diff: 0.0, Sum: 0.0]
      [GC Worker Total (ms): Min: 4.7, Avg: 4.8, Max: 4.9, Diff: 0.2, Sum: 19.1]
      [GC Worker End (ms): Min: 757.5, Avg: 757.5, Max: 757.6, Diff: 0.0]
   [Code Root Fixup: 0.0 ms]
   [Code Root Purge: 0.0 ms]
   [Clear CT: 0.3 ms]
   [Other: 1.0 ms]
      [Choose CSet: 0.0 ms]
      [Ref Proc: 0.4 ms]
      [Ref Enq: 0.0 ms]
      [Redirty Cards: 0.3 ms]
      [Humongous Register: 0.1 ms]
      [Humongous Reclaim: 0.0 ms]
      [Free CSet: 0.0 ms]
   [Eden: 20480.0K(20480.0K)->0.0B(28672.0K) Survivors: 5120.0K->4096.0K Heap: 399.9M(512.0M)->363.6M(512.0M)]
 [Times: user=0.01 sys=0.01, real=0.00 secs] 
0.759: [GC pause (G1 Humongous Allocation) (young) (initial-mark), 0.0036292 secs]
   [Parallel Time: 2.1 ms, GC Workers: 4]
      [GC Worker Start (ms): Min: 759.5, Avg: 759.8, Max: 760.0, Diff: 0.5]
      [Ext Root Scanning (ms): Min: 0.0, Avg: 1.0, Max: 1.9, Diff: 1.9, Sum: 3.9]
      [Update RS (ms): Min: 0.0, Avg: 0.2, Max: 0.4, Diff: 0.4, Sum: 0.7]
         [Processed Buffers: Min: 0, Avg: 1.2, Max: 3, Diff: 3, Sum: 5]
      [Scan RS (ms): Min: 0.0, Avg: 0.0, Max: 0.0, Diff: 0.0, Sum: 0.0]
      [Code Root Scanning (ms): Min: 0.0, Avg: 0.0, Max: 0.0, Diff: 0.0, Sum: 0.0]
      [Object Copy (ms): Min: 0.0, Avg: 0.2, Max: 0.4, Diff: 0.4, Sum: 0.7]
      [Termination (ms): Min: 0.0, Avg: 0.4, Max: 0.7, Diff: 0.7, Sum: 1.5]
         [Termination Attempts: Min: 1, Avg: 1.0, Max: 1, Diff: 0, Sum: 4]
      [GC Worker Other (ms): Min: 0.0, Avg: 0.0, Max: 0.0, Diff: 0.0, Sum: 0.0]
      [GC Worker Total (ms): Min: 1.5, Avg: 1.7, Max: 2.0, Diff: 0.5, Sum: 6.8]
      [GC Worker End (ms): Min: 761.5, Avg: 761.5, Max: 761.5, Diff: 0.0]
   [Code Root Fixup: 0.0 ms]
   [Code Root Purge: 0.0 ms]
   [Clear CT: 0.3 ms]
   [Other: 1.3 ms]
      [Choose CSet: 0.0 ms]
      [Ref Proc: 0.9 ms]
      [Ref Enq: 0.0 ms]
      [Redirty Cards: 0.2 ms]
      [Humongous Register: 0.1 ms]
      [Humongous Reclaim: 0.0 ms]
      [Free CSet: 0.0 ms]
   [Eden: 2048.0K(28672.0K)->0.0B(28672.0K) Survivors: 4096.0K->1024.0K Heap: 365.1M(512.0M)->362.8M(512.0M)]
 [Times: user=0.01 sys=0.00, real=0.01 secs] 
0.763: [GC concurrent-root-region-scan-start]
0.763: [GC concurrent-root-region-scan-end, 0.0001186 secs]
0.763: [GC concurrent-mark-start]
0.767: [GC concurrent-mark-end, 0.0033556 secs]
0.767: [GC remark 0.767: [Finalize Marking, 0.0014895 secs] 0.768: [GC ref-proc, 0.0001257 secs] 0.769: [Unloading, 0.0005296 secs], 0.0035694 secs]
 [Times: user=0.01 sys=0.00, real=0.00 secs] 
0.771: [GC cleanup 385M->385M(512M), 0.0012164 secs]
 [Times: user=0.00 sys=0.00, real=0.01 secs] 
0.774: [GC pause (G1 Evacuation Pause) (young), 0.0033355 secs]
   [Parallel Time: 1.8 ms, GC Workers: 4]
      [GC Worker Start (ms): Min: 774.0, Avg: 774.0, Max: 774.1, Diff: 0.2]
      [Ext Root Scanning (ms): Min: 0.1, Avg: 0.1, Max: 0.2, Diff: 0.2, Sum: 0.5]
      [Update RS (ms): Min: 0.7, Avg: 0.7, Max: 0.7, Diff: 0.0, Sum: 2.7]
         [Processed Buffers: Min: 10, Avg: 11.2, Max: 12, Diff: 2, Sum: 45]
      [Scan RS (ms): Min: 0.0, Avg: 0.0, Max: 0.0, Diff: 0.0, Sum: 0.0]
      [Code Root Scanning (ms): Min: 0.0, Avg: 0.0, Max: 0.0, Diff: 0.0, Sum: 0.0]
      [Object Copy (ms): Min: 0.6, Avg: 0.7, Max: 0.7, Diff: 0.0, Sum: 2.6]
      [Termination (ms): Min: 0.0, Avg: 0.0, Max: 0.0, Diff: 0.0, Sum: 0.1]
         [Termination Attempts: Min: 1, Avg: 1.0, Max: 1, Diff: 0, Sum: 4]
      [GC Worker Other (ms): Min: 0.0, Avg: 0.0, Max: 0.0, Diff: 0.0, Sum: 0.0]
      [GC Worker Total (ms): Min: 1.4, Avg: 1.5, Max: 1.6, Diff: 0.2, Sum: 6.0]
      [GC Worker End (ms): Min: 775.5, Avg: 775.5, Max: 775.6, Diff: 0.0]
   [Code Root Fixup: 0.0 ms]
   [Code Root Purge: 0.0 ms]
   [Clear CT: 0.2 ms]
   [Other: 1.3 ms]
      [Choose CSet: 0.0 ms]
      [Ref Proc: 0.8 ms]
      [Ref Enq: 0.0 ms]
      [Redirty Cards: 0.2 ms]
      [Humongous Register: 0.1 ms]
      [Humongous Reclaim: 0.0 ms]
      [Free CSet: 0.1 ms]
   [Eden: 28672.0K(28672.0K)->0.0B(21504.0K) Survivors: 1024.0K->4096.0K Heap: 395.9M(512.0M)->369.5M(512.0M)]
 [Times: user=0.01 sys=0.00, real=0.00 secs] 
0.781: [GC pause (G1 Evacuation Pause) (mixed), 0.0053982 secs]
   [Parallel Time: 3.7 ms, GC Workers: 4]
      [GC Worker Start (ms): Min: 780.9, Avg: 780.9, Max: 781.0, Diff: 0.1]
      [Ext Root Scanning (ms): Min: 0.1, Avg: 0.1, Max: 0.2, Diff: 0.1, Sum: 0.5]
      [Update RS (ms): Min: 0.5, Avg: 0.5, Max: 0.5, Diff: 0.1, Sum: 2.0]
         [Processed Buffers: Min: 8, Avg: 9.0, Max: 10, Diff: 2, Sum: 36]
      [Scan RS (ms): Min: 0.0, Avg: 0.1, Max: 0.1, Diff: 0.0, Sum: 0.2]
      [Code Root Scanning (ms): Min: 0.0, Avg: 0.0, Max: 0.0, Diff: 0.0, Sum: 0.0]
      [Object Copy (ms): Min: 2.8, Avg: 2.8, Max: 2.8, Diff: 0.0, Sum: 11.1]
      [Termination (ms): Min: 0.0, Avg: 0.0, Max: 0.1, Diff: 0.1, Sum: 0.2]
         [Termination Attempts: Min: 1, Avg: 1.0, Max: 1, Diff: 0, Sum: 4]
      [GC Worker Other (ms): Min: 0.0, Avg: 0.0, Max: 0.0, Diff: 0.0, Sum: 0.0]
      [GC Worker Total (ms): Min: 3.4, Avg: 3.5, Max: 3.6, Diff: 0.2, Sum: 14.0]
      [GC Worker End (ms): Min: 784.4, Avg: 784.4, Max: 784.4, Diff: 0.0]
   [Code Root Fixup: 0.0 ms]
   [Code Root Purge: 0.0 ms]
   [Clear CT: 0.4 ms]
   [Other: 1.4 ms]
      [Choose CSet: 0.0 ms]
      [Ref Proc: 0.8 ms]
      [Ref Enq: 0.0 ms]
      [Redirty Cards: 0.3 ms]
      [Humongous Register: 0.1 ms]
      [Humongous Reclaim: 0.0 ms]
      [Free CSet: 0.0 ms]
   [Eden: 21504.0K(21504.0K)->0.0B(29696.0K) Survivors: 4096.0K->4096.0K Heap: 394.3M(512.0M)->362.8M(512.0M)]
 [Times: user=0.02 sys=0.00, real=0.00 secs] 
0.787: [GC pause (G1 Humongous Allocation) (young) (initial-mark), 0.0028490 secs]
   [Parallel Time: 1.6 ms, GC Workers: 4]
      [GC Worker Start (ms): Min: 787.2, Avg: 787.3, Max: 787.5, Diff: 0.2]
      [Ext Root Scanning (ms): Min: 0.0, Avg: 0.3, Max: 0.6, Diff: 0.5, Sum: 1.2]
      [Update RS (ms): Min: 0.0, Avg: 0.4, Max: 1.3, Diff: 1.3, Sum: 1.5]
         [Processed Buffers: Min: 0, Avg: 1.2, Max: 2, Diff: 2, Sum: 5]
      [Scan RS (ms): Min: 0.0, Avg: 0.0, Max: 0.0, Diff: 0.0, Sum: 0.0]
      [Code Root Scanning (ms): Min: 0.0, Avg: 0.0, Max: 0.0, Diff: 0.0, Sum: 0.0]
      [Object Copy (ms): Min: 0.0, Avg: 0.2, Max: 0.3, Diff: 0.3, Sum: 0.9]
      [Termination (ms): Min: 0.0, Avg: 0.5, Max: 0.8, Diff: 0.8, Sum: 2.2]
         [Termination Attempts: Min: 1, Avg: 1.5, Max: 2, Diff: 1, Sum: 6]
      [GC Worker Other (ms): Min: 0.0, Avg: 0.0, Max: 0.0, Diff: 0.0, Sum: 0.0]
      [GC Worker Total (ms): Min: 1.3, Avg: 1.5, Max: 1.6, Diff: 0.3, Sum: 5.8]
      [GC Worker End (ms): Min: 788.8, Avg: 788.8, Max: 788.8, Diff: 0.0]
   [Code Root Fixup: 0.0 ms]
   [Code Root Purge: 0.0 ms]
   [Clear CT: 0.3 ms]
   [Other: 1.0 ms]
      [Choose CSet: 0.0 ms]
      [Ref Proc: 0.5 ms]
      [Ref Enq: 0.0 ms]
      [Redirty Cards: 0.2 ms]
      [Humongous Register: 0.1 ms]
      [Humongous Reclaim: 0.0 ms]
      [Free CSet: 0.0 ms]
   [Eden: 4096.0K(29696.0K)->0.0B(29696.0K) Survivors: 4096.0K->1024.0K Heap: 366.5M(512.0M)->361.9M(512.0M)]
 [Times: user=0.00 sys=0.01, real=0.00 secs] 
0.790: [GC concurrent-root-region-scan-start]
0.790: [GC concurrent-root-region-scan-end, 0.0001554 secs]
0.790: [GC concurrent-mark-start]
0.794: [GC concurrent-mark-end, 0.0034187 secs]
0.794: [GC remark 0.794: [Finalize Marking, 0.0011207 secs] 0.795: [GC ref-proc, 0.0001326 secs] 0.795: [Unloading, 0.0013522 secs], 0.0047954 secs]
 [Times: user=0.00 sys=0.00, real=0.00 secs] 
0.799: [GC cleanup 388M->388M(512M), 0.0021967 secs]
 [Times: user=0.00 sys=0.00, real=0.01 secs] 
0.803: [GC pause (G1 Evacuation Pause) (young), 0.0047972 secs]
   [Parallel Time: 3.7 ms, GC Workers: 4]
      [GC Worker Start (ms): Min: 803.2, Avg: 803.3, Max: 803.7, Diff: 0.5]
      [Ext Root Scanning (ms): Min: 0.0, Avg: 0.1, Max: 0.2, Diff: 0.2, Sum: 0.6]
      [Update RS (ms): Min: 1.0, Avg: 1.6, Max: 3.0, Diff: 2.0, Sum: 6.4]
         [Processed Buffers: Min: 4, Avg: 14.5, Max: 24, Diff: 20, Sum: 58]
      [Scan RS (ms): Min: 0.0, Avg: 0.0, Max: 0.0, Diff: 0.0, Sum: 0.0]
      [Code Root Scanning (ms): Min: 0.0, Avg: 0.0, Max: 0.0, Diff: 0.0, Sum: 0.0]
      [Object Copy (ms): Min: 0.0, Avg: 0.7, Max: 1.0, Diff: 0.9, Sum: 2.7]
      [Termination (ms): Min: 0.0, Avg: 0.7, Max: 1.1, Diff: 1.1, Sum: 2.9]
         [Termination Attempts: Min: 1, Avg: 1.0, Max: 1, Diff: 0, Sum: 4]
      [GC Worker Other (ms): Min: 0.0, Avg: 0.0, Max: 0.0, Diff: 0.0, Sum: 0.0]
      [GC Worker Total (ms): Min: 2.8, Avg: 3.2, Max: 3.5, Diff: 0.7, Sum: 12.7]
      [GC Worker End (ms): Min: 806.4, Avg: 806.5, Max: 806.6, Diff: 0.2]
   [Code Root Fixup: 0.0 ms]
   [Code Root Purge: 0.0 ms]
   [Clear CT: 0.2 ms]
   [Other: 0.9 ms]
      [Choose CSet: 0.0 ms]
      [Ref Proc: 0.3 ms]
      [Ref Enq: 0.0 ms]
      [Redirty Cards: 0.3 ms]
      [Humongous Register: 0.1 ms]
      [Humongous Reclaim: 0.1 ms]
      [Free CSet: 0.0 ms]
   [Eden: 29696.0K(29696.0K)->0.0B(21504.0K) Survivors: 1024.0K->4096.0K Heap: 397.6M(512.0M)->373.0M(512.0M)]
 [Times: user=0.01 sys=0.00, real=0.00 secs] 
0.812: [GC pause (G1 Evacuation Pause) (mixed), 0.0065766 secs]
   [Parallel Time: 4.6 ms, GC Workers: 4]
      [GC Worker Start (ms): Min: 811.9, Avg: 811.9, Max: 812.0, Diff: 0.1]
      [Ext Root Scanning (ms): Min: 0.1, Avg: 0.1, Max: 0.2, Diff: 0.1, Sum: 0.6]
      [Update RS (ms): Min: 0.8, Avg: 0.8, Max: 0.8, Diff: 0.0, Sum: 3.2]
         [Processed Buffers: Min: 10, Avg: 11.2, Max: 13, Diff: 3, Sum: 45]
      [Scan RS (ms): Min: 0.0, Avg: 0.0, Max: 0.0, Diff: 0.0, Sum: 0.2]
      [Code Root Scanning (ms): Min: 0.0, Avg: 0.0, Max: 0.0, Diff: 0.0, Sum: 0.0]
      [Object Copy (ms): Min: 2.8, Avg: 3.0, Max: 3.5, Diff: 0.7, Sum: 11.9]
      [Termination (ms): Min: 0.0, Avg: 0.5, Max: 0.7, Diff: 0.7, Sum: 2.1]
         [Termination Attempts: Min: 1, Avg: 1.0, Max: 1, Diff: 0, Sum: 4]
      [GC Worker Other (ms): Min: 0.0, Avg: 0.0, Max: 0.0, Diff: 0.0, Sum: 0.0]
      [GC Worker Total (ms): Min: 4.4, Avg: 4.5, Max: 4.6, Diff: 0.1, Sum: 18.0]
      [GC Worker End (ms): Min: 816.4, Avg: 816.4, Max: 816.4, Diff: 0.0]
   [Code Root Fixup: 0.0 ms]
   [Code Root Purge: 0.0 ms]
   [Clear CT: 0.2 ms]
   [Other: 1.7 ms]
      [Choose CSet: 0.0 ms]
      [Ref Proc: 1.1 ms]
      [Ref Enq: 0.0 ms]
      [Redirty Cards: 0.2 ms]
      [Humongous Register: 0.1 ms]
      [Humongous Reclaim: 0.1 ms]
      [Free CSet: 0.0 ms]
   [Eden: 21504.0K(21504.0K)->0.0B(21504.0K) Survivors: 4096.0K->4096.0K Heap: 399.0M(512.0M)->370.7M(512.0M)]
 [Times: user=0.02 sys=0.01, real=0.00 secs] 
0.819: [GC pause (G1 Humongous Allocation) (young) (initial-mark), 0.0038306 secs]
   [Parallel Time: 2.1 ms, GC Workers: 4]
      [GC Worker Start (ms): Min: 818.7, Avg: 818.9, Max: 819.0, Diff: 0.2]
      [Ext Root Scanning (ms): Min: 0.0, Avg: 1.0, Max: 1.8, Diff: 1.8, Sum: 4.2]
      [Update RS (ms): Min: 0.0, Avg: 0.1, Max: 0.4, Diff: 0.4, Sum: 0.4]
         [Processed Buffers: Min: 0, Avg: 1.2, Max: 4, Diff: 4, Sum: 5]
      [Scan RS (ms): Min: 0.0, Avg: 0.0, Max: 0.0, Diff: 0.0, Sum: 0.0]
      [Code Root Scanning (ms): Min: 0.0, Avg: 0.0, Max: 0.0, Diff: 0.0, Sum: 0.0]
      [Object Copy (ms): Min: 0.0, Avg: 0.3, Max: 0.6, Diff: 0.6, Sum: 1.1]
      [Termination (ms): Min: 0.0, Avg: 0.5, Max: 0.9, Diff: 0.9, Sum: 1.8]
         [Termination Attempts: Min: 1, Avg: 1.0, Max: 1, Diff: 0, Sum: 4]
      [GC Worker Other (ms): Min: 0.0, Avg: 0.0, Max: 0.0, Diff: 0.0, Sum: 0.0]
      [GC Worker Total (ms): Min: 1.7, Avg: 1.9, Max: 2.0, Diff: 0.2, Sum: 7.4]
      [GC Worker End (ms): Min: 820.7, Avg: 820.7, Max: 820.7, Diff: 0.0]
   [Code Root Fixup: 0.0 ms]
   [Code Root Purge: 0.0 ms]
   [Clear CT: 0.3 ms]
   [Other: 1.5 ms]
      [Choose CSet: 0.0 ms]
      [Ref Proc: 0.9 ms]
      [Ref Enq: 0.0 ms]
      [Redirty Cards: 0.2 ms]
      [Humongous Register: 0.1 ms]
      [Humongous Reclaim: 0.2 ms]
      [Free CSet: 0.0 ms]
   [Eden: 2048.0K(21504.0K)->0.0B(24576.0K) Survivors: 4096.0K->1024.0K Heap: 372.2M(512.0M)->371.3M(512.0M)]
 [Times: user=0.00 sys=0.00, real=0.01 secs] 
0.823: [GC concurrent-root-region-scan-start]
0.823: [GC concurrent-root-region-scan-end, 0.0000546 secs]
0.823: [GC concurrent-mark-start]
0.827: [GC concurrent-mark-end, 0.0039742 secs]
0.827: [GC remark 0.827: [Finalize Marking, 0.0009309 secs] 0.828: [GC ref-proc, 0.0001304 secs] 0.828: [Unloading, 0.0006484 secs], 0.0035753 secs]
 [Times: user=0.01 sys=0.00, real=0.00 secs] 
0.831: [GC cleanup 398M->398M(512M), 0.0011433 secs]
 [Times: user=0.00 sys=0.00, real=0.01 secs] 
0.833: [GC pause (G1 Evacuation Pause) (young), 0.0044823 secs]
   [Parallel Time: 3.0 ms, GC Workers: 4]
      [GC Worker Start (ms): Min: 832.9, Avg: 834.2, Max: 835.6, Diff: 2.7]
      [Ext Root Scanning (ms): Min: 0.0, Avg: 0.1, Max: 0.2, Diff: 0.2, Sum: 0.4]
      [Update RS (ms): Min: 0.0, Avg: 0.8, Max: 1.6, Diff: 1.6, Sum: 3.1]
         [Processed Buffers: Min: 0, Avg: 15.0, Max: 30, Diff: 30, Sum: 60]
      [Scan RS (ms): Min: 0.0, Avg: 0.0, Max: 0.0, Diff: 0.0, Sum: 0.0]
      [Code Root Scanning (ms): Min: 0.0, Avg: 0.0, Max: 0.0, Diff: 0.0, Sum: 0.0]
      [Object Copy (ms): Min: 0.0, Avg: 0.4, Max: 0.8, Diff: 0.8, Sum: 1.4]
      [Termination (ms): Min: 0.0, Avg: 0.1, Max: 0.3, Diff: 0.3, Sum: 0.6]
         [Termination Attempts: Min: 1, Avg: 1.0, Max: 1, Diff: 0, Sum: 4]
      [GC Worker Other (ms): Min: 0.0, Avg: 0.0, Max: 0.0, Diff: 0.0, Sum: 0.0]
      [GC Worker Total (ms): Min: 0.0, Avg: 1.4, Max: 2.8, Diff: 2.7, Sum: 5.6]
      [GC Worker End (ms): Min: 835.6, Avg: 835.6, Max: 835.7, Diff: 0.1]
   [Code Root Fixup: 0.0 ms]
   [Code Root Purge: 0.0 ms]
   [Clear CT: 0.3 ms]
   [Other: 1.3 ms]
      [Choose CSet: 0.0 ms]
      [Ref Proc: 0.8 ms]
      [Ref Enq: 0.0 ms]
      [Redirty Cards: 0.2 ms]
      [Humongous Register: 0.1 ms]
      [Humongous Reclaim: 0.1 ms]
      [Free CSet: 0.0 ms]
   [Eden: 24576.0K(24576.0K)->0.0B(21504.0K) Survivors: 1024.0K->4096.0K Heap: 402.4M(512.0M)->377.8M(512.0M)]
 [Times: user=0.01 sys=0.00, real=0.00 secs] 
0.841: [GC pause (G1 Evacuation Pause) (mixed), 0.0050872 secs]
   [Parallel Time: 4.0 ms, GC Workers: 4]
      [GC Worker Start (ms): Min: 841.4, Avg: 841.4, Max: 841.5, Diff: 0.1]
      [Ext Root Scanning (ms): Min: 0.1, Avg: 0.1, Max: 0.2, Diff: 0.1, Sum: 0.6]
      [Update RS (ms): Min: 0.6, Avg: 0.6, Max: 0.6, Diff: 0.0, Sum: 2.4]
         [Processed Buffers: Min: 10, Avg: 11.0, Max: 12, Diff: 2, Sum: 44]
      [Scan RS (ms): Min: 0.0, Avg: 0.0, Max: 0.1, Diff: 0.0, Sum: 0.2]
      [Code Root Scanning (ms): Min: 0.0, Avg: 0.0, Max: 0.0, Diff: 0.0, Sum: 0.0]
      [Object Copy (ms): Min: 2.9, Avg: 2.9, Max: 2.9, Diff: 0.0, Sum: 11.7]
      [Termination (ms): Min: 0.0, Avg: 0.0, Max: 0.0, Diff: 0.0, Sum: 0.1]
         [Termination Attempts: Min: 1, Avg: 1.0, Max: 1, Diff: 0, Sum: 4]
      [GC Worker Other (ms): Min: 0.0, Avg: 0.0, Max: 0.0, Diff: 0.0, Sum: 0.0]
      [GC Worker Total (ms): Min: 3.7, Avg: 3.8, Max: 3.8, Diff: 0.1, Sum: 15.0]
      [GC Worker End (ms): Min: 845.2, Avg: 845.2, Max: 845.2, Diff: 0.0]
   [Code Root Fixup: 0.0 ms]
   [Code Root Purge: 0.0 ms]
   [Clear CT: 0.2 ms]
   [Other: 0.9 ms]
      [Choose CSet: 0.0 ms]
      [Ref Proc: 0.3 ms]
      [Ref Enq: 0.0 ms]
      [Redirty Cards: 0.2 ms]
      [Humongous Register: 0.2 ms]
      [Humongous Reclaim: 0.0 ms]
      [Free CSet: 0.0 ms]
   [Eden: 21504.0K(21504.0K)->0.0B(23552.0K) Survivors: 4096.0K->4096.0K Heap: 403.9M(512.0M)->369.3M(512.0M)]
 [Times: user=0.02 sys=0.00, real=0.00 secs] 
0.846: [GC pause (G1 Humongous Allocation) (young) (initial-mark), 0.0066906 secs]
   [Parallel Time: 1.9 ms, GC Workers: 4]
      [GC Worker Start (ms): Min: 846.6, Avg: 846.7, Max: 846.8, Diff: 0.3]
      [Ext Root Scanning (ms): Min: 0.0, Avg: 0.2, Max: 0.4, Diff: 0.4, Sum: 0.9]
      [Update RS (ms): Min: 0.1, Avg: 0.3, Max: 0.5, Diff: 0.4, Sum: 1.1]
         [Processed Buffers: Min: 1, Avg: 1.2, Max: 2, Diff: 1, Sum: 5]
      [Scan RS (ms): Min: 0.0, Avg: 0.0, Max: 0.0, Diff: 0.0, Sum: 0.0]
      [Code Root Scanning (ms): Min: 0.0, Avg: 0.0, Max: 0.0, Diff: 0.0, Sum: 0.0]
      [Object Copy (ms): Min: 0.7, Avg: 0.7, Max: 0.7, Diff: 0.0, Sum: 2.8]
      [Termination (ms): Min: 0.0, Avg: 0.3, Max: 0.5, Diff: 0.5, Sum: 1.3]
         [Termination Attempts: Min: 1, Avg: 1.0, Max: 1, Diff: 0, Sum: 4]
      [GC Worker Other (ms): Min: 0.0, Avg: 0.0, Max: 0.0, Diff: 0.0, Sum: 0.0]
      [GC Worker Total (ms): Min: 1.4, Avg: 1.5, Max: 1.7, Diff: 0.3, Sum: 6.1]
      [GC Worker End (ms): Min: 848.1, Avg: 848.2, Max: 848.4, Diff: 0.3]
   [Code Root Fixup: 0.0 ms]
   [Code Root Purge: 0.0 ms]
   [Clear CT: 0.6 ms]
   [Other: 4.2 ms]
      [Choose CSet: 0.0 ms]
      [Ref Proc: 3.7 ms]
      [Ref Enq: 0.0 ms]
      [Redirty Cards: 0.3 ms]
      [Humongous Register: 0.1 ms]
      [Humongous Reclaim: 0.0 ms]
      [Free CSet: 0.0 ms]
   [Eden: 1024.0K(23552.0K)->0.0B(24576.0K) Survivors: 4096.0K->1024.0K Heap: 369.9M(512.0M)->369.9M(512.0M)]
 [Times: user=0.01 sys=0.00, real=0.01 secs] 
0.853: [GC concurrent-root-region-scan-start]
0.853: [GC concurrent-root-region-scan-end, 0.0000760 secs]
0.853: [GC concurrent-mark-start]
0.857: [GC concurrent-mark-end, 0.0035005 secs]
0.857: [GC remark 0.857: [Finalize Marking, 0.0004368 secs] 0.858: [GC ref-proc, 0.0001257 secs] 0.858: [Unloading, 0.0009283 secs], 0.0031272 secs]
 [Times: user=0.00 sys=0.00, real=0.01 secs] 
0.860: [GC cleanup 396M->396M(512M), 0.0012480 secs]
 [Times: user=0.00 sys=0.00, real=0.00 secs] 
0.862: [GC pause (G1 Evacuation Pause) (young), 0.0030582 secs]
   [Parallel Time: 1.5 ms, GC Workers: 4]
      [GC Worker Start (ms): Min: 862.0, Avg: 862.2, Max: 862.5, Diff: 0.4]
      [Ext Root Scanning (ms): Min: 0.0, Avg: 0.1, Max: 0.2, Diff: 0.2, Sum: 0.5]
      [Update RS (ms): Min: 0.3, Avg: 0.5, Max: 0.6, Diff: 0.2, Sum: 2.1]
         [Processed Buffers: Min: 6, Avg: 8.8, Max: 10, Diff: 4, Sum: 35]
      [Scan RS (ms): Min: 0.0, Avg: 0.0, Max: 0.0, Diff: 0.0, Sum: 0.0]
      [Code Root Scanning (ms): Min: 0.0, Avg: 0.0, Max: 0.0, Diff: 0.0, Sum: 0.0]
      [Object Copy (ms): Min: 0.5, Avg: 0.5, Max: 0.6, Diff: 0.1, Sum: 2.1]
      [Termination (ms): Min: 0.0, Avg: 0.0, Max: 0.0, Diff: 0.0, Sum: 0.1]
         [Termination Attempts: Min: 1, Avg: 1.0, Max: 1, Diff: 0, Sum: 4]
      [GC Worker Other (ms): Min: 0.0, Avg: 0.0, Max: 0.0, Diff: 0.0, Sum: 0.0]
      [GC Worker Total (ms): Min: 0.9, Avg: 1.2, Max: 1.4, Diff: 0.5, Sum: 4.8]
      [GC Worker End (ms): Min: 863.4, Avg: 863.4, Max: 863.4, Diff: 0.0]
   [Code Root Fixup: 0.0 ms]
   [Code Root Purge: 0.0 ms]
   [Clear CT: 0.3 ms]
   [Other: 1.3 ms]
      [Choose CSet: 0.0 ms]
      [Ref Proc: 0.9 ms]
      [Ref Enq: 0.0 ms]
      [Redirty Cards: 0.2 ms]
      [Humongous Register: 0.1 ms]
      [Humongous Reclaim: 0.0 ms]
      [Free CSet: 0.0 ms]
   [Eden: 24576.0K(24576.0K)->0.0B(21504.0K) Survivors: 1024.0K->4096.0K Heap: 397.6M(512.0M)->374.7M(512.0M)]
 [Times: user=0.01 sys=0.00, real=0.00 secs] 
0.869: [GC pause (G1 Evacuation Pause) (mixed), 0.0055348 secs]
   [Parallel Time: 4.5 ms, GC Workers: 4]
      [GC Worker Start (ms): Min: 869.0, Avg: 869.1, Max: 869.3, Diff: 0.2]
      [Ext Root Scanning (ms): Min: 0.1, Avg: 0.2, Max: 0.3, Diff: 0.2, Sum: 0.8]
      [Update RS (ms): Min: 0.5, Avg: 0.5, Max: 0.6, Diff: 0.1, Sum: 2.1]
         [Processed Buffers: Min: 8, Avg: 10.2, Max: 12, Diff: 4, Sum: 41]
      [Scan RS (ms): Min: 0.1, Avg: 0.1, Max: 0.1, Diff: 0.1, Sum: 0.3]
      [Code Root Scanning (ms): Min: 0.0, Avg: 0.0, Max: 0.0, Diff: 0.0, Sum: 0.0]
      [Object Copy (ms): Min: 3.3, Avg: 3.4, Max: 3.4, Diff: 0.2, Sum: 13.4]
      [Termination (ms): Min: 0.0, Avg: 0.0, Max: 0.1, Diff: 0.1, Sum: 0.1]
         [Termination Attempts: Min: 1, Avg: 1.0, Max: 1, Diff: 0, Sum: 4]
      [GC Worker Other (ms): Min: 0.0, Avg: 0.0, Max: 0.0, Diff: 0.0, Sum: 0.1]
      [GC Worker Total (ms): Min: 4.1, Avg: 4.2, Max: 4.3, Diff: 0.2, Sum: 16.9]
      [GC Worker End (ms): Min: 873.3, Avg: 873.4, Max: 873.4, Diff: 0.1]
   [Code Root Fixup: 0.0 ms]
   [Code Root Purge: 0.0 ms]
   [Clear CT: 0.2 ms]
   [Other: 0.8 ms]
      [Choose CSet: 0.0 ms]
      [Ref Proc: 0.2 ms]
      [Ref Enq: 0.0 ms]
      [Redirty Cards: 0.3 ms]
      [Humongous Register: 0.1 ms]
      [Humongous Reclaim: 0.0 ms]
      [Free CSet: 0.0 ms]
   [Eden: 21504.0K(21504.0K)->0.0B(24576.0K) Survivors: 4096.0K->4096.0K Heap: 400.2M(512.0M)->368.8M(512.0M)]
 [Times: user=0.01 sys=0.00, real=0.01 secs] 
0.875: [GC pause (G1 Humongous Allocation) (young) (initial-mark), 0.0036472 secs]
   [Parallel Time: 2.1 ms, GC Workers: 4]
      [GC Worker Start (ms): Min: 874.8, Avg: 875.0, Max: 875.1, Diff: 0.3]
      [Ext Root Scanning (ms): Min: 0.2, Avg: 1.0, Max: 1.9, Diff: 1.7, Sum: 4.1]
      [Update RS (ms): Min: 0.0, Avg: 0.2, Max: 0.5, Diff: 0.5, Sum: 0.8]
         [Processed Buffers: Min: 0, Avg: 1.2, Max: 3, Diff: 3, Sum: 5]
      [Scan RS (ms): Min: 0.0, Avg: 0.0, Max: 0.0, Diff: 0.0, Sum: 0.0]
      [Code Root Scanning (ms): Min: 0.0, Avg: 0.0, Max: 0.0, Diff: 0.0, Sum: 0.0]
      [Object Copy (ms): Min: 0.0, Avg: 0.2, Max: 0.5, Diff: 0.5, Sum: 1.0]
      [Termination (ms): Min: 0.0, Avg: 0.4, Max: 0.8, Diff: 0.8, Sum: 1.5]
         [Termination Attempts: Min: 1, Avg: 1.0, Max: 1, Diff: 0, Sum: 4]
      [GC Worker Other (ms): Min: 0.0, Avg: 0.0, Max: 0.0, Diff: 0.0, Sum: 0.0]
      [GC Worker Total (ms): Min: 1.7, Avg: 1.8, Max: 2.0, Diff: 0.3, Sum: 7.4]
      [GC Worker End (ms): Min: 876.8, Avg: 876.8, Max: 876.8, Diff: 0.0]
   [Code Root Fixup: 0.0 ms]
   [Code Root Purge: 0.0 ms]
   [Clear CT: 0.2 ms]
   [Other: 1.4 ms]
      [Choose CSet: 0.0 ms]
      [Ref Proc: 1.0 ms]
      [Ref Enq: 0.0 ms]
      [Redirty Cards: 0.2 ms]
      [Humongous Register: 0.1 ms]
      [Humongous Reclaim: 0.0 ms]
      [Free CSet: 0.0 ms]
   [Eden: 1024.0K(24576.0K)->0.0B(24576.0K) Survivors: 4096.0K->1024.0K Heap: 369.8M(512.0M)->369.2M(512.0M)]
 [Times: user=0.01 sys=0.00, real=0.00 secs] 
0.878: [GC concurrent-root-region-scan-start]
0.879: [GC concurrent-root-region-scan-end, 0.0000642 secs]
0.879: [GC concurrent-mark-start]
0.882: [GC concurrent-mark-end, 0.0037276 secs]
0.882: [GC remark 0.882: [Finalize Marking, 0.0010669 secs] 0.884: [GC ref-proc, 0.0001320 secs] 0.884: [Unloading, 0.0007155 secs], 0.0034235 secs]
 [Times: user=0.00 sys=0.00, real=0.00 secs] 
0.886: [GC cleanup 393M->393M(512M), 0.0012288 secs]
 [Times: user=0.00 sys=0.00, real=0.00 secs] 
0.888: [GC pause (G1 Evacuation Pause) (young), 0.0033613 secs]
   [Parallel Time: 2.5 ms, GC Workers: 4]
      [GC Worker Start (ms): Min: 888.5, Avg: 888.6, Max: 888.8, Diff: 0.3]
      [Ext Root Scanning (ms): Min: 0.0, Avg: 0.1, Max: 0.2, Diff: 0.2, Sum: 0.5]
      [Update RS (ms): Min: 1.0, Avg: 1.3, Max: 2.1, Diff: 1.1, Sum: 5.1]
         [Processed Buffers: Min: 7, Avg: 11.8, Max: 20, Diff: 13, Sum: 47]
      [Scan RS (ms): Min: 0.0, Avg: 0.0, Max: 0.0, Diff: 0.0, Sum: 0.0]
      [Code Root Scanning (ms): Min: 0.0, Avg: 0.0, Max: 0.0, Diff: 0.0, Sum: 0.0]
      [Object Copy (ms): Min: 0.0, Avg: 0.4, Max: 0.5, Diff: 0.5, Sum: 1.6]
      [Termination (ms): Min: 0.0, Avg: 0.5, Max: 0.6, Diff: 0.6, Sum: 1.9]
         [Termination Attempts: Min: 1, Avg: 1.0, Max: 1, Diff: 0, Sum: 4]
      [GC Worker Other (ms): Min: 0.0, Avg: 0.0, Max: 0.0, Diff: 0.0, Sum: 0.0]
      [GC Worker Total (ms): Min: 2.1, Avg: 2.3, Max: 2.4, Diff: 0.3, Sum: 9.1]
      [GC Worker End (ms): Min: 890.9, Avg: 890.9, Max: 890.9, Diff: 0.0]
   [Code Root Fixup: 0.0 ms]
   [Code Root Purge: 0.0 ms]
   [Clear CT: 0.2 ms]
   [Other: 0.7 ms]
      [Choose CSet: 0.0 ms]
      [Ref Proc: 0.2 ms]
      [Ref Enq: 0.0 ms]
      [Redirty Cards: 0.2 ms]
      [Humongous Register: 0.1 ms]
      [Humongous Reclaim: 0.0 ms]
      [Free CSet: 0.0 ms]
   [Eden: 24576.0K(24576.0K)->0.0B(21504.0K) Survivors: 1024.0K->4096.0K Heap: 398.6M(512.0M)->376.0M(512.0M)]
 [Times: user=0.00 sys=0.01, real=0.01 secs] 
0.896: [GC pause (G1 Evacuation Pause) (mixed), 0.0084712 secs]
   [Parallel Time: 6.5 ms, GC Workers: 4]
      [GC Worker Start (ms): Min: 896.1, Avg: 896.2, Max: 896.3, Diff: 0.2]
      [Ext Root Scanning (ms): Min: 0.0, Avg: 0.1, Max: 0.2, Diff: 0.2, Sum: 0.5]
      [Update RS (ms): Min: 0.7, Avg: 0.7, Max: 0.7, Diff: 0.0, Sum: 2.9]
         [Processed Buffers: Min: 12, Avg: 12.8, Max: 14, Diff: 2, Sum: 51]
      [Scan RS (ms): Min: 0.0, Avg: 0.0, Max: 0.0, Diff: 0.0, Sum: 0.2]
      [Code Root Scanning (ms): Min: 0.0, Avg: 0.0, Max: 0.0, Diff: 0.0, Sum: 0.0]
      [Object Copy (ms): Min: 2.7, Avg: 3.1, Max: 4.0, Diff: 1.3, Sum: 12.3]
      [Termination (ms): Min: 0.0, Avg: 1.1, Max: 1.8, Diff: 1.8, Sum: 4.3]
         [Termination Attempts: Min: 1, Avg: 1.0, Max: 1, Diff: 0, Sum: 4]
      [GC Worker Other (ms): Min: 0.0, Avg: 0.0, Max: 0.0, Diff: 0.0, Sum: 0.0]
      [GC Worker Total (ms): Min: 4.9, Avg: 5.1, Max: 5.5, Diff: 0.6, Sum: 20.2]
      [GC Worker End (ms): Min: 901.1, Avg: 901.3, Max: 901.6, Diff: 0.5]
   [Code Root Fixup: 0.0 ms]
   [Code Root Purge: 0.0 ms]
   [Clear CT: 0.3 ms]
   [Other: 1.6 ms]
      [Choose CSet: 0.0 ms]
      [Ref Proc: 1.0 ms]
      [Ref Enq: 0.0 ms]
      [Redirty Cards: 0.3 ms]
      [Humongous Register: 0.1 ms]
      [Humongous Reclaim: 0.1 ms]
      [Free CSet: 0.1 ms]
   [Eden: 21504.0K(21504.0K)->0.0B(24576.0K) Survivors: 4096.0K->4096.0K Heap: 402.8M(512.0M)->369.6M(512.0M)]
 [Times: user=0.03 sys=0.00, real=0.01 secs] 
0.905: [GC pause (G1 Humongous Allocation) (young) (initial-mark), 0.0061875 secs]
   [Parallel Time: 2.9 ms, GC Workers: 4]
      [GC Worker Start (ms): Min: 905.1, Avg: 905.3, Max: 905.7, Diff: 0.6]
      [Ext Root Scanning (ms): Min: 0.0, Avg: 1.0, Max: 1.9, Diff: 1.9, Sum: 4.2]
      [Update RS (ms): Min: 0.0, Avg: 0.1, Max: 0.2, Diff: 0.2, Sum: 0.4]
         [Processed Buffers: Min: 0, Avg: 1.2, Max: 3, Diff: 3, Sum: 5]
      [Scan RS (ms): Min: 0.0, Avg: 0.0, Max: 0.0, Diff: 0.0, Sum: 0.0]
      [Code Root Scanning (ms): Min: 0.0, Avg: 0.0, Max: 0.0, Diff: 0.0, Sum: 0.0]
      [Object Copy (ms): Min: 0.0, Avg: 0.3, Max: 0.6, Diff: 0.6, Sum: 1.3]
      [Termination (ms): Min: 0.0, Avg: 0.7, Max: 1.3, Diff: 1.3, Sum: 3.0]
         [Termination Attempts: Min: 1, Avg: 1.0, Max: 1, Diff: 0, Sum: 4]
      [GC Worker Other (ms): Min: 0.0, Avg: 0.0, Max: 0.0, Diff: 0.0, Sum: 0.0]
      [GC Worker Total (ms): Min: 1.9, Avg: 2.2, Max: 2.4, Diff: 0.6, Sum: 8.8]
      [GC Worker End (ms): Min: 907.2, Avg: 907.5, Max: 907.8, Diff: 0.6]
   [Code Root Fixup: 0.0 ms]
   [Code Root Purge: 0.0 ms]
   [Clear CT: 0.3 ms]
   [Other: 3.0 ms]
      [Choose CSet: 0.0 ms]
      [Ref Proc: 2.4 ms]
      [Ref Enq: 0.0 ms]
      [Redirty Cards: 0.4 ms]
      [Humongous Register: 0.1 ms]
      [Humongous Reclaim: 0.0 ms]
      [Free CSet: 0.0 ms]
   [Eden: 2048.0K(24576.0K)->0.0B(24576.0K) Survivors: 4096.0K->1024.0K Heap: 371.2M(512.0M)->369.3M(512.0M)]
 [Times: user=0.00 sys=0.00, real=0.00 secs] 
0.911: [GC concurrent-root-region-scan-start]
0.911: [GC concurrent-root-region-scan-end, 0.0000479 secs]
0.911: [GC concurrent-mark-start]
0.916: [GC concurrent-mark-end, 0.0045505 secs]
0.916: [GC pause (G1 Evacuation Pause) (young), 0.0031147 secs]
   [Parallel Time: 2.0 ms, GC Workers: 4]
      [GC Worker Start (ms): Min: 916.0, Avg: 916.4, Max: 917.5, Diff: 1.5]
      [Ext Root Scanning (ms): Min: 0.0, Avg: 0.1, Max: 0.2, Diff: 0.2, Sum: 0.5]
      [Update RS (ms): Min: 0.0, Avg: 0.6, Max: 0.8, Diff: 0.8, Sum: 2.4]
         [Processed Buffers: Min: 0, Avg: 8.5, Max: 14, Diff: 14, Sum: 34]
      [Scan RS (ms): Min: 0.0, Avg: 0.0, Max: 0.0, Diff: 0.0, Sum: 0.0]
      [Code Root Scanning (ms): Min: 0.0, Avg: 0.0, Max: 0.0, Diff: 0.0, Sum: 0.0]
      [Object Copy (ms): Min: 0.3, Avg: 0.7, Max: 0.8, Diff: 0.5, Sum: 2.7]
      [Termination (ms): Min: 0.0, Avg: 0.1, Max: 0.1, Diff: 0.1, Sum: 0.3]
         [Termination Attempts: Min: 1, Avg: 1.0, Max: 1, Diff: 0, Sum: 4]
      [GC Worker Other (ms): Min: 0.0, Avg: 0.0, Max: 0.0, Diff: 0.0, Sum: 0.0]
      [GC Worker Total (ms): Min: 0.4, Avg: 1.5, Max: 1.9, Diff: 1.5, Sum: 6.0]
      [GC Worker End (ms): Min: 917.9, Avg: 917.9, Max: 917.9, Diff: 0.1]
   [Code Root Fixup: 0.0 ms]
   [Code Root Purge: 0.0 ms]
   [Clear CT: 0.3 ms]
   [Other: 0.8 ms]
      [Choose CSet: 0.0 ms]
      [Ref Proc: 0.3 ms]
      [Ref Enq: 0.0 ms]
      [Redirty Cards: 0.2 ms]
      [Humongous Register: 0.1 ms]
      [Humongous Reclaim: 0.1 ms]
      [Free CSet: 0.0 ms]
   [Eden: 24576.0K(24576.0K)->0.0B(21504.0K) Survivors: 1024.0K->4096.0K Heap: 397.2M(512.0M)->377.6M(512.0M)]
 [Times: user=0.01 sys=0.00, real=0.00 secs] 
0.919: [GC remark 0.919: [Finalize Marking, 0.0008901 secs] 0.920: [GC ref-proc, 0.0001550 secs] 0.920: [Unloading, 0.0026733 secs], 0.0065018 secs]
 [Times: user=0.01 sys=0.00, real=0.00 secs] 
0.927: [GC cleanup 379M->379M(512M), 0.0028077 secs]
 [Times: user=0.00 sys=0.01, real=0.00 secs] 
0.934: [GC pause (G1 Evacuation Pause) (young), 0.0056487 secs]
   [Parallel Time: 3.8 ms, GC Workers: 4]
      [GC Worker Start (ms): Min: 934.4, Avg: 934.7, Max: 935.3, Diff: 0.9]
      [Ext Root Scanning (ms): Min: 0.0, Avg: 0.1, Max: 0.2, Diff: 0.2, Sum: 0.4]
      [Update RS (ms): Min: 1.1, Avg: 1.7, Max: 2.0, Diff: 0.9, Sum: 6.9]
         [Processed Buffers: Min: 10, Avg: 19.8, Max: 25, Diff: 15, Sum: 79]
      [Scan RS (ms): Min: 0.0, Avg: 0.0, Max: 0.0, Diff: 0.0, Sum: 0.0]
      [Code Root Scanning (ms): Min: 0.0, Avg: 0.0, Max: 0.0, Diff: 0.0, Sum: 0.0]
      [Object Copy (ms): Min: 0.8, Avg: 1.1, Max: 1.6, Diff: 0.8, Sum: 4.3]
      [Termination (ms): Min: 0.0, Avg: 0.5, Max: 0.7, Diff: 0.7, Sum: 2.0]
         [Termination Attempts: Min: 1, Avg: 1.0, Max: 1, Diff: 0, Sum: 4]
      [GC Worker Other (ms): Min: 0.0, Avg: 0.0, Max: 0.0, Diff: 0.0, Sum: 0.0]
      [GC Worker Total (ms): Min: 2.8, Avg: 3.4, Max: 3.7, Diff: 0.9, Sum: 13.7]
      [GC Worker End (ms): Min: 938.1, Avg: 938.1, Max: 938.1, Diff: 0.0]
   [Code Root Fixup: 0.0 ms]
   [Code Root Purge: 0.0 ms]
   [Clear CT: 0.2 ms]
   [Other: 1.6 ms]
      [Choose CSet: 0.0 ms]
      [Ref Proc: 0.8 ms]
      [Ref Enq: 0.0 ms]
      [Redirty Cards: 0.3 ms]
      [Humongous Register: 0.1 ms]
      [Humongous Reclaim: 0.2 ms]
      [Free CSet: 0.1 ms]
   [Eden: 21504.0K(21504.0K)->0.0B(21504.0K) Survivors: 4096.0K->4096.0K Heap: 407.7M(512.0M)->386.0M(512.0M)]
 [Times: user=0.01 sys=0.00, real=0.01 secs] 
0.945: [GC pause (G1 Evacuation Pause) (mixed), 0.0065251 secs]
   [Parallel Time: 5.1 ms, GC Workers: 4]
      [GC Worker Start (ms): Min: 945.4, Avg: 945.6, Max: 945.8, Diff: 0.4]
      [Ext Root Scanning (ms): Min: 0.0, Avg: 0.1, Max: 0.2, Diff: 0.2, Sum: 0.5]
      [Update RS (ms): Min: 0.8, Avg: 0.9, Max: 1.0, Diff: 0.2, Sum: 3.5]
         [Processed Buffers: Min: 13, Avg: 13.0, Max: 13, Diff: 0, Sum: 52]
      [Scan RS (ms): Min: 0.1, Avg: 0.1, Max: 0.1, Diff: 0.0, Sum: 0.3]
      [Code Root Scanning (ms): Min: 0.0, Avg: 0.0, Max: 0.0, Diff: 0.0, Sum: 0.0]
      [Object Copy (ms): Min: 3.5, Avg: 3.5, Max: 3.5, Diff: 0.1, Sum: 14.0]
      [Termination (ms): Min: 0.0, Avg: 0.0, Max: 0.1, Diff: 0.1, Sum: 0.1]
         [Termination Attempts: Min: 1, Avg: 1.0, Max: 1, Diff: 0, Sum: 4]
      [GC Worker Other (ms): Min: 0.0, Avg: 0.0, Max: 0.0, Diff: 0.0, Sum: 0.1]
      [GC Worker Total (ms): Min: 4.5, Avg: 4.6, Max: 4.8, Diff: 0.4, Sum: 18.5]
      [GC Worker End (ms): Min: 950.2, Avg: 950.3, Max: 950.3, Diff: 0.1]
   [Code Root Fixup: 0.0 ms]
   [Code Root Purge: 0.0 ms]
   [Clear CT: 0.4 ms]
   [Other: 1.0 ms]
      [Choose CSet: 0.0 ms]
      [Ref Proc: 0.4 ms]
      [Ref Enq: 0.0 ms]
      [Redirty Cards: 0.4 ms]
      [Humongous Register: 0.1 ms]
      [Humongous Reclaim: 0.0 ms]
      [Free CSet: 0.1 ms]
   [Eden: 21504.0K(21504.0K)->0.0B(21504.0K) Survivors: 4096.0K->4096.0K Heap: 412.8M(512.0M)->380.2M(512.0M)]
 [Times: user=0.02 sys=0.00, real=0.01 secs] 
0.952: [GC pause (G1 Humongous Allocation) (young) (initial-mark), 0.0053306 secs]
   [Parallel Time: 3.1 ms, GC Workers: 4]
      [GC Worker Start (ms): Min: 952.6, Avg: 952.6, Max: 952.7, Diff: 0.2]
      [Ext Root Scanning (ms): Min: 0.0, Avg: 1.5, Max: 2.3, Diff: 2.3, Sum: 6.2]
      [Update RS (ms): Min: 0.0, Avg: 0.2, Max: 0.8, Diff: 0.8, Sum: 0.8]
         [Processed Buffers: Min: 0, Avg: 1.2, Max: 5, Diff: 5, Sum: 5]
      [Scan RS (ms): Min: 0.0, Avg: 0.0, Max: 0.0, Diff: 0.0, Sum: 0.0]
      [Code Root Scanning (ms): Min: 0.0, Avg: 0.0, Max: 0.0, Diff: 0.0, Sum: 0.0]
      [Object Copy (ms): Min: 0.0, Avg: 0.5, Max: 1.7, Diff: 1.7, Sum: 1.9]
      [Termination (ms): Min: 0.0, Avg: 0.5, Max: 0.8, Diff: 0.8, Sum: 2.1]
         [Termination Attempts: Min: 1, Avg: 1.0, Max: 1, Diff: 0, Sum: 4]
      [GC Worker Other (ms): Min: 0.0, Avg: 0.1, Max: 0.2, Diff: 0.2, Sum: 0.2]
      [GC Worker Total (ms): Min: 2.7, Avg: 2.8, Max: 3.0, Diff: 0.3, Sum: 11.2]
      [GC Worker End (ms): Min: 955.4, Avg: 955.4, Max: 955.6, Diff: 0.2]
   [Code Root Fixup: 0.0 ms]
   [Code Root Purge: 0.0 ms]
   [Clear CT: 0.3 ms]
   [Other: 1.9 ms]
      [Choose CSet: 0.0 ms]
      [Ref Proc: 1.5 ms]
      [Ref Enq: 0.0 ms]
      [Redirty Cards: 0.2 ms]
      [Humongous Register: 0.1 ms]
      [Humongous Reclaim: 0.0 ms]
      [Free CSet: 0.0 ms]
   [Eden: 1024.0K(21504.0K)->0.0B(24576.0K) Survivors: 4096.0K->1024.0K Heap: 380.9M(512.0M)->379.1M(512.0M)]
 [Times: user=0.01 sys=0.00, real=0.00 secs] 
0.958: [GC concurrent-root-region-scan-start]
0.958: [GC concurrent-root-region-scan-end, 0.0000997 secs]
0.958: [GC concurrent-mark-start]
0.962: [GC concurrent-mark-end, 0.0038121 secs]
0.962: [GC remark 0.962: [Finalize Marking, 0.0060150 secs] 0.968: [GC ref-proc, 0.0001757 secs] 0.968: [Unloading, 0.0006613 secs], 0.0093859 secs]
 [Times: user=0.02 sys=0.00, real=0.01 secs] 
0.972: [GC cleanup 389M->389M(512M), 0.0015037 secs]
 [Times: user=0.00 sys=0.00, real=0.00 secs] 
0.977: [GC pause (G1 Evacuation Pause) (young), 0.0039333 secs]
   [Parallel Time: 2.7 ms, GC Workers: 4]
      [GC Worker Start (ms): Min: 977.2, Avg: 977.3, Max: 977.3, Diff: 0.1]
      [Ext Root Scanning (ms): Min: 0.1, Avg: 0.1, Max: 0.2, Diff: 0.1, Sum: 0.5]
      [Update RS (ms): Min: 1.3, Avg: 1.3, Max: 1.3, Diff: 0.0, Sum: 5.3]
         [Processed Buffers: Min: 16, Avg: 18.5, Max: 21, Diff: 5, Sum: 74]
      [Scan RS (ms): Min: 0.0, Avg: 0.0, Max: 0.0, Diff: 0.0, Sum: 0.0]
      [Code Root Scanning (ms): Min: 0.0, Avg: 0.0, Max: 0.0, Diff: 0.0, Sum: 0.0]
      [Object Copy (ms): Min: 0.9, Avg: 0.9, Max: 1.0, Diff: 0.1, Sum: 3.6]
      [Termination (ms): Min: 0.0, Avg: 0.1, Max: 0.1, Diff: 0.1, Sum: 0.3]
         [Termination Attempts: Min: 1, Avg: 1.0, Max: 1, Diff: 0, Sum: 4]
      [GC Worker Other (ms): Min: 0.0, Avg: 0.0, Max: 0.0, Diff: 0.0, Sum: 0.0]
      [GC Worker Total (ms): Min: 2.3, Avg: 2.4, Max: 2.5, Diff: 0.1, Sum: 9.7]
      [GC Worker End (ms): Min: 979.7, Avg: 979.7, Max: 979.7, Diff: 0.1]
   [Code Root Fixup: 0.0 ms]
   [Code Root Purge: 0.0 ms]
   [Clear CT: 0.4 ms]
   [Other: 0.9 ms]
      [Choose CSet: 0.0 ms]
      [Ref Proc: 0.3 ms]
      [Ref Enq: 0.0 ms]
      [Redirty Cards: 0.2 ms]
      [Humongous Register: 0.1 ms]
      [Humongous Reclaim: 0.1 ms]
      [Free CSet: 0.0 ms]
   [Eden: 24576.0K(24576.0K)->0.0B(21504.0K) Survivors: 1024.0K->4096.0K Heap: 412.0M(512.0M)->388.0M(512.0M)]
 [Times: user=0.02 sys=0.00, real=0.01 secs] 
0.985: [GC pause (G1 Evacuation Pause) (mixed) (to-space exhausted), 0.0062497 secs]
   [Parallel Time: 4.7 ms, GC Workers: 4]
      [GC Worker Start (ms): Min: 985.1, Avg: 985.1, Max: 985.2, Diff: 0.2]
      [Ext Root Scanning (ms): Min: 0.0, Avg: 0.1, Max: 0.2, Diff: 0.2, Sum: 0.5]
      [Update RS (ms): Min: 0.6, Avg: 0.7, Max: 0.7, Diff: 0.1, Sum: 2.7]
         [Processed Buffers: Min: 10, Avg: 11.8, Max: 14, Diff: 4, Sum: 47]
      [Scan RS (ms): Min: 0.0, Avg: 0.1, Max: 0.2, Diff: 0.2, Sum: 0.4]
      [Code Root Scanning (ms): Min: 0.0, Avg: 0.0, Max: 0.0, Diff: 0.0, Sum: 0.0]
      [Object Copy (ms): Min: 3.4, Avg: 3.5, Max: 3.6, Diff: 0.2, Sum: 14.2]
      [Termination (ms): Min: 0.0, Avg: 0.0, Max: 0.0, Diff: 0.0, Sum: 0.0]
         [Termination Attempts: Min: 1, Avg: 1.0, Max: 1, Diff: 0, Sum: 4]
      [GC Worker Other (ms): Min: 0.0, Avg: 0.0, Max: 0.0, Diff: 0.0, Sum: 0.0]
      [GC Worker Total (ms): Min: 4.4, Avg: 4.5, Max: 4.6, Diff: 0.2, Sum: 17.9]
      [GC Worker End (ms): Min: 989.6, Avg: 989.6, Max: 989.6, Diff: 0.0]
   [Code Root Fixup: 0.0 ms]
   [Code Root Purge: 0.0 ms]
   [Clear CT: 0.3 ms]
   [Other: 1.3 ms]
      [Evacuation Failure: 0.4 ms]
      [Choose CSet: 0.0 ms]
      [Ref Proc: 0.4 ms]
      [Ref Enq: 0.0 ms]
      [Redirty Cards: 0.2 ms]
      [Humongous Register: 0.1 ms]
      [Humongous Reclaim: 0.0 ms]
      [Free CSet: 0.0 ms]
   [Eden: 21504.0K(21504.0K)->0.0B(21504.0K) Survivors: 4096.0K->4096.0K Heap: 414.2M(512.0M)->389.1M(512.0M)]
 [Times: user=0.02 sys=0.00, real=0.00 secs] 
0.992: [GC pause (G1 Humongous Allocation) (young) (initial-mark), 0.0029340 secs]
   [Parallel Time: 1.8 ms, GC Workers: 4]
      [GC Worker Start (ms): Min: 992.2, Avg: 992.4, Max: 992.6, Diff: 0.4]
      [Ext Root Scanning (ms): Min: 0.0, Avg: 0.5, Max: 1.1, Diff: 1.1, Sum: 2.1]
      [Update RS (ms): Min: 0.0, Avg: 0.2, Max: 0.3, Diff: 0.3, Sum: 0.6]
         [Processed Buffers: Min: 0, Avg: 2.2, Max: 6, Diff: 6, Sum: 9]
      [Scan RS (ms): Min: 0.0, Avg: 0.0, Max: 0.0, Diff: 0.0, Sum: 0.0]
      [Code Root Scanning (ms): Min: 0.0, Avg: 0.0, Max: 0.0, Diff: 0.0, Sum: 0.0]
      [Object Copy (ms): Min: 0.0, Avg: 0.4, Max: 0.5, Diff: 0.5, Sum: 1.5]
      [Termination (ms): Min: 0.0, Avg: 0.3, Max: 0.5, Diff: 0.5, Sum: 1.4]
         [Termination Attempts: Min: 1, Avg: 1.0, Max: 1, Diff: 0, Sum: 4]
      [GC Worker Other (ms): Min: 0.0, Avg: 0.0, Max: 0.0, Diff: 0.0, Sum: 0.0]
      [GC Worker Total (ms): Min: 1.1, Avg: 1.4, Max: 1.6, Diff: 0.5, Sum: 5.5]
      [GC Worker End (ms): Min: 993.6, Avg: 993.7, Max: 993.8, Diff: 0.2]
   [Code Root Fixup: 0.0 ms]
   [Code Root Purge: 0.0 ms]
   [Clear CT: 0.2 ms]
   [Other: 0.9 ms]
      [Choose CSet: 0.0 ms]
      [Ref Proc: 0.2 ms]
      [Ref Enq: 0.0 ms]
      [Redirty Cards: 0.3 ms]
      [Humongous Register: 0.1 ms]
      [Humongous Reclaim: 0.0 ms]
      [Free CSet: 0.0 ms]
   [Eden: 4096.0K(21504.0K)->0.0B(22528.0K) Survivors: 4096.0K->3072.0K Heap: 392.8M(512.0M)->391.7M(512.0M)]
 [Times: user=0.01 sys=0.01, real=0.00 secs] 
0.995: [GC concurrent-root-region-scan-start]
0.995: [GC concurrent-root-region-scan-end, 0.0001951 secs]
0.995: [GC concurrent-mark-start]
0.999: [GC concurrent-mark-end, 0.0040155 secs]
1.000: [GC remark 1.000: [Finalize Marking, 0.0004499 secs] 1.000: [GC ref-proc, 0.0001347 secs] 1.000: [Unloading, 0.0008002 secs], 0.0030968 secs]
 [Times: user=0.01 sys=0.00, real=0.00 secs] 
1.003: [GC cleanup 417M->417M(512M), 0.0014554 secs]
 [Times: user=0.00 sys=0.00, real=0.00 secs] 
1.005: [GC pause (G1 Evacuation Pause) (young), 0.0053921 secs]
   [Parallel Time: 4.3 ms, GC Workers: 4]
      [GC Worker Start (ms): Min: 1005.1, Avg: 1007.0, Max: 1009.0, Diff: 3.9]
      [Ext Root Scanning (ms): Min: 0.0, Avg: 0.1, Max: 0.2, Diff: 0.2, Sum: 0.4]
      [Update RS (ms): Min: 0.0, Avg: 1.0, Max: 2.2, Diff: 2.2, Sum: 4.1]
         [Processed Buffers: Min: 0, Avg: 15.5, Max: 37, Diff: 37, Sum: 62]
      [Scan RS (ms): Min: 0.0, Avg: 0.0, Max: 0.0, Diff: 0.0, Sum: 0.0]
      [Code Root Scanning (ms): Min: 0.0, Avg: 0.0, Max: 0.0, Diff: 0.0, Sum: 0.0]
      [Object Copy (ms): Min: 0.0, Avg: 0.4, Max: 1.1, Diff: 1.1, Sum: 1.8]
      [Termination (ms): Min: 0.0, Avg: 0.4, Max: 0.8, Diff: 0.8, Sum: 1.7]
         [Termination Attempts: Min: 1, Avg: 1.0, Max: 1, Diff: 0, Sum: 4]
      [GC Worker Other (ms): Min: 0.0, Avg: 0.0, Max: 0.0, Diff: 0.0, Sum: 0.0]
      [GC Worker Total (ms): Min: 0.0, Avg: 2.0, Max: 4.0, Diff: 4.0, Sum: 8.1]
      [GC Worker End (ms): Min: 1009.0, Avg: 1009.0, Max: 1009.1, Diff: 0.1]
   [Code Root Fixup: 0.0 ms]
   [Code Root Purge: 0.0 ms]
   [Clear CT: 0.2 ms]
   [Other: 0.9 ms]
      [Choose CSet: 0.0 ms]
      [Ref Proc: 0.4 ms]
      [Ref Enq: 0.0 ms]
      [Redirty Cards: 0.2 ms]
      [Humongous Register: 0.1 ms]
      [Humongous Reclaim: 0.1 ms]
      [Free CSet: 0.0 ms]
   [Eden: 22528.0K(22528.0K)->0.0B(21504.0K) Survivors: 3072.0K->4096.0K Heap: 420.7M(512.0M)->401.8M(512.0M)]
 [Times: user=0.01 sys=0.00, real=0.00 secs] 
1.016: [GC pause (G1 Evacuation Pause) (mixed) (to-space exhausted), 0.0099041 secs]
   [Parallel Time: 8.4 ms, GC Workers: 4]
      [GC Worker Start (ms): Min: 1015.8, Avg: 1017.9, Max: 1020.7, Diff: 4.9]
      [Ext Root Scanning (ms): Min: 0.0, Avg: 0.1, Max: 0.3, Diff: 0.3, Sum: 0.5]
      [Update RS (ms): Min: 0.0, Avg: 1.4, Max: 2.7, Diff: 2.7, Sum: 5.4]
         [Processed Buffers: Min: 0, Avg: 25.0, Max: 55, Diff: 55, Sum: 100]
      [Scan RS (ms): Min: 0.0, Avg: 0.1, Max: 0.2, Diff: 0.2, Sum: 0.4]
      [Code Root Scanning (ms): Min: 0.0, Avg: 0.0, Max: 0.0, Diff: 0.0, Sum: 0.0]
      [Object Copy (ms): Min: 0.0, Avg: 0.7, Max: 1.1, Diff: 1.1, Sum: 2.8]
      [Termination (ms): Min: 0.0, Avg: 1.3, Max: 3.9, Diff: 3.9, Sum: 5.3]
         [Termination Attempts: Min: 1, Avg: 1.0, Max: 1, Diff: 0, Sum: 4]
      [GC Worker Other (ms): Min: 0.0, Avg: 0.0, Max: 0.0, Diff: 0.0, Sum: 0.1]
      [GC Worker Total (ms): Min: 0.0, Avg: 3.6, Max: 8.2, Diff: 8.1, Sum: 14.5]
      [GC Worker End (ms): Min: 1020.7, Avg: 1021.6, Max: 1024.0, Diff: 3.3]
   [Code Root Fixup: 0.0 ms]
   [Code Root Purge: 0.0 ms]
   [Clear CT: 0.2 ms]
   [Other: 1.3 ms]
      [Evacuation Failure: 0.3 ms]
      [Choose CSet: 0.0 ms]
      [Ref Proc: 0.4 ms]
      [Ref Enq: 0.0 ms]
      [Redirty Cards: 0.3 ms]
      [Humongous Register: 0.1 ms]
      [Humongous Reclaim: 0.0 ms]
      [Free CSet: 0.0 ms]
   [Eden: 21504.0K(21504.0K)->0.0B(24576.0K) Survivors: 4096.0K->1024.0K Heap: 434.9M(512.0M)->421.8M(512.0M)]
 [Times: user=0.01 sys=0.00, real=0.01 secs] 
1.026: [GC pause (G1 Humongous Allocation) (young) (initial-mark), 0.0029795 secs]
   [Parallel Time: 2.1 ms, GC Workers: 4]
      [GC Worker Start (ms): Min: 1026.1, Avg: 1026.2, Max: 1026.3, Diff: 0.2]
      [Ext Root Scanning (ms): Min: 0.0, Avg: 1.5, Max: 2.0, Diff: 2.0, Sum: 5.9]
      [Update RS (ms): Min: 0.0, Avg: 0.3, Max: 1.0, Diff: 1.0, Sum: 1.0]
         [Processed Buffers: Min: 0, Avg: 1.5, Max: 6, Diff: 6, Sum: 6]
      [Scan RS (ms): Min: 0.0, Avg: 0.0, Max: 0.0, Diff: 0.0, Sum: 0.0]
      [Code Root Scanning (ms): Min: 0.0, Avg: 0.0, Max: 0.0, Diff: 0.0, Sum: 0.0]
      [Object Copy (ms): Min: 0.0, Avg: 0.0, Max: 0.1, Diff: 0.1, Sum: 0.2]
      [Termination (ms): Min: 0.0, Avg: 0.2, Max: 0.7, Diff: 0.7, Sum: 0.8]
         [Termination Attempts: Min: 1, Avg: 1.0, Max: 1, Diff: 0, Sum: 4]
      [GC Worker Other (ms): Min: 0.0, Avg: 0.0, Max: 0.0, Diff: 0.0, Sum: 0.0]
      [GC Worker Total (ms): Min: 1.9, Avg: 2.0, Max: 2.1, Diff: 0.2, Sum: 8.0]
      [GC Worker End (ms): Min: 1028.2, Avg: 1028.2, Max: 1028.2, Diff: 0.0]
   [Code Root Fixup: 0.0 ms]
   [Code Root Purge: 0.0 ms]
   [Clear CT: 0.2 ms]
   [Other: 0.6 ms]
      [Choose CSet: 0.0 ms]
      [Ref Proc: 0.3 ms]
      [Ref Enq: 0.0 ms]
      [Redirty Cards: 0.2 ms]
      [Humongous Register: 0.0 ms]
      [Humongous Reclaim: 0.0 ms]
      [Free CSet: 0.0 ms]
   [Eden: 2048.0K(24576.0K)->0.0B(23552.0K) Survivors: 1024.0K->2048.0K Heap: 423.6M(512.0M)->421.8M(512.0M)]
 [Times: user=0.00 sys=0.00, real=0.00 secs] 
1.029: [GC concurrent-root-region-scan-start]
1.029: [GC concurrent-root-region-scan-end, 0.0000901 secs]
1.029: [GC concurrent-mark-start]
1.032: [GC concurrent-mark-end, 0.0030286 secs]
1.032: [GC remark 1.033: [Finalize Marking, 0.0004713 secs] 1.033: [GC ref-proc, 0.0001199 secs] 1.033: [Unloading, 0.0007243 secs], 0.0027739 secs]
 [Times: user=0.00 sys=0.00, real=0.00 secs] 
1.035: [GC cleanup 441M->441M(512M), 0.0012328 secs]
 [Times: user=0.00 sys=0.01, real=0.00 secs] 
1.038: [GC pause (G1 Humongous Allocation) (young) (to-space exhausted), 0.0034312 secs]
   [Parallel Time: 2.0 ms, GC Workers: 4]
      [GC Worker Start (ms): Min: 1038.0, Avg: 1038.1, Max: 1038.3, Diff: 0.3]
      [Ext Root Scanning (ms): Min: 0.0, Avg: 0.3, Max: 1.2, Diff: 1.1, Sum: 1.4]
      [Update RS (ms): Min: 0.0, Avg: 0.7, Max: 0.9, Diff: 0.9, Sum: 2.6]
         [Processed Buffers: Min: 0, Avg: 12.0, Max: 18, Diff: 18, Sum: 48]
      [Scan RS (ms): Min: 0.0, Avg: 0.0, Max: 0.0, Diff: 0.0, Sum: 0.0]
      [Code Root Scanning (ms): Min: 0.0, Avg: 0.0, Max: 0.0, Diff: 0.0, Sum: 0.0]
      [Object Copy (ms): Min: 0.0, Avg: 0.2, Max: 0.6, Diff: 0.6, Sum: 0.7]
      [Termination (ms): Min: 0.0, Avg: 0.5, Max: 0.7, Diff: 0.7, Sum: 1.9]
         [Termination Attempts: Min: 1, Avg: 1.0, Max: 1, Diff: 0, Sum: 4]
      [GC Worker Other (ms): Min: 0.0, Avg: 0.0, Max: 0.0, Diff: 0.0, Sum: 0.0]
      [GC Worker Total (ms): Min: 1.5, Avg: 1.7, Max: 1.8, Diff: 0.3, Sum: 6.7]
      [GC Worker End (ms): Min: 1039.8, Avg: 1039.8, Max: 1039.8, Diff: 0.1]
   [Code Root Fixup: 0.0 ms]
   [Code Root Purge: 0.0 ms]
   [Clear CT: 0.3 ms]
   [Other: 1.2 ms]
      [Evacuation Failure: 0.3 ms]
      [Choose CSet: 0.0 ms]
      [Ref Proc: 0.6 ms]
      [Ref Enq: 0.0 ms]
      [Redirty Cards: 0.2 ms]
      [Humongous Register: 0.1 ms]
      [Humongous Reclaim: 0.0 ms]
      [Free CSet: 0.0 ms]
   [Eden: 18432.0K(23552.0K)->0.0B(25600.0K) Survivors: 2048.0K->0.0B Heap: 444.6M(512.0M)->439.3M(512.0M)]
 [Times: user=0.01 sys=0.00, real=0.01 secs] 
1.042: [GC pause (G1 Evacuation Pause) (mixed) (to-space exhausted), 0.0024860 secs]
   [Parallel Time: 1.4 ms, GC Workers: 4]
      [GC Worker Start (ms): Min: 1042.6, Avg: 1042.7, Max: 1042.8, Diff: 0.2]
      [Ext Root Scanning (ms): Min: 0.1, Avg: 0.4, Max: 1.2, Diff: 1.1, Sum: 1.6]
      [Update RS (ms): Min: 0.0, Avg: 0.2, Max: 0.3, Diff: 0.3, Sum: 0.8]
         [Processed Buffers: Min: 0, Avg: 4.8, Max: 9, Diff: 9, Sum: 19]
      [Scan RS (ms): Min: 0.0, Avg: 0.1, Max: 0.1, Diff: 0.1, Sum: 0.2]
      [Code Root Scanning (ms): Min: 0.0, Avg: 0.0, Max: 0.0, Diff: 0.0, Sum: 0.0]
      [Object Copy (ms): Min: 0.0, Avg: 0.0, Max: 0.1, Diff: 0.1, Sum: 0.2]
      [Termination (ms): Min: 0.0, Avg: 0.4, Max: 0.6, Diff: 0.6, Sum: 1.7]
         [Termination Attempts: Min: 1, Avg: 1.0, Max: 1, Diff: 0, Sum: 4]
      [GC Worker Other (ms): Min: 0.0, Avg: 0.0, Max: 0.0, Diff: 0.0, Sum: 0.0]
      [GC Worker Total (ms): Min: 1.0, Avg: 1.1, Max: 1.2, Diff: 0.2, Sum: 4.5]
      [GC Worker End (ms): Min: 1043.8, Avg: 1043.8, Max: 1043.8, Diff: 0.0]
   [Code Root Fixup: 0.0 ms]
   [Code Root Purge: 0.0 ms]
   [Clear CT: 0.2 ms]
   [Other: 0.9 ms]
      [Evacuation Failure: 0.2 ms]
      [Choose CSet: 0.0 ms]
      [Ref Proc: 0.3 ms]
      [Ref Enq: 0.0 ms]
      [Redirty Cards: 0.2 ms]
      [Humongous Register: 0.1 ms]
      [Humongous Reclaim: 0.0 ms]
      [Free CSet: 0.0 ms]
   [Eden: 6144.0K(25600.0K)->0.0B(25600.0K) Survivors: 0.0B->0.0B Heap: 446.5M(512.0M)->444.8M(512.0M)]
 [Times: user=0.00 sys=0.00, real=0.00 secs] 
1.045: [GC pause (G1 Humongous Allocation) (mixed) (to-space exhausted), 0.0024834 secs]
   [Parallel Time: 1.2 ms, GC Workers: 4]
      [GC Worker Start (ms): Min: 1045.4, Avg: 1045.5, Max: 1045.5, Diff: 0.1]
      [Ext Root Scanning (ms): Min: 0.0, Avg: 0.3, Max: 0.9, Diff: 0.9, Sum: 1.1]
      [Update RS (ms): Min: 0.0, Avg: 0.1, Max: 0.1, Diff: 0.1, Sum: 0.3]
         [Processed Buffers: Min: 0, Avg: 2.2, Max: 4, Diff: 4, Sum: 9]
      [Scan RS (ms): Min: 0.0, Avg: 0.1, Max: 0.1, Diff: 0.1, Sum: 0.3]
      [Code Root Scanning (ms): Min: 0.0, Avg: 0.0, Max: 0.0, Diff: 0.0, Sum: 0.0]
      [Object Copy (ms): Min: 0.0, Avg: 0.0, Max: 0.1, Diff: 0.1, Sum: 0.2]
      [Termination (ms): Min: 0.0, Avg: 0.4, Max: 0.7, Diff: 0.7, Sum: 1.8]
         [Termination Attempts: Min: 1, Avg: 1.0, Max: 1, Diff: 0, Sum: 4]
      [GC Worker Other (ms): Min: 0.0, Avg: 0.0, Max: 0.0, Diff: 0.0, Sum: 0.0]
      [GC Worker Total (ms): Min: 0.8, Avg: 0.9, Max: 1.0, Diff: 0.1, Sum: 3.7]
      [GC Worker End (ms): Min: 1046.4, Avg: 1046.4, Max: 1046.4, Diff: 0.1]
   [Code Root Fixup: 0.0 ms]
   [Code Root Purge: 0.0 ms]
   [Clear CT: 0.2 ms]
   [Other: 1.1 ms]
      [Evacuation Failure: 0.2 ms]
      [Choose CSet: 0.0 ms]
      [Ref Proc: 0.7 ms]
      [Ref Enq: 0.0 ms]
      [Redirty Cards: 0.1 ms]
      [Humongous Register: 0.1 ms]
      [Humongous Reclaim: 0.0 ms]
      [Free CSet: 0.0 ms]
   [Eden: 2048.0K(25600.0K)->0.0B(25600.0K) Survivors: 0.0B->0.0B Heap: 446.7M(512.0M)->446.7M(512.0M)]
 [Times: user=0.01 sys=0.00, real=0.00 secs] 
1.048: [Full GC (Allocation Failure)  446M->341M(512M), 0.0485560 secs]
   [Eden: 0.0B(25600.0K)->0.0B(25600.0K) Survivors: 0.0B->0.0B Heap: 446.7M(512.0M)->341.7M(512.0M)], [Metaspace: 2827K->2827K(1056768K)]
 [Times: user=0.04 sys=0.00, real=0.05 secs] 
Heap
 garbage-first heap   total 524288K, used 350456K [0x00000000e0000000, 0x00000000e0101000, 0x0000000100000000)
  region size 1024K, 1 young (1024K), 0 survivors (0K)
 Metaspace       used 2833K, capacity 4486K, committed 4864K, reserved 1056768K
  class space    used 300K, capacity 386K, committed 512K, reserved 1048576K
