OpenJDK 64-Bit Server VM (25.272-b10) for linux-amd64 JRE (1.8.0_272-8u272-b10-0ubuntu1~18.04-b10), built on Oct 26 2020 02:23:20 by "buildd" with gcc 7.5.0
Memory: 4k page, physical 8162560k(3143284k free), swap 2097148k(2097148k free)
CommandLine flags: -XX:InitialHeapSize=4294967296 -XX:MaxHeapSize=4294967296 -XX:+PrintGC -XX:+PrintGCDetails -XX:+PrintGCTimeStamps -XX:+UseCompressedClassPointers -XX:+UseCompressedOops -XX:+UseParallelGC 
0.587: [GC (Allocation Failure) [PSYoungGen: 1048576K->174591K(1223168K)] 1048576K->230999K(4019712K), 0.0396256 secs] [Times: user=0.06 sys=0.10, real=0.04 secs] 
0.773: [GC (Allocation Failure) [PSYoungGen: 1223167K->174584K(1223168K)] 1279575K->366867K(4019712K), 0.0576437 secs] [Times: user=0.06 sys=0.12, real=0.05 secs] 
0.962: [GC (Allocation Failure) [PSYoungGen: 1223160K->174582K(1223168K)] 1415443K->495672K(4019712K), 0.0544997 secs] [Times: user=0.10 sys=0.06, real=0.05 secs] 
Heap
 PSYoungGen      total 1223168K, used 408472K [0x000000076ab00000, 0x00000007c0000000, 0x00000007c0000000)
  eden space 1048576K, 22% used [0x000000076ab00000,0x0000000778f68898,0x00000007aab00000)
  from space 174592K, 99% used [0x00000007aab00000,0x00000007b557d988,0x00000007b5580000)
  to   space 174592K, 0% used [0x00000007b5580000,0x00000007b5580000,0x00000007c0000000)
 ParOldGen       total 2796544K, used 321090K [0x00000006c0000000, 0x000000076ab00000, 0x000000076ab00000)
  object space 2796544K, 11% used [0x00000006c0000000,0x00000006d3990860,0x000000076ab00000)
 Metaspace       used 2833K, capacity 4486K, committed 4864K, reserved 1056768K
  class space    used 300K, capacity 386K, committed 512K, reserved 1048576K
