OpenJDK 64-Bit Server VM (25.272-b10) for linux-amd64 JRE (1.8.0_272-8u272-b10-0ubuntu1~18.04-b10), built on Oct 26 2020 02:23:20 by "buildd" with gcc 7.5.0
Memory: 4k page, physical 8162560k(3137364k free), swap 2097148k(2097148k free)
CommandLine flags: -XX:InitialHeapSize=2147483648 -XX:MaxHeapSize=2147483648 -XX:+PrintGC -XX:+PrintGCDetails -XX:+PrintGCTimeStamps -XX:+UseCompressedClassPointers -XX:+UseCompressedOops -XX:+UseSerialGC 
0.326: [GC (Allocation Failure) 0.326: [DefNew: 559232K->69888K(629120K), 0.0689090 secs] 559232K->143177K(2027264K), 0.0690028 secs] [Times: user=0.03 sys=0.04, real=0.07 secs] 
0.474: [GC (Allocation Failure) 0.474: [DefNew: 629120K->69887K(629120K), 0.0950890 secs] 702409K->273828K(2027264K), 0.0951875 secs] [Times: user=0.03 sys=0.07, real=0.09 secs] 
0.639: [GC (Allocation Failure) 0.639: [DefNew: 629119K->69887K(629120K), 0.0659817 secs] 833060K->392482K(2027264K), 0.0660741 secs] [Times: user=0.03 sys=0.03, real=0.07 secs] 
0.776: [GC (Allocation Failure) 0.776: [DefNew: 629119K->69887K(629120K), 0.0665252 secs] 951714K->512747K(2027264K), 0.0666217 secs] [Times: user=0.04 sys=0.04, real=0.07 secs] 
0.914: [GC (Allocation Failure) 0.914: [DefNew: 629119K->69888K(629120K), 0.0688511 secs] 1071979K->633571K(2027264K), 0.0689402 secs] [Times: user=0.04 sys=0.03, real=0.07 secs] 
Heap
 def new generation   total 629120K, used 629120K [0x0000000080000000, 0x00000000aaaa0000, 0x00000000aaaa0000)
  eden space 559232K, 100% used [0x0000000080000000, 0x00000000a2220000, 0x00000000a2220000)
  from space 69888K, 100% used [0x00000000a6660000, 0x00000000aaaa0000, 0x00000000aaaa0000)
  to   space 69888K,   0% used [0x00000000a2220000, 0x00000000a2220000, 0x00000000a6660000)
 tenured generation   total 1398144K, used 563683K [0x00000000aaaa0000, 0x0000000100000000, 0x0000000100000000)
   the space 1398144K,  40% used [0x00000000aaaa0000, 0x00000000cd118e90, 0x00000000cd119000, 0x0000000100000000)
 Metaspace       used 2833K, capacity 4486K, committed 4864K, reserved 1056768K
  class space    used 300K, capacity 386K, committed 512K, reserved 1048576K
